(' { "codigo": "389295.0", "data acervo": "22/07/2020", "uuid": "644a728a-6c78-11eb-88b7-87299a6e2374", "localizador": "none", "local coleta": "none", "armazenada": "Caeté", "local atual": "58GR38WM+X5", "sureg": "Goiânia", "caixa": "1112", "tipo": "Alíquota", "lote": "2030/GO", "projeto": "1082", "coletor": "JO", "natureza": "R", "numero": "0046", "opcional": "H", "amostra": "1082-JO-R-0046H", "labs_letra": "GFM", "labs_numero": "318", "labs_ident": "GFM318" } '),
(' { "codigo": "389296.0", "data acervo": "22/07/2020", "uuid": "644ad838-6c78-11eb-b920-a7ecef34d883", "localizador": "none", "local coleta": "none", "armazenada": "Caeté", "local atual": "58GR38WM+X5", "sureg": "Goiânia", "caixa": "1112", "tipo": "Alíquota", "lote": "1993/GO", "projeto": "1082", "coletor": "RL", "natureza": "R", "numero": "0055", "amostra": "1082-RL-R-0055", "labs_letra": "GFM", "labs_numero": "394", "labs_ident": "GFM394" } '),
(' { "codigo": "389297.0", "data acervo": "22/07/2020", "uuid": "644b2e82-6c78-11eb-87d8-9f32b66dceb5", "localizador": "none", "local coleta": "none", "armazenada": "Caeté", "local atual": "58GR38WM+X5", "sureg": "Goiânia", "caixa": "1112", "tipo": "Alíquota", "lote": "1994/GO", "projeto": "1082", "coletor": "RL", "natureza": "R", "numero": "0028", "amostra": "1082-RL-R-0028", "labs_letra": "GFM", "labs_numero": "395", "labs_ident": "GFM395" } '),
