(' { "codigo": "666298.0", "data acervo": "22/07/2020", "uuid": "0abb7c12-6c7a-11eb-b4f7-abbbbfd594a9", "localizador": "none", "local coleta": "none", "armazenada": "Caeté", "local atual": "58GR38WM+X5", "sureg": "Salvador", "caixa": "7095", "tipo": "Alíquota", "lote": "1828/SA", "projeto": "1008", "coletor": "HL", "natureza": "R", "numero": "0128", "opcional": "B", "amostra": "1008-HL-R-0128B", "labs_letra": "HEJ", "labs_numero": "752", "labs_ident": "HEJ752" } '),
(' { "codigo": "666299.0", "data acervo": "22/07/2020", "uuid": "0abbe062-6c7a-11eb-bf82-ebdff584d890", "localizador": "none", "local coleta": "none", "armazenada": "Caeté", "local atual": "58GR38WM+X5", "sureg": "Salvador", "caixa": "7095", "tipo": "Alíquota", "lote": "1828/SA", "projeto": "1008", "coletor": "HL", "natureza": "R", "numero": "0262", "amostra": "1008-HL-R-0262", "labs_letra": "HEJ", "labs_numero": "753", "labs_ident": "HEJ753" } '),
(' { "codigo": "666300.0", "data acervo": "22/07/2020", "uuid": "0abc43fe-6c7a-11eb-b777-4b0e53a56ea8", "localizador": "none", "local coleta": "none", "armazenada": "Caeté", "local atual": "58GR38WM+X5", "sureg": "Salvador", "caixa": "7095", "tipo": "Alíquota", "lote": "1828/SA", "projeto": "1008", "coletor": "HL", "natureza": "R", "numero": "0282", "opcional": "A", "amostra": "1008-HL-R-0282A", "labs_letra": "HEJ", "labs_numero": "754", "labs_ident": "HEJ754" } '),
(' { "codigo": "666301.0", "data acervo": "22/07/2020", "uuid": "0abca52e-6c7a-11eb-8e47-a7daa6b85055", "localizador": "none", "local coleta": "none", "armazenada": "Caeté", "local atual": "58GR38WM+X5", "sureg": "Salvador", "caixa": "7095", "tipo": "Alíquota", "lote": "1828/SA", "projeto": "1008", "coletor": "HL", "natureza": "R", "numero": "0282", "opcional": "B", "amostra": "1008-HL-R-0282B", "labs_letra": "HEJ", "labs_numero": "755", "labs_ident": "HEJ755" } '),
(' { "codigo": "666302.0", "data acervo": "22/07/2020", "uuid": "0abd0226-6c7a-11eb-b748-5fe0d4588a97", "localizador": "none", "local coleta": "none", "armazenada": "Caeté", "local atual": "58GR38WM+X5", "sureg": "Salvador", "caixa": "7095", "tipo": "Alíquota", "lote": "1828/SA", "projeto": "1008", "coletor": "HL", "natureza": "R", "numero": "0282", "opcional": "C", "amostra": "1008-HL-R-0282C", "labs_letra": "HEJ", "labs_numero": "756", "labs_ident": "HEJ756" } '),
(' { "codigo": "666303.0", "data acervo": "22/07/2020", "uuid": "0abd5d0c-6c7a-11eb-93fa-6faecfa50ce1", "localizador": "none", "local coleta": "none", "armazenada": "Caeté", "local atual": "58GR38WM+X5", "sureg": "Salvador", "caixa": "7095", "tipo": "Alíquota", "lote": "1828/SA", "projeto": "1008", "coletor": "LR", "natureza": "R", "numero": "0044", "opcional": "A", "amostra": "1008-LR-R-0044A", "labs_letra": "HEJ", "labs_numero": "757", "labs_ident": "HEJ757" } '),
(' { "codigo": "666304.0", "data acervo": "22/07/2020", "uuid": "0abdbdce-6c7a-11eb-9220-0b17ac08e4cc", "localizador": "none", "local coleta": "none", "armazenada": "Caeté", "local atual": "58GR38WM+X5", "sureg": "Salvador", "caixa": "7095", "tipo": "Alíquota", "lote": "1828/SA", "projeto": "1008", "coletor": "LR", "natureza": "R", "numero": "0044", "opcional": "B", "amostra": "1008-LR-R-0044B", "labs_letra": "HEJ", "labs_numero": "758", "labs_ident": "HEJ758" } '),
(' { "codigo": "666305.0", "data acervo": "22/07/2020", "uuid": "0abe2016-6c7a-11eb-a4bc-233430efcdb0", "localizador": "none", "local coleta": "none", "armazenada": "Caeté", "local atual": "58GR38WM+X5", "sureg": "Salvador", "caixa": "7095", "tipo": "Alíquota", "lote": "1828/SA", "projeto": "1008", "coletor": "LR", "natureza": "R", "numero": "0044", "opcional": "D", "amostra": "1008-LR-R-0044D", "labs_letra": "HEJ", "labs_numero": "759", "labs_ident": "HEJ759" } '),
(' { "codigo": "666306.0", "data acervo": "22/07/2020", "uuid": "0abe7e1c-6c7a-11eb-bea4-ab1596bdb077", "localizador": "none", "local coleta": "none", "armazenada": "Caeté", "local atual": "58GR38WM+X5", "sureg": "Salvador", "caixa": "7095", "tipo": "Alíquota", "lote": "1828/SA", "projeto": "1008", "coletor": "LR", "natureza": "R", "numero": "0044", "opcional": "E", "amostra": "1008-LR-R-0044E", "labs_letra": "HEJ", "labs_numero": "760", "labs_ident": "HEJ760" } '),
(' { "codigo": "666307.0", "data acervo": "22/07/2020", "uuid": "0abee0d2-6c7a-11eb-b197-8729a2e3924d", "localizador": "none", "local coleta": "none", "armazenada": "Caeté", "local atual": "58GR38WM+X5", "sureg": "Salvador", "caixa": "7095", "tipo": "Alíquota", "lote": "1828/SA", "projeto": "1008", "coletor": "LR", "natureza": "R", "numero": "0044", "opcional": "F", "amostra": "1008-LR-R-0044F", "labs_letra": "HEJ", "labs_numero": "761", "labs_ident": "HEJ761" } '),
(' { "codigo": "666308.0", "data acervo": "22/07/2020", "uuid": "0abf44aa-6c7a-11eb-8590-6b0dfb3eae64", "localizador": "none", "local coleta": "none", "armazenada": "Caeté", "local atual": "58GR38WM+X5", "sureg": "Salvador", "caixa": "7095", "tipo": "Alíquota", "lote": "1828/SA", "projeto": "1008", "coletor": "LR", "natureza": "R", "numero": "0044", "opcional": "I", "amostra": "1008-LR-R-0044I", "labs_letra": "HEJ", "labs_numero": "762", "labs_ident": "HEJ762" } '),
(' { "codigo": "666309.0", "data acervo": "22/07/2020", "uuid": "0abfaf76-6c7a-11eb-9924-035a59aaebf9", "localizador": "none", "local coleta": "none", "armazenada": "Caeté", "local atual": "58GR38WM+X5", "sureg": "Salvador", "caixa": "7095", "tipo": "Alíquota", "lote": "1828/SA", "projeto": "1008", "coletor": "LR", "natureza": "R", "numero": "0045", "opcional": "H", "amostra": "1008-LR-R-0045H", "labs_letra": "HEJ", "labs_numero": "763", "labs_ident": "HEJ763" } '),
(' { "codigo": "666310.0", "data acervo": "22/07/2020", "uuid": "0ac00a20-6c7a-11eb-8dd6-773e66ec1812", "localizador": "none", "local coleta": "none", "armazenada": "Caeté", "local atual": "58GR38WM+X5", "sureg": "Salvador", "caixa": "7095", "tipo": "Alíquota", "lote": "1828/SA", "projeto": "1008", "coletor": "LR", "natureza": "R", "numero": "0046", "opcional": "B", "amostra": "1008-LR-R-0046B", "labs_letra": "HEJ", "labs_numero": "764", "labs_ident": "HEJ764" } '),
(' { "codigo": "666311.0", "data acervo": "22/07/2020", "uuid": "0ac0601a-6c7a-11eb-b622-672bafc8b663", "localizador": "none", "local coleta": "none", "armazenada": "Caeté", "local atual": "58GR38WM+X5", "sureg": "Salvador", "caixa": "7095", "tipo": "Alíquota", "lote": "1828/SA", "projeto": "1008", "coletor": "LR", "natureza": "R", "numero": "0048", "opcional": "C", "amostra": "1008-LR-R-0048C", "labs_letra": "HEJ", "labs_numero": "765", "labs_ident": "HEJ765" } '),
(' { "codigo": "666312.0", "data acervo": "22/07/2020", "uuid": "0ac0b9b6-6c7a-11eb-aae7-9fa1b838f153", "localizador": "none", "local coleta": "none", "armazenada": "Caeté", "local atual": "58GR38WM+X5", "sureg": "Salvador", "caixa": "7095", "tipo": "Alíquota", "lote": "1828/SA", "projeto": "1008", "coletor": "LR", "natureza": "R", "numero": "0049", "opcional": "E", "amostra": "1008-LR-R-0049E", "labs_letra": "HEJ", "labs_numero": "766", "labs_ident": "HEJ766" } '),
(' { "codigo": "666313.0", "data acervo": "22/07/2020", "uuid": "0ac11942-6c7a-11eb-abfc-5b9289a53809", "localizador": "none", "local coleta": "none", "armazenada": "Caeté", "local atual": "58GR38WM+X5", "sureg": "Salvador", "caixa": "7095", "tipo": "Alíquota", "lote": "1828/SA", "projeto": "1008", "coletor": "LR", "natureza": "R", "numero": "0049", "opcional": "F", "amostra": "1008-LR-R-0049F", "labs_letra": "HEJ", "labs_numero": "767", "labs_ident": "HEJ767" } '),
(' { "codigo": "666314.0", "data acervo": "22/07/2020", "uuid": "0ac17e6e-6c7a-11eb-ab3e-4fc9717ef6de", "localizador": "none", "local coleta": "none", "armazenada": "Caeté", "local atual": "58GR38WM+X5", "sureg": "Salvador", "caixa": "7095", "tipo": "Alíquota", "lote": "1829/SA", "projeto": "1008", "coletor": "HL", "natureza": "R", "numero": "0014", "opcional": "B", "amostra": "1008-HL-R-0014B", "labs_letra": "HEJ", "labs_numero": "768", "labs_ident": "HEJ768" } '),
(' { "codigo": "666315.0", "data acervo": "22/07/2020", "uuid": "0ac1e64c-6c7a-11eb-8e70-b7430049b9d8", "localizador": "none", "local coleta": "none", "armazenada": "Caeté", "local atual": "58GR38WM+X5", "sureg": "Salvador", "caixa": "7095", "tipo": "Alíquota", "lote": "1829/SA", "projeto": "1008", "coletor": "HL", "natureza": "R", "numero": "0021", "amostra": "1008-HL-R-0021", "labs_letra": "HEJ", "labs_numero": "769", "labs_ident": "HEJ769" } '),
(' { "codigo": "666316.0", "data acervo": "22/07/2020", "uuid": "0ac24600-6c7a-11eb-b662-37bb9044ba60", "localizador": "none", "local coleta": "none", "armazenada": "Caeté", "local atual": "58GR38WM+X5", "sureg": "Salvador", "caixa": "7095", "tipo": "Alíquota", "lote": "1829/SA", "projeto": "1008", "coletor": "HL", "natureza": "R", "numero": "0059", "amostra": "1008-HL-R-0059", "labs_letra": "HEJ", "labs_numero": "770", "labs_ident": "HEJ770" } '),
(' { "codigo": "666317.0", "data acervo": "22/07/2020", "uuid": "0ac2a744-6c7a-11eb-b7c8-0773635afcb8", "localizador": "none", "local coleta": "none", "armazenada": "Caeté", "local atual": "58GR38WM+X5", "sureg": "Salvador", "caixa": "7095", "tipo": "Alíquota", "lote": "1829/SA", "projeto": "1008", "coletor": "HL", "natureza": "R", "numero": "0060", "amostra": "1008-HL-R-0060", "labs_letra": "HEJ", "labs_numero": "771", "labs_ident": "HEJ771" } '),
(' { "codigo": "666318.0", "data acervo": "22/07/2020", "uuid": "0ac30d88-6c7a-11eb-80cf-83328a364354", "localizador": "none", "local coleta": "none", "armazenada": "Caeté", "local atual": "58GR38WM+X5", "sureg": "Salvador", "caixa": "7095", "tipo": "Alíquota", "lote": "1829/SA", "projeto": "1008", "coletor": "HL", "natureza": "R", "numero": "0066", "amostra": "1008-HL-R-0066", "labs_letra": "HEJ", "labs_numero": "772", "labs_ident": "HEJ772" } '),
(' { "codigo": "666319.0", "data acervo": "22/07/2020", "uuid": "0ac36fa8-6c7a-11eb-9f5b-97fb0fc1a235", "localizador": "none", "local coleta": "none", "armazenada": "Caeté", "local atual": "58GR38WM+X5", "sureg": "Salvador", "caixa": "7095", "tipo": "Alíquota", "lote": "1829/SA", "projeto": "1008", "coletor": "HL", "natureza": "R", "numero": "0067", "amostra": "1008-HL-R-0067", "labs_letra": "HEJ", "labs_numero": "773", "labs_ident": "HEJ773" } '),
(' { "codigo": "666320.0", "data acervo": "22/07/2020", "uuid": "0ac3da24-6c7a-11eb-9a0b-4bf40ff9c850", "localizador": "none", "local coleta": "none", "armazenada": "Caeté", "local atual": "58GR38WM+X5", "sureg": "Salvador", "caixa": "7095", "tipo": "Alíquota", "lote": "1829/SA", "projeto": "1008", "coletor": "HL", "natureza": "R", "numero": "0104", "opcional": "A", "amostra": "1008-HL-R-0104A", "labs_letra": "HEJ", "labs_numero": "774", "labs_ident": "HEJ774" } '),
(' { "codigo": "666321.0", "data acervo": "22/07/2020", "uuid": "0ac43f1e-6c7a-11eb-977d-6b56562c65fd", "localizador": "none", "local coleta": "none", "armazenada": "Caeté", "local atual": "58GR38WM+X5", "sureg": "Salvador", "caixa": "7095", "tipo": "Alíquota", "lote": "1829/SA", "projeto": "1008", "coletor": "HL", "natureza": "R", "numero": "0104", "opcional": "B", "amostra": "1008-HL-R-0104B", "labs_letra": "HEJ", "labs_numero": "775", "labs_ident": "HEJ775" } '),
(' { "codigo": "666322.0", "data acervo": "22/07/2020", "uuid": "0ac4ab48-6c7a-11eb-9582-6bb2bd2ecf54", "localizador": "none", "local coleta": "none", "armazenada": "Caeté", "local atual": "58GR38WM+X5", "sureg": "Salvador", "caixa": "7095", "tipo": "Alíquota", "lote": "1829/SA", "projeto": "1008", "coletor": "HL", "natureza": "R", "numero": "0104", "opcional": "C", "amostra": "1008-HL-R-0104C", "labs_letra": "HEJ", "labs_numero": "776", "labs_ident": "HEJ776" } '),
(' { "codigo": "666323.0", "data acervo": "22/07/2020", "uuid": "0ac50462-6c7a-11eb-9b5b-d79ed3e3280b", "localizador": "none", "local coleta": "none", "armazenada": "Caeté", "local atual": "58GR38WM+X5", "sureg": "Salvador", "caixa": "7095", "tipo": "Alíquota", "lote": "1829/SA", "projeto": "1008", "coletor": "HL", "natureza": "R", "numero": "0106", "opcional": "A", "amostra": "1008-HL-R-0106A", "labs_letra": "HEJ", "labs_numero": "777", "labs_ident": "HEJ777" } '),
(' { "codigo": "666324.0", "data acervo": "22/07/2020", "uuid": "0ac56c90-6c7a-11eb-9cfa-6f4baae589d9", "localizador": "none", "local coleta": "none", "armazenada": "Caeté", "local atual": "58GR38WM+X5", "sureg": "Salvador", "caixa": "7095", "tipo": "Alíquota", "lote": "1829/SA", "projeto": "1008", "coletor": "HL", "natureza": "R", "numero": "0106", "opcional": "B", "amostra": "1008-HL-R-0106B", "labs_letra": "HEJ", "labs_numero": "778", "labs_ident": "HEJ778" } '),
(' { "codigo": "666325.0", "data acervo": "22/07/2020", "uuid": "0ac5cca8-6c7a-11eb-812b-935a20918b3b", "localizador": "none", "local coleta": "none", "armazenada": "Caeté", "local atual": "58GR38WM+X5", "sureg": "Salvador", "caixa": "7095", "tipo": "Alíquota", "lote": "1829/SA", "projeto": "1008", "coletor": "HL", "natureza": "R", "numero": "0106", "opcional": "C", "amostra": "1008-HL-R-0106C", "labs_letra": "HEJ", "labs_numero": "779", "labs_ident": "HEJ779" } '),
(' { "codigo": "666326.0", "data acervo": "22/07/2020", "uuid": "0ac63486-6c7a-11eb-8edb-27e7435ac406", "localizador": "none", "local coleta": "none", "armazenada": "Caeté", "local atual": "58GR38WM+X5", "sureg": "Salvador", "caixa": "7095", "tipo": "Alíquota", "lote": "1829/SA", "projeto": "1008", "coletor": "HL", "natureza": "R", "numero": "0210", "opcional": "B", "amostra": "1008-HL-R-0210B", "labs_letra": "HEJ", "labs_numero": "780", "labs_ident": "HEJ780" } '),
(' { "codigo": "666327.0", "data acervo": "22/07/2020", "uuid": "0ac69d72-6c7a-11eb-96ea-5b8c171bdb00", "localizador": "none", "local coleta": "none", "armazenada": "Caeté", "local atual": "58GR38WM+X5", "sureg": "Salvador", "caixa": "7095", "tipo": "Alíquota", "lote": "1829/SA", "projeto": "1008", "coletor": "HL", "natureza": "R", "numero": "0225", "amostra": "1008-HL-R-0225", "labs_letra": "HEJ", "labs_numero": "781", "labs_ident": "HEJ781" } '),
(' { "codigo": "666328.0", "data acervo": "22/07/2020", "uuid": "0ac70514-6c7a-11eb-92fd-6fc79174e853", "localizador": "none", "local coleta": "none", "armazenada": "Caeté", "local atual": "58GR38WM+X5", "sureg": "Salvador", "caixa": "7095", "tipo": "Alíquota", "lote": "1830/SA", "projeto": "1008", "coletor": "HL", "natureza": "R", "numero": "0005", "amostra": "1008-HL-R-0005", "labs_letra": "HEJ", "labs_numero": "782", "labs_ident": "HEJ782" } '),
(' { "codigo": "666329.0", "data acervo": "22/07/2020", "uuid": "0ac76d4c-6c7a-11eb-8f73-0f2b0ede3ad5", "localizador": "none", "local coleta": "none", "armazenada": "Caeté", "local atual": "58GR38WM+X5", "sureg": "Salvador", "caixa": "7095", "tipo": "Alíquota", "lote": "1830/SA", "projeto": "1008", "coletor": "HL", "natureza": "R", "numero": "0008", "amostra": "1008-HL-R-0008", "labs_letra": "HEJ", "labs_numero": "783", "labs_ident": "HEJ783" } '),
(' { "codigo": "666330.0", "data acervo": "22/07/2020", "uuid": "0ac7d912-6c7a-11eb-b98e-87fc3c459bcf", "localizador": "none", "local coleta": "none", "armazenada": "Caeté", "local atual": "58GR38WM+X5", "sureg": "Salvador", "caixa": "7095", "tipo": "Alíquota", "lote": "1830/SA", "projeto": "1008", "coletor": "HL", "natureza": "R", "numero": "0014", "opcional": "A", "amostra": "1008-HL-R-0014A", "labs_letra": "HEJ", "labs_numero": "784", "labs_ident": "HEJ784" } '),
(' { "codigo": "666331.0", "data acervo": "22/07/2020", "uuid": "0ac8410e-6c7a-11eb-8c7c-5f3eef94294c", "localizador": "none", "local coleta": "none", "armazenada": "Caeté", "local atual": "58GR38WM+X5", "sureg": "Salvador", "caixa": "7095", "tipo": "Alíquota", "lote": "1830/SA", "projeto": "1008", "coletor": "HL", "natureza": "R", "numero": "0018", "amostra": "1008-HL-R-0018", "labs_letra": "HEJ", "labs_numero": "785", "labs_ident": "HEJ785" } '),
(' { "codigo": "666332.0", "data acervo": "22/07/2020", "uuid": "0ac89e60-6c7a-11eb-af0e-17b5dca26861", "localizador": "none", "local coleta": "none", "armazenada": "Caeté", "local atual": "58GR38WM+X5", "sureg": "Salvador", "caixa": "7095", "tipo": "Alíquota", "lote": "1830/SA", "projeto": "1008", "coletor": "HL", "natureza": "R", "numero": "0038", "amostra": "1008-HL-R-0038", "labs_letra": "HEJ", "labs_numero": "786", "labs_ident": "HEJ786" } '),
(' { "codigo": "666333.0", "data acervo": "22/07/2020", "uuid": "0ac8f7b6-6c7a-11eb-8a7a-cf3b44f60132", "localizador": "none", "local coleta": "none", "armazenada": "Caeté", "local atual": "58GR38WM+X5", "sureg": "Salvador", "caixa": "7095", "tipo": "Alíquota", "lote": "1830/SA", "projeto": "1008", "coletor": "HL", "natureza": "R", "numero": "0046", "amostra": "1008-HL-R-0046", "labs_letra": "HEJ", "labs_numero": "787", "labs_ident": "HEJ787" } '),
(' { "codigo": "666334.0", "data acervo": "22/07/2020", "uuid": "0ac962a0-6c7a-11eb-af8d-f786452e0376", "localizador": "none", "local coleta": "none", "armazenada": "Caeté", "local atual": "58GR38WM+X5", "sureg": "Salvador", "caixa": "7095", "tipo": "Alíquota", "lote": "1830/SA", "projeto": "1008", "coletor": "HL", "natureza": "R", "numero": "0048", "amostra": "1008-HL-R-0048", "labs_letra": "HEJ", "labs_numero": "788", "labs_ident": "HEJ788" } '),
(' { "codigo": "666335.0", "data acervo": "22/07/2020", "uuid": "0ac9b9bc-6c7a-11eb-afcb-5369c3adad4b", "localizador": "none", "local coleta": "none", "armazenada": "Caeté", "local atual": "58GR38WM+X5", "sureg": "Salvador", "caixa": "7095", "tipo": "Alíquota", "lote": "1830/SA", "projeto": "1008", "coletor": "HL", "natureza": "R", "numero": "0051", "amostra": "1008-HL-R-0051", "labs_letra": "HEJ", "labs_numero": "789", "labs_ident": "HEJ789" } '),
(' { "codigo": "666336.0", "data acervo": "22/07/2020", "uuid": "0aca1786-6c7a-11eb-ba43-6f927902c7a0", "localizador": "none", "local coleta": "none", "armazenada": "Caeté", "local atual": "58GR38WM+X5", "sureg": "Salvador", "caixa": "7095", "tipo": "Alíquota", "lote": "1830/SA", "projeto": "1008", "coletor": "HL", "natureza": "R", "numero": "0054", "amostra": "1008-HL-R-0054", "labs_letra": "HEJ", "labs_numero": "790", "labs_ident": "HEJ790" } '),
(' { "codigo": "666337.0", "data acervo": "22/07/2020", "uuid": "0aca773a-6c7a-11eb-b987-6feb82b64e8e", "localizador": "none", "local coleta": "none", "armazenada": "Caeté", "local atual": "58GR38WM+X5", "sureg": "Salvador", "caixa": "7095", "tipo": "Alíquota", "lote": "1830/SA", "projeto": "1008", "coletor": "HL", "natureza": "R", "numero": "0092", "amostra": "1008-HL-R-0092", "labs_letra": "HEJ", "labs_numero": "791", "labs_ident": "HEJ791" } '),
(' { "codigo": "666338.0", "data acervo": "22/07/2020", "uuid": "0acad84c-6c7a-11eb-8d17-f79dc704105a", "localizador": "none", "local coleta": "none", "armazenada": "Caeté", "local atual": "58GR38WM+X5", "sureg": "Salvador", "caixa": "7095", "tipo": "Alíquota", "lote": "1830/SA", "projeto": "1008", "coletor": "HL", "natureza": "R", "numero": "0172", "amostra": "1008-HL-R-0172", "labs_letra": "HEJ", "labs_numero": "792", "labs_ident": "HEJ792" } '),
(' { "codigo": "666339.0", "data acervo": "22/07/2020", "uuid": "0acb3fe4-6c7a-11eb-b13d-ab6e53a26903", "localizador": "none", "local coleta": "none", "armazenada": "Caeté", "local atual": "58GR38WM+X5", "sureg": "Salvador", "caixa": "7095", "tipo": "Alíquota", "lote": "1830/SA", "projeto": "1008", "coletor": "HL", "natureza": "R", "numero": "0174", "amostra": "1008-HL-R-0174", "labs_letra": "HEJ", "labs_numero": "793", "labs_ident": "HEJ793" } '),
(' { "codigo": "666340.0", "data acervo": "22/07/2020", "uuid": "0acba61e-6c7a-11eb-8ee4-5f58134b7403", "localizador": "none", "local coleta": "none", "armazenada": "Caeté", "local atual": "58GR38WM+X5", "sureg": "Salvador", "caixa": "7095", "tipo": "Alíquota", "lote": "1830/SA", "projeto": "1008", "coletor": "HL", "natureza": "R", "numero": "0175", "amostra": "1008-HL-R-0175", "labs_letra": "HEJ", "labs_numero": "794", "labs_ident": "HEJ794" } '),
(' { "codigo": "666341.0", "data acervo": "22/07/2020", "uuid": "0acc0c94-6c7a-11eb-81fe-af23c8e04526", "localizador": "none", "local coleta": "none", "armazenada": "Caeté", "local atual": "58GR38WM+X5", "sureg": "Salvador", "caixa": "7095", "tipo": "Alíquota", "lote": "1830/SA", "projeto": "1008", "coletor": "HL", "natureza": "R", "numero": "0180", "opcional": "A", "amostra": "1008-HL-R-0180A", "labs_letra": "HEJ", "labs_numero": "795", "labs_ident": "HEJ795" } '),
(' { "codigo": "666342.0", "data acervo": "22/07/2020", "uuid": "0acc70da-6c7a-11eb-a277-6b6a0fb59708", "localizador": "none", "local coleta": "none", "armazenada": "Caeté", "local atual": "58GR38WM+X5", "sureg": "Salvador", "caixa": "7095", "tipo": "Alíquota", "lote": "1830/SA", "projeto": "1008", "coletor": "HL", "natureza": "R", "numero": "0180", "opcional": "B", "amostra": "1008-HL-R-0180B", "labs_letra": "HEJ", "labs_numero": "796", "labs_ident": "HEJ796" } '),
(' { "codigo": "666343.0", "data acervo": "22/07/2020", "uuid": "0accd7e6-6c7a-11eb-a773-23457973249c", "localizador": "none", "local coleta": "none", "armazenada": "Caeté", "local atual": "58GR38WM+X5", "sureg": "Salvador", "caixa": "7095", "tipo": "Alíquota", "lote": "1830/SA", "projeto": "1008", "coletor": "HL", "natureza": "R", "numero": "0210", "opcional": "A", "amostra": "1008-HL-R-0210A", "labs_letra": "HEJ", "labs_numero": "797", "labs_ident": "HEJ797" } '),
(' { "codigo": "666344.0", "data acervo": "22/07/2020", "uuid": "0acd2f16-6c7a-11eb-9422-5b04ce351f4b", "localizador": "none", "local coleta": "none", "armazenada": "Caeté", "local atual": "58GR38WM+X5", "sureg": "Salvador", "caixa": "7095", "tipo": "Alíquota", "lote": "1830/SA", "projeto": "1008", "coletor": "HL", "natureza": "R", "numero": "0128", "opcional": "A", "amostra": "1008-HL-R-0128A", "labs_letra": "HEJ", "labs_numero": "798", "labs_ident": "HEJ798" } '),
(' { "codigo": "666345.0", "data acervo": "22/07/2020", "uuid": "0acd8eac-6c7a-11eb-b1bd-a78deca1e7b3", "localizador": "none", "local coleta": "none", "armazenada": "Caeté", "local atual": "58GR38WM+X5", "sureg": "Salvador", "caixa": "7095", "tipo": "Alíquota", "lote": "1830/SA", "projeto": "1008", "coletor": "HL", "natureza": "R", "numero": "0274", "amostra": "1008-HL-R-0274", "labs_letra": "HEJ", "labs_numero": "799", "labs_ident": "HEJ799" } '),
(' { "codigo": "666346.0", "data acervo": "22/07/2020", "uuid": "0acdf6bc-6c7a-11eb-8c38-b32049b59f30", "localizador": "none", "local coleta": "none", "armazenada": "Caeté", "local atual": "58GR38WM+X5", "sureg": "Salvador", "caixa": "7095", "tipo": "Alíquota", "lote": "1830/SA", "projeto": "1008", "coletor": "HL", "natureza": "R", "numero": "0275", "amostra": "1008-HL-R-0275", "labs_letra": "HEJ", "labs_numero": "800", "labs_ident": "HEJ800" } '),
(' { "codigo": "666347.0", "data acervo": "22/07/2020", "uuid": "0ace5030-6c7a-11eb-87b8-8b93f23fb38a", "localizador": "none", "local coleta": "none", "armazenada": "Caeté", "local atual": "58GR38WM+X5", "sureg": "Salvador", "caixa": "7095", "tipo": "Alíquota", "lote": "1830/SA", "projeto": "1008", "coletor": "HL", "natureza": "R", "numero": "0277", "amostra": "1008-HL-R-0277", "labs_letra": "HEJ", "labs_numero": "801", "labs_ident": "HEJ801" } '),
(' { "codigo": "666348.0", "data acervo": "22/07/2020", "uuid": "0aceb408-6c7a-11eb-8272-ff19ff124e02", "localizador": "none", "local coleta": "none", "armazenada": "Caeté", "local atual": "58GR38WM+X5", "sureg": "Salvador", "caixa": "7096", "tipo": "Alíquota", "lote": "1830/SA", "projeto": "1008", "coletor": "HL", "natureza": "R", "numero": "0278", "amostra": "1008-HL-R-0278", "labs_letra": "HEJ", "labs_numero": "802", "labs_ident": "HEJ802" } '),
(' { "codigo": "666349.0", "data acervo": "22/07/2020", "uuid": "0acf195c-6c7a-11eb-8985-978c7adda031", "localizador": "none", "local coleta": "none", "armazenada": "Caeté", "local atual": "58GR38WM+X5", "sureg": "Salvador", "caixa": "7096", "tipo": "Alíquota", "lote": "1830/SA", "projeto": "1008", "coletor": "LR", "natureza": "R", "numero": "0044", "opcional": "C", "amostra": "1008-LR-R-0044C", "labs_letra": "HEJ", "labs_numero": "803", "labs_ident": "HEJ803" } '),
(' { "codigo": "666350.0", "data acervo": "22/07/2020", "uuid": "0acf7802-6c7a-11eb-8ebf-2f3789b4ea12", "localizador": "none", "local coleta": "none", "armazenada": "Caeté", "local atual": "58GR38WM+X5", "sureg": "Salvador", "caixa": "7096", "tipo": "Alíquota", "lote": "1830/SA", "projeto": "1008", "coletor": "LR", "natureza": "R", "numero": "0044", "opcional": "G", "amostra": "1008-LR-R-0044G", "labs_letra": "HEJ", "labs_numero": "804", "labs_ident": "HEJ804" } '),
(' { "codigo": "666351.0", "data acervo": "22/07/2020", "uuid": "0acfd68a-6c7a-11eb-8d54-8b2b75a1a26e", "localizador": "none", "local coleta": "none", "armazenada": "Caeté", "local atual": "58GR38WM+X5", "sureg": "Salvador", "caixa": "7096", "tipo": "Alíquota", "lote": "1830/SA", "projeto": "1008", "coletor": "LR", "natureza": "R", "numero": "0044", "opcional": "H", "amostra": "1008-LR-R-0044H", "labs_letra": "HEJ", "labs_numero": "805", "labs_ident": "HEJ805" } '),
(' { "codigo": "666352.0", "data acervo": "22/07/2020", "uuid": "0ad03e04-6c7a-11eb-b74c-fba332b2f5c7", "localizador": "none", "local coleta": "none", "armazenada": "Caeté", "local atual": "58GR38WM+X5", "sureg": "Salvador", "caixa": "7096", "tipo": "Alíquota", "lote": "1830/SA", "projeto": "1008", "coletor": "LR", "natureza": "R", "numero": "0044", "opcional": "J", "amostra": "1008-LR-R-0044J", "labs_letra": "HEJ", "labs_numero": "806", "labs_ident": "HEJ806" } '),
(' { "codigo": "666353.0", "data acervo": "22/07/2020", "uuid": "0ad0a18c-6c7a-11eb-9bfa-3375e9086f21", "localizador": "none", "local coleta": "none", "armazenada": "Caeté", "local atual": "58GR38WM+X5", "sureg": "Salvador", "caixa": "7096", "tipo": "Alíquota", "lote": "1830/SA", "projeto": "1008", "coletor": "LR", "natureza": "R", "numero": "0044", "opcional": "K", "amostra": "1008-LR-R-0044K", "labs_letra": "HEJ", "labs_numero": "807", "labs_ident": "HEJ807" } '),
(' { "codigo": "666354.0", "data acervo": "22/07/2020", "uuid": "0ad10a8c-6c7a-11eb-b755-8fd5cbce6451", "localizador": "none", "local coleta": "none", "armazenada": "Caeté", "local atual": "58GR38WM+X5", "sureg": "Salvador", "caixa": "7096", "tipo": "Alíquota", "lote": "1830/SA", "projeto": "1008", "coletor": "LR", "natureza": "R", "numero": "0044", "opcional": "L", "amostra": "1008-LR-R-0044L", "labs_letra": "HEJ", "labs_numero": "808", "labs_ident": "HEJ808" } '),
(' { "codigo": "666355.0", "data acervo": "22/07/2020", "uuid": "0ad17788-6c7a-11eb-81d7-4fcc02c4c840", "localizador": "none", "local coleta": "none", "armazenada": "Caeté", "local atual": "58GR38WM+X5", "sureg": "Salvador", "caixa": "7096", "tipo": "Alíquota", "lote": "1830/SA", "projeto": "1008", "coletor": "LR", "natureza": "R", "numero": "0045", "opcional": "B", "amostra": "1008-LR-R-0045B", "labs_letra": "HEJ", "labs_numero": "809", "labs_ident": "HEJ809" } '),
(' { "codigo": "666356.0", "data acervo": "22/07/2020", "uuid": "0ad1e2f4-6c7a-11eb-a61a-6f4c48bb7117", "localizador": "none", "local coleta": "none", "armazenada": "Caeté", "local atual": "58GR38WM+X5", "sureg": "Salvador", "caixa": "7096", "tipo": "Alíquota", "lote": "1830/SA", "projeto": "1008", "coletor": "LR", "natureza": "R", "numero": "0045", "opcional": "C", "amostra": "1008-LR-R-0045C", "labs_letra": "HEJ", "labs_numero": "810", "labs_ident": "HEJ810" } '),
(' { "codigo": "666357.0", "data acervo": "22/07/2020", "uuid": "0ad24848-6c7a-11eb-bdcb-ef7dd9dec444", "localizador": "none", "local coleta": "none", "armazenada": "Caeté", "local atual": "58GR38WM+X5", "sureg": "Salvador", "caixa": "7096", "tipo": "Alíquota", "lote": "1830/SA", "projeto": "1008", "coletor": "LR", "natureza": "R", "numero": "0046", "opcional": "A", "amostra": "1008-LR-R-0046A", "labs_letra": "HEJ", "labs_numero": "811", "labs_ident": "HEJ811" } '),
(' { "codigo": "666358.0", "data acervo": "22/07/2020", "uuid": "0ad2b01c-6c7a-11eb-9df3-4f88b90f4644", "localizador": "none", "local coleta": "none", "armazenada": "Caeté", "local atual": "58GR38WM+X5", "sureg": "Salvador", "caixa": "7096", "tipo": "Alíquota", "lote": "1830/SA", "projeto": "1008", "coletor": "LR", "natureza": "R", "numero": "0047", "amostra": "1008-LR-R-0047", "labs_letra": "HEJ", "labs_numero": "812", "labs_ident": "HEJ812" } '),
(' { "codigo": "666359.0", "data acervo": "22/07/2020", "uuid": "0ad30ad0-6c7a-11eb-86de-83f44b86e8d5", "localizador": "none", "local coleta": "none", "armazenada": "Caeté", "local atual": "58GR38WM+X5", "sureg": "Salvador", "caixa": "7096", "tipo": "Alíquota", "lote": "1830/SA", "projeto": "1008", "coletor": "LR", "natureza": "R", "numero": "0048", "opcional": "A", "amostra": "1008-LR-R-0048A", "labs_letra": "HEJ", "labs_numero": "813", "labs_ident": "HEJ813" } '),
(' { "codigo": "666360.0", "data acervo": "22/07/2020", "uuid": "0ad36034-6c7a-11eb-b8a0-0fbb6103967c", "localizador": "none", "local coleta": "none", "armazenada": "Caeté", "local atual": "58GR38WM+X5", "sureg": "Salvador", "caixa": "7096", "tipo": "Alíquota", "lote": "1830/SA", "projeto": "1008", "coletor": "LR", "natureza": "R", "numero": "0048", "opcional": "B", "amostra": "1008-LR-R-0048B", "labs_letra": "HEJ", "labs_numero": "814", "labs_ident": "HEJ814" } '),
(' { "codigo": "666361.0", "data acervo": "22/07/2020", "uuid": "0ad3c056-6c7a-11eb-93d8-9f3ef282889a", "localizador": "none", "local coleta": "none", "armazenada": "Caeté", "local atual": "58GR38WM+X5", "sureg": "Salvador", "caixa": "7096", "tipo": "Alíquota", "lote": "1830/SA", "projeto": "1008", "coletor": "LR", "natureza": "R", "numero": "0049", "opcional": "A", "amostra": "1008-LR-R-0049A", "labs_letra": "HEJ", "labs_numero": "815", "labs_ident": "HEJ815" } '),
(' { "codigo": "666362.0", "data acervo": "22/07/2020", "uuid": "0ad42528-6c7a-11eb-acf3-4bc538e2aa5c", "localizador": "none", "local coleta": "none", "armazenada": "Caeté", "local atual": "58GR38WM+X5", "sureg": "Salvador", "caixa": "7096", "tipo": "Alíquota", "lote": "1830/SA", "projeto": "1008", "coletor": "LR", "natureza": "R", "numero": "0049", "opcional": "B", "amostra": "1008-LR-R-0049B", "labs_letra": "HEJ", "labs_numero": "816", "labs_ident": "HEJ816" } '),
(' { "codigo": "666363.0", "data acervo": "22/07/2020", "uuid": "0ad48a9a-6c7a-11eb-a918-773c354580c3", "localizador": "none", "local coleta": "none", "armazenada": "Caeté", "local atual": "58GR38WM+X5", "sureg": "Salvador", "caixa": "7096", "tipo": "Alíquota", "lote": "1830/SA", "projeto": "1008", "coletor": "LR", "natureza": "R", "numero": "0049", "opcional": "C", "amostra": "1008-LR-R-0049C", "labs_letra": "HEJ", "labs_numero": "817", "labs_ident": "HEJ817" } '),
(' { "codigo": "666364.0", "data acervo": "22/07/2020", "uuid": "0ad4efda-6c7a-11eb-8480-8b7e94fca123", "localizador": "none", "local coleta": "none", "armazenada": "Caeté", "local atual": "58GR38WM+X5", "sureg": "Salvador", "caixa": "7096", "tipo": "Alíquota", "lote": "1830/SA", "projeto": "1008", "coletor": "LR", "natureza": "R", "numero": "0049", "opcional": "D", "amostra": "1008-LR-R-0049D", "labs_letra": "HEJ", "labs_numero": "818", "labs_ident": "HEJ818" } '),
(' { "codigo": "666365.0", "data acervo": "22/07/2020", "uuid": "0ad55ad8-6c7a-11eb-bd7f-4fda7130b77d", "localizador": "none", "local coleta": "none", "armazenada": "Caeté", "local atual": "58GR38WM+X5", "sureg": "Salvador", "caixa": "7096", "tipo": "Alíquota", "lote": "1942/SA", "projeto": "1008", "coletor": "HL", "natureza": "R", "numero": "0121", "amostra": "1008-HL-R-0121", "labs_letra": "HEL", "labs_numero": "611", "labs_ident": "HEL611" } '),
(' { "codigo": "666366.0", "data acervo": "22/07/2020", "uuid": "0ad5c482-6c7a-11eb-9f36-b7839ecc5abe", "localizador": "none", "local coleta": "none", "armazenada": "Caeté", "local atual": "58GR38WM+X5", "sureg": "Salvador", "caixa": "7096", "tipo": "Alíquota", "lote": "1942/SA", "projeto": "1008", "coletor": "HL", "natureza": "R", "numero": "0136", "opcional": "B", "amostra": "1008-HL-R-0136B", "labs_letra": "HEL", "labs_numero": "612", "labs_ident": "HEL612" } '),
(' { "codigo": "666367.0", "data acervo": "22/07/2020", "uuid": "0ad62828-6c7a-11eb-82f0-ef0551c040e3", "localizador": "none", "local coleta": "none", "armazenada": "Caeté", "local atual": "58GR38WM+X5", "sureg": "Salvador", "caixa": "7096", "tipo": "Alíquota", "lote": "1942/SA", "projeto": "1008", "coletor": "HL", "natureza": "R", "numero": "0161", "opcional": "A", "amostra": "1008-HL-R-0161A", "labs_letra": "HEL", "labs_numero": "613", "labs_ident": "HEL613" } '),
(' { "codigo": "666368.0", "data acervo": "22/07/2020", "uuid": "0ad69132-6c7a-11eb-b31c-0b8bb0094ea2", "localizador": "none", "local coleta": "none", "armazenada": "Caeté", "local atual": "58GR38WM+X5", "sureg": "Salvador", "caixa": "7096", "tipo": "Alíquota", "lote": "1942/SA", "projeto": "1008", "coletor": "HL", "natureza": "R", "numero": "0161", "opcional": "B", "amostra": "1008-HL-R-0161B", "labs_letra": "HEL", "labs_numero": "614", "labs_ident": "HEL614" } '),
(' { "codigo": "666369.0", "data acervo": "22/07/2020", "uuid": "0ad6e218-6c7a-11eb-b708-6baedeb605df", "localizador": "none", "local coleta": "none", "armazenada": "Caeté", "local atual": "58GR38WM+X5", "sureg": "Salvador", "caixa": "7096", "tipo": "Alíquota", "lote": "1942/SA", "projeto": "1008", "coletor": "HL", "natureza": "R", "numero": "0161", "opcional": "C", "amostra": "1008-HL-R-0161C", "labs_letra": "HEL", "labs_numero": "615", "labs_ident": "HEL615" } '),
(' { "codigo": "666370.0", "data acervo": "22/07/2020", "uuid": "0ad73c90-6c7a-11eb-a25b-4bab486db41a", "localizador": "none", "local coleta": "none", "armazenada": "Caeté", "local atual": "58GR38WM+X5", "sureg": "Salvador", "caixa": "7096", "tipo": "Alíquota", "lote": "1942/SA", "projeto": "1008", "coletor": "HL", "natureza": "R", "numero": "0321", "amostra": "1008-HL-R-0321", "labs_letra": "HEL", "labs_numero": "616", "labs_ident": "HEL616" } '),
(' { "codigo": "666371.0", "data acervo": "22/07/2020", "uuid": "0ad79a6e-6c7a-11eb-b67f-e35041ccb8a7", "localizador": "none", "local coleta": "none", "armazenada": "Caeté", "local atual": "58GR38WM+X5", "sureg": "Salvador", "caixa": "7096", "tipo": "Alíquota", "lote": "1942/SA", "projeto": "1008", "coletor": "HL", "natureza": "R", "numero": "0325", "amostra": "1008-HL-R-0325", "labs_letra": "HEL", "labs_numero": "617", "labs_ident": "HEL617" } '),
(' { "codigo": "666372.0", "data acervo": "22/07/2020", "uuid": "0ad7f59a-6c7a-11eb-90d1-3fc1c8eb6c97", "localizador": "none", "local coleta": "none", "armazenada": "Caeté", "local atual": "58GR38WM+X5", "sureg": "Salvador", "caixa": "7096", "tipo": "Alíquota", "lote": "1942/SA", "projeto": "1008", "coletor": "HL", "natureza": "R", "numero": "0335", "amostra": "1008-HL-R-0335", "labs_letra": "HEL", "labs_numero": "618", "labs_ident": "HEL618" } '),
(' { "codigo": "666373.0", "data acervo": "22/07/2020", "uuid": "0ad84f0e-6c7a-11eb-aacb-bbe316edc3a0", "localizador": "none", "local coleta": "none", "armazenada": "Caeté", "local atual": "58GR38WM+X5", "sureg": "Salvador", "caixa": "7096", "tipo": "Alíquota", "lote": "1942/SA", "projeto": "1008", "coletor": "HL", "natureza": "R", "numero": "0353", "amostra": "1008-HL-R-0353", "labs_letra": "HEL", "labs_numero": "619", "labs_ident": "HEL619" } '),
(' { "codigo": "666374.0", "data acervo": "22/07/2020", "uuid": "0ad8b3e0-6c7a-11eb-89bd-7f7f22e914dc", "localizador": "none", "local coleta": "none", "armazenada": "Caeté", "local atual": "58GR38WM+X5", "sureg": "Salvador", "caixa": "7096", "tipo": "Alíquota", "lote": "1942/SA", "projeto": "1008", "coletor": "HL", "natureza": "R", "numero": "0356", "opcional": "C", "amostra": "1008-HL-R-0356C", "labs_letra": "HEL", "labs_numero": "620", "labs_ident": "HEL620" } '),
(' { "codigo": "666375.0", "data acervo": "22/07/2020", "uuid": "0ad912d6-6c7a-11eb-9e80-7bdfad91c57c", "localizador": "none", "local coleta": "none", "armazenada": "Caeté", "local atual": "58GR38WM+X5", "sureg": "Salvador", "caixa": "7096", "tipo": "Alíquota", "lote": "1994/SA", "projeto": "1008", "coletor": "LR", "natureza": "S", "numero": "0068", "amostra": "1008-LR-S-0068", "labs_letra": "HEN", "labs_numero": "141", "labs_ident": "HEN141" } '),
(' { "codigo": "666376.0", "data acervo": "22/07/2020", "uuid": "0ad97c94-6c7a-11eb-99b6-5ff0cf9a5683", "localizador": "none", "local coleta": "none", "armazenada": "Caeté", "local atual": "58GR38WM+X5", "sureg": "Salvador", "caixa": "7096", "tipo": "Alíquota", "lote": "2000/SA", "projeto": "1008", "coletor": "HL", "natureza": "R", "numero": "0192", "amostra": "1008-HL-R-0192", "labs_letra": "HEN", "labs_numero": "164", "labs_ident": "HEN164" } '),
(' { "codigo": "666377.0", "data acervo": "22/07/2020", "uuid": "0ad9e12a-6c7a-11eb-ab56-ef5c0d2dee3f", "localizador": "none", "local coleta": "none", "armazenada": "Caeté", "local atual": "58GR38WM+X5", "sureg": "Salvador", "caixa": "7096", "tipo": "Alíquota", "lote": "2000/SA", "projeto": "1008", "coletor": "HL", "natureza": "R", "numero": "0370", "amostra": "1008-HL-R-0370", "labs_letra": "HEN", "labs_numero": "165", "labs_ident": "HEN165" } '),
(' { "codigo": "666378.0", "data acervo": "22/07/2020", "uuid": "0ada4d5e-6c7a-11eb-80d8-636dd43200b2", "localizador": "none", "local coleta": "none", "armazenada": "Caeté", "local atual": "58GR38WM+X5", "sureg": "Salvador", "caixa": "7096", "tipo": "Alíquota", "lote": "2085/SA", "projeto": "1008", "coletor": "HL", "natureza": "R", "numero": "0009", "amostra": "1008-HL-R-0009", "labs_letra": "HEO", "labs_numero": "190", "labs_ident": "HEO190" } '),
(' { "codigo": "666379.0", "data acervo": "22/07/2020", "uuid": "0adab8b6-6c7a-11eb-88e5-03104d41bec7", "localizador": "none", "local coleta": "none", "armazenada": "Caeté", "local atual": "58GR38WM+X5", "sureg": "Salvador", "caixa": "7096", "tipo": "Alíquota", "lote": "2085/SA", "projeto": "1008", "coletor": "HL", "natureza": "R", "numero": "0062", "opcional": "B", "amostra": "1008-HL-R-0062B", "labs_letra": "HEO", "labs_numero": "191", "labs_ident": "HEO191" } '),
(' { "codigo": "666380.0", "data acervo": "22/07/2020", "uuid": "0adb12c0-6c7a-11eb-ada1-4f5f9e697ec9", "localizador": "none", "local coleta": "none", "armazenada": "Caeté", "local atual": "58GR38WM+X5", "sureg": "Salvador", "caixa": "7096", "tipo": "Alíquota", "lote": "2085/SA", "projeto": "1008", "coletor": "HL", "natureza": "R", "numero": "0115", "opcional": "F", "amostra": "1008-HL-R-0115F", "labs_letra": "HEO", "labs_numero": "192", "labs_ident": "HEO192" } '),
(' { "codigo": "666381.0", "data acervo": "22/07/2020", "uuid": "0adb776a-6c7a-11eb-9c2d-33e24b303f2c", "localizador": "none", "local coleta": "none", "armazenada": "Caeté", "local atual": "58GR38WM+X5", "sureg": "Salvador", "caixa": "7096", "tipo": "Alíquota", "lote": "2085/SA", "projeto": "1008", "coletor": "HL", "natureza": "R", "numero": "0210", "amostra": "1008-HL-R-0210", "labs_letra": "HEO", "labs_numero": "193", "labs_ident": "HEO193" } '),
