(' { "codigo": "585728.0", "data acervo": "22/07/2020", "uuid": "8fc5c0c6-6c79-11eb-9776-6ffa2835d5b2", "localizador": "none", "local coleta": "none", "armazenada": "Caeté", "local atual": "58GR38WM+X5", "sureg": "Manaus", "caixa": "5371", "tipo": "Alíquota", "projeto": "1103", "coletor": "RD", "natureza": "L", "numero": "0025", "amostra": "1103-RD-L-0025", "labs_letra": "VAJ", "labs_numero": "590", "labs_ident": "VAJ590", "notas1": "NÃO IDENTIFICAMOS O LOTE", "notas2": "N. DE LAB. CRIADO" } '),
(' { "codigo": "585729.0", "data acervo": "22/07/2020", "uuid": "8fc62638-6c79-11eb-8a43-2b3ca9908a4b", "localizador": "none", "local coleta": "none", "armazenada": "Caeté", "local atual": "58GR38WM+X5", "sureg": "Manaus", "caixa": "5371", "tipo": "Alíquota", "projeto": "1103", "coletor": "RD", "natureza": "L", "numero": "0040", "amostra": "1103-RD-L-0040", "labs_letra": "VAJ", "labs_numero": "591", "labs_ident": "VAJ591", "notas1": "NÃO IDENTIFICAMOS O LOTE", "notas2": "N. DE LAB. CRIADO" } '),
(' { "codigo": "585730.0", "data acervo": "22/07/2020", "uuid": "8fc69000-6c79-11eb-b368-7f19720c709b", "localizador": "none", "local coleta": "none", "armazenada": "Caeté", "local atual": "58GR38WM+X5", "sureg": "Manaus", "caixa": "5371", "tipo": "Alíquota", "projeto": "1103", "coletor": "RD", "natureza": "A", "numero": "0068", "amostra": "1103-RD-A-0068", "labs_letra": "VAJ", "labs_numero": "592", "labs_ident": "VAJ592", "notas1": "NÃO IDENTIFICAMOS O LOTE", "notas2": "N. DE LAB. CRIADO" } '),
(' { "codigo": "585731.0", "data acervo": "22/07/2020", "uuid": "8fc6fb9e-6c79-11eb-92f7-531dd9d1bc88", "localizador": "none", "local coleta": "none", "armazenada": "Caeté", "local atual": "58GR38WM+X5", "sureg": "Manaus", "caixa": "5371", "tipo": "Alíquota", "projeto": "1103", "coletor": "RD", "natureza": "L", "numero": "0133", "amostra": "1103-RD-L-0133", "labs_letra": "VAJ", "labs_numero": "593", "labs_ident": "VAJ593", "notas1": "NÃO IDENTIFICAMOS O LOTE", "notas2": "N. DE LAB. CRIADO" } '),
(' { "codigo": "585732.0", "data acervo": "22/07/2020", "uuid": "8fc76098-6c79-11eb-a890-2f4006e14979", "localizador": "none", "local coleta": "none", "armazenada": "Caeté", "local atual": "58GR38WM+X5", "sureg": "Manaus", "caixa": "5371", "tipo": "Alíquota", "projeto": "1103", "coletor": "RD", "natureza": "S", "numero": "0310", "amostra": "1103-RD-S-0310", "labs_letra": "VAJ", "labs_numero": "594", "labs_ident": "VAJ594", "notas1": "NÃO IDENTIFICAMOS O LOTE", "notas2": "N. DE LAB. CRIADO" } '),
(' { "codigo": "585733.0", "data acervo": "22/07/2020", "uuid": "8fc7c7a4-6c79-11eb-9fe7-9f0e0edf57d9", "localizador": "none", "local coleta": "none", "armazenada": "Caeté", "local atual": "58GR38WM+X5", "sureg": "Manaus", "caixa": "5371", "tipo": "Alíquota", "projeto": "1103", "coletor": "RD", "natureza": "L", "numero": "0419", "amostra": "1103-RD-L-0419", "labs_letra": "VAJ", "labs_numero": "595", "labs_ident": "VAJ595", "notas1": "NÃO IDENTIFICAMOS O LOTE", "notas2": "N. DE LAB. CRIADO" } '),
(' { "codigo": "585734.0", "data acervo": "22/07/2020", "uuid": "8fc8336a-6c79-11eb-b58e-6bfc37c14627", "localizador": "none", "local coleta": "none", "armazenada": "Caeté", "local atual": "58GR38WM+X5", "sureg": "Manaus", "caixa": "5371", "tipo": "Alíquota", "projeto": "1103", "coletor": "RD", "natureza": "S", "numero": "0483", "amostra": "1103-RD-S-0483", "labs_letra": "VAJ", "labs_numero": "596", "labs_ident": "VAJ596", "notas1": "NÃO IDENTIFICAMOS O LOTE", "notas2": "N. DE LAB. CRIADO" } '),
(' { "codigo": "585735.0", "data acervo": "22/07/2020", "uuid": "8fc89ee0-6c79-11eb-af44-d37595e7eed3", "localizador": "none", "local coleta": "none", "armazenada": "Caeté", "local atual": "58GR38WM+X5", "sureg": "Manaus", "caixa": "5371", "tipo": "Alíquota", "projeto": "1103", "coletor": "RD", "natureza": "A", "numero": "0491", "opcional": "A", "amostra": "1103-RD-A-0491A", "labs_letra": "VAJ", "labs_numero": "597", "labs_ident": "VAJ597", "notas1": "NÃO IDENTIFICAMOS O LOTE", "notas2": "N. DE LAB. CRIADO" } '),
(' { "codigo": "585736.0", "data acervo": "22/07/2020", "uuid": "8fc90bf0-6c79-11eb-b92c-233212caae96", "localizador": "none", "local coleta": "none", "armazenada": "Caeté", "local atual": "58GR38WM+X5", "sureg": "Manaus", "caixa": "5371", "tipo": "Alíquota", "projeto": "1103", "coletor": "RD", "natureza": "A", "numero": "0491", "opcional": "B", "amostra": "1103-RD-A-0491B", "labs_letra": "VAJ", "labs_numero": "598", "labs_ident": "VAJ598", "notas1": "NÃO IDENTIFICAMOS O LOTE", "notas2": "N. DE LAB. CRIADO" } '),
(' { "codigo": "585737.0", "data acervo": "22/07/2020", "uuid": "8fc9786a-6c79-11eb-b566-4786f03d3151", "localizador": "none", "local coleta": "none", "armazenada": "Caeté", "local atual": "58GR38WM+X5", "sureg": "Manaus", "caixa": "5371", "tipo": "Alíquota", "projeto": "1103", "coletor": "RD", "natureza": "A", "numero": "0494", "opcional": "B", "amostra": "1103-RD-A-0494B", "labs_letra": "VAJ", "labs_numero": "599", "labs_ident": "VAJ599", "notas1": "NÃO IDENTIFICAMOS O LOTE", "notas2": "N. DE LAB. CRIADO" } '),
(' { "codigo": "585738.0", "data acervo": "22/07/2020", "uuid": "8fc9db84-6c79-11eb-bab4-673c677acbf4", "localizador": "none", "local coleta": "none", "armazenada": "Caeté", "local atual": "58GR38WM+X5", "sureg": "Manaus", "caixa": "5371", "tipo": "Alíquota", "projeto": "1103", "coletor": "MS", "natureza": "L", "numero": "0525", "amostra": "1103-MS-L-0525", "labs_letra": "VAJ", "labs_numero": "600", "labs_ident": "VAJ600", "notas1": "NÃO IDENTIFICAMOS O LOTE", "notas2": "N. DE LAB. CRIADO" } '),
(' { "codigo": "585739.0", "data acervo": "22/07/2020", "uuid": "8fca3f66-6c79-11eb-8ede-a7ffed29b809", "localizador": "none", "local coleta": "none", "armazenada": "Caeté", "local atual": "58GR38WM+X5", "sureg": "Manaus", "caixa": "5371", "tipo": "Alíquota", "projeto": "1103", "coletor": "MS", "natureza": "L", "numero": "0528", "amostra": "1103-MS-L-0528", "labs_letra": "VAJ", "labs_numero": "601", "labs_ident": "VAJ601", "notas1": "NÃO IDENTIFICAMOS O LOTE", "notas2": "N. DE LAB. CRIADO" } '),
(' { "codigo": "585740.0", "data acervo": "22/07/2020", "uuid": "8fcaaa14-6c79-11eb-a3d2-67c558bc8ee0", "localizador": "none", "local coleta": "none", "armazenada": "Caeté", "local atual": "58GR38WM+X5", "sureg": "Manaus", "caixa": "5371", "tipo": "Alíquota", "projeto": "1103", "coletor": "MS", "natureza": "L", "numero": "0529", "amostra": "1103-MS-L-0529", "labs_letra": "VAJ", "labs_numero": "602", "labs_ident": "VAJ602", "notas1": "NÃO IDENTIFICAMOS O LOTE", "notas2": "N. DE LAB. CRIADO" } '),
(' { "codigo": "585741.0", "data acervo": "22/07/2020", "uuid": "8fcb0c16-6c79-11eb-b996-1717c846cfee", "localizador": "none", "local coleta": "none", "armazenada": "Caeté", "local atual": "58GR38WM+X5", "sureg": "Manaus", "caixa": "5371", "tipo": "Alíquota", "projeto": "1103", "coletor": "MS", "natureza": "L", "numero": "0563", "opcional": "A", "amostra": "1103-MS-L-0563A", "labs_letra": "VAJ", "labs_numero": "603", "labs_ident": "VAJ603", "notas1": "NÃO IDENTIFICAMOS O LOTE", "notas2": "N. DE LAB. CRIADO" } '),
(' { "codigo": "585742.0", "data acervo": "22/07/2020", "uuid": "8fcb76ce-6c79-11eb-aadf-63cf22a800ac", "localizador": "none", "local coleta": "none", "armazenada": "Caeté", "local atual": "58GR38WM+X5", "sureg": "Manaus", "caixa": "5371", "tipo": "Alíquota", "projeto": "1103", "coletor": "MS", "natureza": "L", "numero": "0572", "amostra": "1103-MS-L-0572", "labs_letra": "VAJ", "labs_numero": "604", "labs_ident": "VAJ604", "notas1": "NÃO IDENTIFICAMOS O LOTE", "notas2": "N. DE LAB. CRIADO" } '),
(' { "codigo": "585743.0", "data acervo": "22/07/2020", "uuid": "8fcbe208-6c79-11eb-adbf-172f05ba5f44", "localizador": "none", "local coleta": "none", "armazenada": "Caeté", "local atual": "58GR38WM+X5", "sureg": "Manaus", "caixa": "5371", "tipo": "Alíquota", "projeto": "1103", "coletor": "MM", "natureza": "S", "numero": "0598", "amostra": "1103-MM-S-0598", "labs_letra": "VAJ", "labs_numero": "605", "labs_ident": "VAJ605", "notas1": "NÃO IDENTIFICAMOS O LOTE", "notas2": "N. DE LAB. CRIADO" } '),
(' { "codigo": "585744.0", "data acervo": "22/07/2020", "uuid": "8fcc3faa-6c79-11eb-bf8e-db1e8e684542", "localizador": "none", "local coleta": "none", "armazenada": "Caeté", "local atual": "58GR38WM+X5", "sureg": "Manaus", "caixa": "5371", "tipo": "Alíquota", "projeto": "1103", "coletor": "MM", "natureza": "L", "numero": "0620", "amostra": "1103-MM-L-0620", "labs_letra": "VAJ", "labs_numero": "606", "labs_ident": "VAJ606", "notas1": "NÃO IDENTIFICAMOS O LOTE", "notas2": "N. DE LAB. CRIADO" } '),
(' { "codigo": "585745.0", "data acervo": "22/07/2020", "uuid": "8fcca27e-6c79-11eb-8183-a70f2ff2c10e", "localizador": "none", "local coleta": "none", "armazenada": "Caeté", "local atual": "58GR38WM+X5", "sureg": "Manaus", "caixa": "5371", "tipo": "Alíquota", "projeto": "1103", "coletor": "MM", "natureza": "S", "numero": "0654", "amostra": "1103-MM-S-0654", "labs_letra": "VAJ", "labs_numero": "607", "labs_ident": "VAJ607", "notas1": "NÃO IDENTIFICAMOS O LOTE", "notas2": "N. DE LAB. CRIADO" } '),
(' { "codigo": "585746.0", "data acervo": "22/07/2020", "uuid": "8fcd0674-6c79-11eb-bfbe-c3f39a6403d1", "localizador": "none", "local coleta": "none", "armazenada": "Caeté", "local atual": "58GR38WM+X5", "sureg": "Manaus", "caixa": "5371", "tipo": "Alíquota", "projeto": "1103", "coletor": "MM", "natureza": "L", "numero": "0697", "amostra": "1103-MM-L-0697", "labs_letra": "VAJ", "labs_numero": "608", "labs_ident": "VAJ608", "notas1": "NÃO IDENTIFICAMOS O LOTE", "notas2": "N. DE LAB. CRIADO" } '),
(' { "codigo": "585747.0", "data acervo": "22/07/2020", "uuid": "8fcd6bb4-6c79-11eb-98f1-0f097f6292e8", "localizador": "none", "local coleta": "none", "armazenada": "Caeté", "local atual": "58GR38WM+X5", "sureg": "Manaus", "caixa": "5371", "tipo": "Alíquota", "projeto": "1103", "coletor": "MM", "natureza": "L", "numero": "0706", "amostra": "1103-MM-L-0706", "labs_letra": "VAJ", "labs_numero": "609", "labs_ident": "VAJ609", "notas1": "NÃO IDENTIFICAMOS O LOTE", "notas2": "N. DE LAB. CRIADO" } '),
(' { "codigo": "585748.0", "data acervo": "22/07/2020", "uuid": "8fcdc9f6-6c79-11eb-8b0b-2bcdd539eb32", "localizador": "none", "local coleta": "none", "armazenada": "Caeté", "local atual": "58GR38WM+X5", "sureg": "Manaus", "caixa": "5371", "tipo": "Alíquota", "projeto": "1103", "coletor": "MS", "natureza": "S", "numero": "0942", "opcional": "E", "amostra": "1103-MS-S-0942E", "labs_letra": "VAJ", "labs_numero": "610", "labs_ident": "VAJ610", "notas1": "NÃO IDENTIFICAMOS O LOTE", "notas2": "N. DE LAB. CRIADO" } '),
(' { "codigo": "585749.0", "data acervo": "22/07/2020", "uuid": "8fce3242-6c79-11eb-b91e-0b22811f0600", "localizador": "none", "local coleta": "none", "armazenada": "Caeté", "local atual": "58GR38WM+X5", "sureg": "Manaus", "caixa": "5371", "tipo": "Alíquota", "projeto": "1103", "coletor": "MS", "natureza": "S", "numero": "0942", "opcional": "J", "amostra": "1103-MS-S-0942J", "labs_letra": "VAJ", "labs_numero": "611", "labs_ident": "VAJ611", "notas1": "NÃO IDENTIFICAMOS O LOTE", "notas2": "N. DE LAB. CRIADO" } '),
(' { "codigo": "585750.0", "data acervo": "22/07/2020", "uuid": "8fce91e2-6c79-11eb-87ae-bf608e5af4ce", "localizador": "none", "local coleta": "none", "armazenada": "Caeté", "local atual": "58GR38WM+X5", "sureg": "Manaus", "caixa": "5371", "tipo": "Alíquota", "projeto": "1103", "coletor": "MS", "natureza": "S", "numero": "0944", "opcional": "A", "amostra": "1103-MS-S-0944A", "labs_letra": "VAJ", "labs_numero": "612", "labs_ident": "VAJ612", "notas1": "NÃO IDENTIFICAMOS O LOTE", "notas2": "N. DE LAB. CRIADO" } '),
(' { "codigo": "585751.0", "data acervo": "22/07/2020", "uuid": "8fcef164-6c79-11eb-8577-0f700003f33e", "localizador": "none", "local coleta": "none", "armazenada": "Caeté", "local atual": "58GR38WM+X5", "sureg": "Manaus", "caixa": "5371", "tipo": "Alíquota", "projeto": "1103", "coletor": "MS", "natureza": "S", "numero": "0944", "opcional": "D", "amostra": "1103-MS-S-0944D", "labs_letra": "VAJ", "labs_numero": "613", "labs_ident": "VAJ613", "notas1": "NÃO IDENTIFICAMOS O LOTE", "notas2": "N. DE LAB. CRIADO" } '),
(' { "codigo": "585752.0", "data acervo": "22/07/2020", "uuid": "8fcf4a42-6c79-11eb-815b-c38f1e045b2e", "localizador": "none", "local coleta": "none", "armazenada": "Caeté", "local atual": "58GR38WM+X5", "sureg": "Manaus", "caixa": "5371", "tipo": "Alíquota", "projeto": "1103", "coletor": "MS", "natureza": "S", "numero": "0946", "opcional": "C", "amostra": "1103-MS-S-0946C", "labs_letra": "VAJ", "labs_numero": "614", "labs_ident": "VAJ614", "notas1": "NÃO IDENTIFICAMOS O LOTE", "notas2": "N. DE LAB. CRIADO" } '),
(' { "codigo": "585753.0", "data acervo": "22/07/2020", "uuid": "8fcfa6fe-6c79-11eb-9f05-7ffa4f39083f", "localizador": "none", "local coleta": "none", "armazenada": "Caeté", "local atual": "58GR38WM+X5", "sureg": "Manaus", "caixa": "5371", "tipo": "Alíquota", "projeto": "1103", "coletor": "MS", "natureza": "S", "numero": "0946", "opcional": "J", "amostra": "1103-MS-S-0946J", "labs_letra": "VAJ", "labs_numero": "615", "labs_ident": "VAJ615", "notas1": "NÃO IDENTIFICAMOS O LOTE", "notas2": "N. DE LAB. CRIADO" } '),
(' { "codigo": "585754.0", "data acervo": "22/07/2020", "uuid": "8fd00fc2-6c79-11eb-82df-3b9732a7dc69", "localizador": "none", "local coleta": "none", "armazenada": "Caeté", "local atual": "58GR38WM+X5", "sureg": "Manaus", "caixa": "5371", "tipo": "Alíquota", "projeto": "1103", "coletor": "MS", "natureza": "S", "numero": "0949", "opcional": "J", "amostra": "1103-MS-S-0949J", "labs_letra": "VAJ", "labs_numero": "616", "labs_ident": "VAJ616", "notas1": "NÃO IDENTIFICAMOS O LOTE", "notas2": "N. DE LAB. CRIADO" } '),
(' { "codigo": "585755.0", "data acervo": "22/07/2020", "uuid": "8fd07836-6c79-11eb-b637-e73b50587fbb", "localizador": "none", "local coleta": "none", "armazenada": "Caeté", "local atual": "58GR38WM+X5", "sureg": "Manaus", "caixa": "5371", "tipo": "Alíquota", "projeto": "1103", "coletor": "MS", "natureza": "S", "numero": "0951", "opcional": "E", "amostra": "1103-MS-S-0951E", "labs_letra": "VAJ", "labs_numero": "617", "labs_ident": "VAJ617", "notas1": "NÃO IDENTIFICAMOS O LOTE", "notas2": "N. DE LAB. CRIADO" } '),
(' { "codigo": "585756.0", "data acervo": "22/07/2020", "uuid": "8fd0dde4-6c79-11eb-ab3f-2f862c6a30e7", "localizador": "none", "local coleta": "none", "armazenada": "Caeté", "local atual": "58GR38WM+X5", "sureg": "Manaus", "caixa": "5371", "tipo": "Alíquota", "projeto": "1103", "coletor": "MS", "natureza": "S", "numero": "0952", "opcional": "E", "amostra": "1103-MS-S-0952E", "labs_letra": "VAJ", "labs_numero": "618", "labs_ident": "VAJ618", "notas1": "NÃO IDENTIFICAMOS O LOTE", "notas2": "N. DE LAB. CRIADO" } '),
(' { "codigo": "585757.0", "data acervo": "22/07/2020", "uuid": "8fd14c48-6c79-11eb-9604-d3a327cbe3e5", "localizador": "none", "local coleta": "none", "armazenada": "Caeté", "local atual": "58GR38WM+X5", "sureg": "Manaus", "caixa": "5371", "tipo": "Alíquota", "projeto": "1103", "coletor": "MS", "natureza": "S", "numero": "0966", "amostra": "1103-MS-S-0966", "labs_letra": "VAJ", "labs_numero": "619", "labs_ident": "VAJ619", "notas1": "NÃO IDENTIFICAMOS O LOTE", "notas2": "N. DE LAB. CRIADO" } '),
(' { "codigo": "585758.0", "data acervo": "22/07/2020", "uuid": "8fd1ab70-6c79-11eb-b197-476059657c04", "localizador": "none", "local coleta": "none", "armazenada": "Caeté", "local atual": "58GR38WM+X5", "sureg": "Manaus", "caixa": "5371", "tipo": "Alíquota", "projeto": "1103", "coletor": "MS", "natureza": "S", "numero": "0968", "amostra": "1103-MS-S-0968", "labs_letra": "VAJ", "labs_numero": "620", "labs_ident": "VAJ620", "notas1": "NÃO IDENTIFICAMOS O LOTE", "notas2": "N. DE LAB. CRIADO" } '),
(' { "codigo": "585759.0", "data acervo": "22/07/2020", "uuid": "8fd20994-6c79-11eb-9df0-a33674b38748", "localizador": "none", "local coleta": "none", "armazenada": "Caeté", "local atual": "58GR38WM+X5", "sureg": "Manaus", "caixa": "5371", "tipo": "Alíquota", "projeto": "1103", "coletor": "MS", "natureza": "S", "numero": "0974", "amostra": "1103-MS-S-0974", "labs_letra": "VAJ", "labs_numero": "621", "labs_ident": "VAJ621", "notas1": "NÃO IDENTIFICAMOS O LOTE", "notas2": "N. DE LAB. CRIADO" } '),
(' { "codigo": "585760.0", "data acervo": "22/07/2020", "uuid": "8fd26f42-6c79-11eb-bfe5-3f87ff527794", "localizador": "none", "local coleta": "none", "armazenada": "Caeté", "local atual": "58GR38WM+X5", "sureg": "Manaus", "caixa": "5371", "tipo": "Alíquota", "projeto": "1103", "coletor": "MS", "natureza": "S", "numero": "0980", "amostra": "1103-MS-S-0980", "labs_letra": "VAJ", "labs_numero": "622", "labs_ident": "VAJ622", "notas1": "NÃO IDENTIFICAMOS O LOTE", "notas2": "N. DE LAB. CRIADO" } '),
(' { "codigo": "585761.0", "data acervo": "22/07/2020", "uuid": "8fd2d3b0-6c79-11eb-bb65-1b41682a30c6", "localizador": "none", "local coleta": "none", "armazenada": "Caeté", "local atual": "58GR38WM+X5", "sureg": "Manaus", "caixa": "5371", "tipo": "Alíquota", "projeto": "1103", "coletor": "MS", "natureza": "S", "numero": "0981", "amostra": "1103-MS-S-0981", "labs_letra": "VAJ", "labs_numero": "623", "labs_ident": "VAJ623", "notas1": "NÃO IDENTIFICAMOS O LOTE", "notas2": "N. DE LAB. CRIADO" } '),
(' { "codigo": "585762.0", "data acervo": "22/07/2020", "uuid": "8fd34282-6c79-11eb-9740-dbcb76d5e210", "localizador": "none", "local coleta": "none", "armazenada": "Caeté", "local atual": "58GR38WM+X5", "sureg": "Manaus", "caixa": "5371", "tipo": "Alíquota", "projeto": "1103", "coletor": "MS", "natureza": "L", "numero": "0983", "amostra": "1103-MS-L-0983", "labs_letra": "VAJ", "labs_numero": "624", "labs_ident": "VAJ624", "notas1": "NÃO IDENTIFICAMOS O LOTE", "notas2": "N. DE LAB. CRIADO" } '),
(' { "codigo": "585763.0", "data acervo": "22/07/2020", "uuid": "8fd3a1fa-6c79-11eb-9f8b-73b5dadd0051", "localizador": "none", "local coleta": "none", "armazenada": "Caeté", "local atual": "58GR38WM+X5", "sureg": "Manaus", "caixa": "5371", "tipo": "Alíquota", "projeto": "1103", "coletor": "MS", "natureza": "S", "numero": "0984", "amostra": "1103-MS-S-0984", "labs_letra": "VAJ", "labs_numero": "625", "labs_ident": "VAJ625", "notas1": "NÃO IDENTIFICAMOS O LOTE", "notas2": "N. DE LAB. CRIADO" } '),
(' { "codigo": "585764.0", "data acervo": "22/07/2020", "uuid": "8fd405c8-6c79-11eb-8767-f351ccc7b730", "localizador": "none", "local coleta": "none", "armazenada": "Caeté", "local atual": "58GR38WM+X5", "sureg": "Manaus", "caixa": "5371", "tipo": "Alíquota", "projeto": "1103", "coletor": "MS", "natureza": "S", "numero": "0985", "amostra": "1103-MS-S-0985", "labs_letra": "VAJ", "labs_numero": "626", "labs_ident": "VAJ626", "notas1": "NÃO IDENTIFICAMOS O LOTE", "notas2": "N. DE LAB. CRIADO" } '),
(' { "codigo": "585765.0", "data acervo": "22/07/2020", "uuid": "8fd46c98-6c79-11eb-bb1d-3f6420038e18", "localizador": "none", "local coleta": "none", "armazenada": "Caeté", "local atual": "58GR38WM+X5", "sureg": "Manaus", "caixa": "5371", "tipo": "Alíquota", "projeto": "1103", "coletor": "MS", "natureza": "L", "numero": "0986", "amostra": "1103-MS-L-0986", "labs_letra": "VAJ", "labs_numero": "627", "labs_ident": "VAJ627", "notas1": "NÃO IDENTIFICAMOS O LOTE", "notas2": "N. DE LAB. CRIADO" } '),
(' { "codigo": "585766.0", "data acervo": "22/07/2020", "uuid": "8fd4ca08-6c79-11eb-bc04-ab57b568724c", "localizador": "none", "local coleta": "none", "armazenada": "Caeté", "local atual": "58GR38WM+X5", "sureg": "Manaus", "caixa": "5371", "tipo": "Alíquota", "projeto": "1103", "coletor": "MS", "natureza": "S", "numero": "0987", "amostra": "1103-MS-S-0987", "labs_letra": "VAJ", "labs_numero": "628", "labs_ident": "VAJ628", "notas1": "NÃO IDENTIFICAMOS O LOTE", "notas2": "N. DE LAB. CRIADO" } '),
(' { "codigo": "585767.0", "data acervo": "22/07/2020", "uuid": "8fd52c14-6c79-11eb-9871-3349678cf0ea", "localizador": "none", "local coleta": "none", "armazenada": "Caeté", "local atual": "58GR38WM+X5", "sureg": "Manaus", "caixa": "5371", "tipo": "Alíquota", "projeto": "1103", "coletor": "MS", "natureza": "S", "numero": "0989", "amostra": "1103-MS-S-0989", "labs_letra": "VAJ", "labs_numero": "629", "labs_ident": "VAJ629", "notas1": "NÃO IDENTIFICAMOS O LOTE", "notas2": "N. DE LAB. CRIADO" } '),
(' { "codigo": "585768.0", "data acervo": "22/07/2020", "uuid": "8fd58bd2-6c79-11eb-93d2-d7b0f860db88", "localizador": "none", "local coleta": "none", "armazenada": "Caeté", "local atual": "58GR38WM+X5", "sureg": "Manaus", "caixa": "5371", "tipo": "Alíquota", "projeto": "1103", "coletor": "MS", "natureza": "S", "numero": "0990", "amostra": "1103-MS-S-0990", "labs_letra": "VAJ", "labs_numero": "630", "labs_ident": "VAJ630", "notas1": "NÃO IDENTIFICAMOS O LOTE", "notas2": "N. DE LAB. CRIADO" } '),
(' { "codigo": "585769.0", "data acervo": "22/07/2020", "uuid": "8fd5eeba-6c79-11eb-9f96-67b64541ee67", "localizador": "none", "local coleta": "none", "armazenada": "Caeté", "local atual": "58GR38WM+X5", "sureg": "Manaus", "caixa": "5371", "tipo": "Alíquota", "projeto": "1103", "coletor": "MM", "natureza": "S", "numero": "1128", "amostra": "1103-MM-S-1128", "labs_letra": "VAJ", "labs_numero": "631", "labs_ident": "VAJ631", "notas1": "NÃO IDENTIFICAMOS O LOTE", "notas2": "N. DE LAB. CRIADO" } '),
(' { "codigo": "585770.0", "data acervo": "22/07/2020", "uuid": "8fd65af8-6c79-11eb-a315-d7fbd52263ef", "localizador": "none", "local coleta": "none", "armazenada": "Caeté", "local atual": "58GR38WM+X5", "sureg": "Manaus", "caixa": "5371", "tipo": "Alíquota", "projeto": "1103", "coletor": "MM", "natureza": "S", "numero": "1059", "opcional": "B", "amostra": "1103-MM-S-1059B", "labs_letra": "VAJ", "labs_numero": "632", "labs_ident": "VAJ632", "notas1": "NÃO IDENTIFICAMOS O LOTE", "notas2": "N. DE LAB. CRIADO" } '),
(' { "codigo": "585771.0", "data acervo": "22/07/2020", "uuid": "8fd6c038-6c79-11eb-8268-07b904e87435", "localizador": "none", "local coleta": "none", "armazenada": "Caeté", "local atual": "58GR38WM+X5", "sureg": "Manaus", "caixa": "5371", "tipo": "Alíquota", "projeto": "1103", "coletor": "MM", "natureza": "S", "numero": "1077", "opcional": "B", "amostra": "1103-MM-S-1077B", "labs_letra": "VAJ", "labs_numero": "633", "labs_ident": "VAJ633", "notas1": "NÃO IDENTIFICAMOS O LOTE", "notas2": "N. DE LAB. CRIADO" } '),
(' { "codigo": "585772.0", "data acervo": "22/07/2020", "uuid": "8fd72e24-6c79-11eb-b54a-dbada68f7245", "localizador": "none", "local coleta": "none", "armazenada": "Caeté", "local atual": "58GR38WM+X5", "sureg": "Manaus", "caixa": "5371", "tipo": "Alíquota", "projeto": "1103", "coletor": "MM", "natureza": "L", "numero": "1079", "amostra": "1103-MM-L-1079", "labs_letra": "VAJ", "labs_numero": "634", "labs_ident": "VAJ634", "notas1": "NÃO IDENTIFICAMOS O LOTE", "notas2": "N. DE LAB. CRIADO" } '),
(' { "codigo": "585773.0", "data acervo": "22/07/2020", "uuid": "8fd7962a-6c79-11eb-90fd-a779cc81f3b7", "localizador": "none", "local coleta": "none", "armazenada": "Caeté", "local atual": "58GR38WM+X5", "sureg": "Manaus", "caixa": "5371", "tipo": "Alíquota", "projeto": "1103", "coletor": "MM", "natureza": "S", "numero": "1083", "opcional": "B", "amostra": "1103-MM-S-1083B", "labs_letra": "VAJ", "labs_numero": "635", "labs_ident": "VAJ635", "notas1": "NÃO IDENTIFICAMOS O LOTE", "notas2": "N. DE LAB. CRIADO" } '),
(' { "codigo": "585774.0", "data acervo": "22/07/2020", "uuid": "8fd7f0e8-6c79-11eb-93f4-1f91766fa5af", "localizador": "none", "local coleta": "none", "armazenada": "Caeté", "local atual": "58GR38WM+X5", "sureg": "Manaus", "caixa": "5371", "tipo": "Alíquota", "projeto": "1103", "coletor": "MM", "natureza": "S", "numero": "1116", "opcional": "A", "amostra": "1103-MM-S-1116A", "labs_letra": "VAJ", "labs_numero": "636", "labs_ident": "VAJ636", "notas1": "NÃO IDENTIFICAMOS O LOTE", "notas2": "N. DE LAB. CRIADO" } '),
(' { "codigo": "585775.0", "data acervo": "22/07/2020", "uuid": "8fd84a34-6c79-11eb-90cf-9b4085916a34", "localizador": "none", "local coleta": "none", "armazenada": "Caeté", "local atual": "58GR38WM+X5", "sureg": "Manaus", "caixa": "5371", "tipo": "Alíquota", "projeto": "1103", "coletor": "MM", "natureza": "S", "numero": "1153", "amostra": "1103-MM-S-1153", "labs_letra": "VAJ", "labs_numero": "637", "labs_ident": "VAJ637", "notas1": "NÃO IDENTIFICAMOS O LOTE", "notas2": "N. DE LAB. CRIADO" } '),
(' { "codigo": "585776.0", "data acervo": "22/07/2020", "uuid": "8fd8b744-6c79-11eb-a2db-53506e6ca234", "localizador": "none", "local coleta": "none", "armazenada": "Caeté", "local atual": "58GR38WM+X5", "sureg": "Manaus", "caixa": "5371", "tipo": "Alíquota", "projeto": "1103", "coletor": "MM", "natureza": "S", "numero": "1155", "opcional": "D", "amostra": "1103-MM-S-1155D", "labs_letra": "VAJ", "labs_numero": "638", "labs_ident": "VAJ638", "notas1": "NÃO IDENTIFICAMOS O LOTE", "notas2": "N. DE LAB. CRIADO" } '),
(' { "codigo": "585777.0", "data acervo": "22/07/2020", "uuid": "8fd913ce-6c79-11eb-ac48-fbb25156b539", "localizador": "none", "local coleta": "none", "armazenada": "Caeté", "local atual": "58GR38WM+X5", "sureg": "Manaus", "caixa": "5371", "tipo": "Alíquota", "projeto": "1103", "coletor": "MM", "natureza": "S", "numero": "1156", "opcional": "D", "amostra": "1103-MM-S-1156D", "labs_letra": "VAJ", "labs_numero": "639", "labs_ident": "VAJ639", "notas1": "NÃO IDENTIFICAMOS O LOTE", "notas2": "N. DE LAB. CRIADO" } '),
(' { "codigo": "585778.0", "data acervo": "22/07/2020", "uuid": "8fd9767a-6c79-11eb-812c-bf176d379d30", "localizador": "none", "local coleta": "none", "armazenada": "Caeté", "local atual": "58GR38WM+X5", "sureg": "Manaus", "caixa": "5372", "tipo": "Alíquota", "projeto": "1103", "coletor": "MM", "natureza": "S", "numero": "1174", "amostra": "1103-MM-S-1174", "labs_letra": "VAJ", "labs_numero": "640", "labs_ident": "VAJ640", "notas1": "NÃO IDENTIFICAMOS O LOTE", "notas2": "N. DE LAB. CRIADO" } '),
(' { "codigo": "585779.0", "data acervo": "22/07/2020", "uuid": "8fd9d642-6c79-11eb-ab54-af50c6f683f5", "localizador": "none", "local coleta": "none", "armazenada": "Caeté", "local atual": "58GR38WM+X5", "sureg": "Manaus", "caixa": "5372", "tipo": "Alíquota", "projeto": "1103", "coletor": "MM", "natureza": "S", "numero": "1180", "amostra": "1103-MM-S-1180", "labs_letra": "VAJ", "labs_numero": "641", "labs_ident": "VAJ641", "notas1": "NÃO IDENTIFICAMOS O LOTE", "notas2": "N. DE LAB. CRIADO" } '),
