(' { "codigo": "316948.0", "data acervo": "22/07/2020", "uuid": "f5c513ba-6c77-11eb-a404-f367c9be472c", "localizador": "none", "local coleta": "none", "armazenada": "Caeté", "local atual": "58GR38WM+X5", "sureg": "Salvador", "caixa": "1", "tipo": "Rec. Amostra", "projeto": "1181", "amostra": "1181---", "labs_numero": "HEO", "labs_operador": "365", "labs_ident": "HEO365" } '),
(' { "codigo": "352707.0", "data acervo": "22/07/2020", "uuid": "2c590c10-6c78-11eb-91af-53e7922b2216", "localizador": "none", "local coleta": "none", "armazenada": "Caeté", "local atual": "58GR38WM+X5", "sureg": "Belo Horizonte", "caixa": "0294", "tipo": "Alíquota", "projeto": "1181", "coletor": "VS", "natureza": "R", "numero": "0492", "opcional": "A", "amostra": "1181-VS-R-0492A", "labs_letra": "VAJ", "labs_numero": "495", "labs_ident": "VAJ495", "amostra_antigo": "VS-R-0492-1", "labs_numero_antigo": "4018", "labs_ano_antigo": 77.0, "labs_ident_antigo": "4018/77", "peso": 54.1 } '),
(' { "codigo": "352708.0", "data acervo": "22/07/2020", "uuid": "2c5976c8-6c78-11eb-b134-a781252ba74f", "localizador": "none", "local coleta": "none", "armazenada": "Caeté", "local atual": "58GR38WM+X5", "sureg": "Belo Horizonte", "caixa": "0294", "tipo": "Alíquota", "projeto": "1181", "coletor": "VS", "natureza": "R", "numero": "0492", "opcional": "B", "amostra": "1181-VS-R-0492B", "labs_letra": "VAJ", "labs_numero": "496", "labs_ident": "VAJ496", "amostra_antigo": "VS-R-0492-2", "labs_numero_antigo": "4019", "labs_ano_antigo": 77.0, "labs_ident_antigo": "4019/77", "peso": 30.0 } '),
(' { "codigo": "352709.0", "data acervo": "22/07/2020", "uuid": "2c59dcbc-6c78-11eb-a766-c3c873854267", "localizador": "none", "local coleta": "none", "armazenada": "Caeté", "local atual": "58GR38WM+X5", "sureg": "Belo Horizonte", "caixa": "0294", "tipo": "Alíquota", "projeto": "1181", "coletor": "VS", "natureza": "R", "numero": "0492", "opcional": "C", "amostra": "1181-VS-R-0492C", "labs_letra": "VAJ", "labs_numero": "497", "labs_ident": "VAJ497", "amostra_antigo": "VS-R-0492-3", "labs_numero_antigo": "4020", "labs_ano_antigo": 77.0, "labs_ident_antigo": "4020/77", "peso": 40.0 } '),
(' { "codigo": "352710.0", "data acervo": "22/07/2020", "uuid": "2c5a3e96-6c78-11eb-9d62-97097d539033", "localizador": "none", "local coleta": "none", "armazenada": "Caeté", "local atual": "58GR38WM+X5", "sureg": "Belo Horizonte", "caixa": "0294", "tipo": "Alíquota", "projeto": "1181", "coletor": "VS", "natureza": "R", "numero": "0494", "opcional": "A", "amostra": "1181-VS-R-0494A", "labs_letra": "VAJ", "labs_numero": "498", "labs_ident": "VAJ498", "labs_numero_antigo": "4021", "labs_ano_antigo": 77.0, "labs_ident_antigo": "4021/77", "peso": 42.8 } '),
(' { "codigo": "352711.0", "data acervo": "22/07/2020", "uuid": "2c5aa214-6c78-11eb-b66e-6b91fa305351", "localizador": "none", "local coleta": "none", "armazenada": "Caeté", "local atual": "58GR38WM+X5", "sureg": "Belo Horizonte", "caixa": "0295", "tipo": "Alíquota", "projeto": "1181", "coletor": "VS", "natureza": "R", "numero": "0491", "amostra": "1181-VS-R-0491", "labs_letra": "VAJ", "labs_numero": "499", "labs_ident": "VAJ499", "labs_numero_antigo": "4022", "labs_ano_antigo": 77.0, "labs_ident_antigo": "4022/77", "peso": 51.8 } '),
(' { "codigo": "352712.0", "data acervo": "22/07/2020", "uuid": "2c5afea8-6c78-11eb-89c6-c3b34d6aafc6", "localizador": "none", "local coleta": "none", "armazenada": "Caeté", "local atual": "58GR38WM+X5", "sureg": "Belo Horizonte", "caixa": "0295", "tipo": "Alíquota", "projeto": "1181", "coletor": "SS", "natureza": "R", "numero": "0184", "opcional": "A", "amostra": "1181-SS-R-0184A", "labs_letra": "VAJ", "labs_numero": "500", "labs_ident": "VAJ500", "labs_numero_antigo": "6656", "labs_ano_antigo": 77.0, "labs_ident_antigo": "6656/77", "peso": 74.5 } '),
(' { "codigo": "352713.0", "data acervo": "22/07/2020", "uuid": "2c5b647e-6c78-11eb-b9e8-874117a5be6e", "localizador": "none", "local coleta": "none", "armazenada": "Caeté", "local atual": "58GR38WM+X5", "sureg": "Belo Horizonte", "caixa": "0295", "tipo": "Alíquota", "projeto": "1181", "coletor": "SS", "natureza": "R", "numero": "0187", "opcional": "A", "amostra": "1181-SS-R-0187A", "labs_letra": "VAJ", "labs_numero": "501", "labs_ident": "VAJ501", "labs_numero_antigo": "6657", "labs_ano_antigo": 77.0, "labs_ident_antigo": "6657/77", "peso": 83.6 } '),
(' { "codigo": "352714.0", "data acervo": "22/07/2020", "uuid": "2c5bc40a-6c78-11eb-b1be-47b22907b2ec", "localizador": "none", "local coleta": "none", "armazenada": "Caeté", "local atual": "58GR38WM+X5", "sureg": "Belo Horizonte", "caixa": "0295", "tipo": "Alíquota", "projeto": "1181", "coletor": "SS", "natureza": "R", "numero": "0187", "opcional": "B", "amostra": "1181-SS-R-0187B", "labs_letra": "VAJ", "labs_numero": "502", "labs_ident": "VAJ502", "labs_numero_antigo": "6658", "labs_ano_antigo": 77.0, "labs_ident_antigo": "6658/77", "peso": 63.1 } '),
(' { "codigo": "352715.0", "data acervo": "22/07/2020", "uuid": "2c5c22ec-6c78-11eb-a95c-43f610059e8c", "localizador": "none", "local coleta": "none", "armazenada": "Caeté", "local atual": "58GR38WM+X5", "sureg": "Belo Horizonte", "caixa": "0295", "tipo": "Alíquota", "projeto": "1181", "coletor": "SS", "natureza": "R", "numero": "0188", "amostra": "1181-SS-R-0188", "labs_letra": "VAJ", "labs_numero": "503", "labs_ident": "VAJ503", "labs_numero_antigo": "6659", "labs_ano_antigo": 77.0, "labs_ident_antigo": "6659/77", "peso": 74.4 } '),
(' { "codigo": "352716.0", "data acervo": "22/07/2020", "uuid": "2c5c869c-6c78-11eb-acf7-bfb2c6266188", "localizador": "none", "local coleta": "none", "armazenada": "Caeté", "local atual": "58GR38WM+X5", "sureg": "Belo Horizonte", "caixa": "0295", "tipo": "Alíquota", "projeto": "1181", "coletor": "SS", "natureza": "R", "numero": "0191", "amostra": "1181-SS-R-0191", "labs_letra": "VAJ", "labs_numero": "504", "labs_ident": "VAJ504", "labs_numero_antigo": "6660", "labs_ano_antigo": 77.0, "labs_ident_antigo": "6660/77", "peso": 61.0 } '),
(' { "codigo": "352717.0", "data acervo": "22/07/2020", "uuid": "2c5cf24e-6c78-11eb-8090-735ee7caae11", "localizador": "none", "local coleta": "none", "armazenada": "Caeté", "local atual": "58GR38WM+X5", "sureg": "Belo Horizonte", "caixa": "0295", "tipo": "Alíquota", "projeto": "1181", "coletor": "SS", "natureza": "R", "numero": "0209", "opcional": "A", "amostra": "1181-SS-R-0209A", "labs_letra": "VAJ", "labs_numero": "505", "labs_ident": "VAJ505", "labs_numero_antigo": "6661", "labs_ano_antigo": 77.0, "labs_ident_antigo": "6661/77", "peso": 68.2 } '),
(' { "codigo": "352718.0", "data acervo": "22/07/2020", "uuid": "2c5d5bda-6c78-11eb-9e69-d7c82eb9f54e", "localizador": "none", "local coleta": "none", "armazenada": "Caeté", "local atual": "58GR38WM+X5", "sureg": "Belo Horizonte", "caixa": "0295", "tipo": "Alíquota", "projeto": "1181", "coletor": "SS", "natureza": "R", "numero": "0224", "amostra": "1181-SS-R-0224", "labs_letra": "VAJ", "labs_numero": "506", "labs_ident": "VAJ506", "labs_numero_antigo": "6662", "labs_ano_antigo": 77.0, "labs_ident_antigo": "6662/77", "peso": 65.7 } '),
(' { "codigo": "352719.0", "data acervo": "22/07/2020", "uuid": "2c5db90e-6c78-11eb-bae7-530b8fa9b545", "localizador": "none", "local coleta": "none", "armazenada": "Caeté", "local atual": "58GR38WM+X5", "sureg": "Belo Horizonte", "caixa": "0295", "tipo": "Alíquota", "projeto": "1181", "coletor": "SS", "natureza": "R", "numero": "0227", "opcional": "B", "amostra": "1181-SS-R-0227B", "labs_letra": "VAJ", "labs_numero": "507", "labs_ident": "VAJ507", "labs_numero_antigo": "6663", "labs_ano_antigo": 77.0, "labs_ident_antigo": "6663/77", "peso": 77.6 } '),
(' { "codigo": "352720.0", "data acervo": "22/07/2020", "uuid": "2c5e23f8-6c78-11eb-9551-479c5a795532", "localizador": "none", "local coleta": "none", "armazenada": "Caeté", "local atual": "58GR38WM+X5", "sureg": "Belo Horizonte", "caixa": "0295", "tipo": "Alíquota", "projeto": "1181", "coletor": "SS", "natureza": "R", "numero": "0230", "amostra": "1181-SS-R-0230", "labs_letra": "VAJ", "labs_numero": "508", "labs_ident": "VAJ508", "labs_numero_antigo": "6664", "labs_ano_antigo": 77.0, "labs_ident_antigo": "6664/77", "peso": 56.3 } '),
(' { "codigo": "352721.0", "data acervo": "22/07/2020", "uuid": "2c5e87da-6c78-11eb-aec3-3f370813133e", "localizador": "none", "local coleta": "none", "armazenada": "Caeté", "local atual": "58GR38WM+X5", "sureg": "Belo Horizonte", "caixa": "0295", "tipo": "Alíquota", "projeto": "1181", "coletor": "SS", "natureza": "R", "numero": "0454", "opcional": "C", "amostra": "1181-SS-R-0454C", "labs_letra": "VAJ", "labs_numero": "509", "labs_ident": "VAJ509", "labs_numero_antigo": "6665", "labs_ano_antigo": 77.0, "labs_ident_antigo": "6665/77", "peso": 133.2, "quant": "2" } '),
(' { "codigo": "352722.0", "data acervo": "22/07/2020", "uuid": "2c5ee93c-6c78-11eb-a0c8-cf1d1628fbd2", "localizador": "none", "local coleta": "none", "armazenada": "Caeté", "local atual": "58GR38WM+X5", "sureg": "Belo Horizonte", "caixa": "0295", "tipo": "Alíquota", "projeto": "1181", "coletor": "CQ", "natureza": "R", "numero": "0003", "amostra": "1181-CQ-R-0003", "labs_letra": "VAJ", "labs_numero": "510", "labs_ident": "VAJ510", "labs_numero_antigo": "6839", "labs_ano_antigo": 77.0, "labs_ident_antigo": "6839/77", "peso": 63.4 } '),
(' { "codigo": "352723.0", "data acervo": "22/07/2020", "uuid": "2c5f4d3c-6c78-11eb-91fa-e37171977d79", "localizador": "none", "local coleta": "none", "armazenada": "Caeté", "local atual": "58GR38WM+X5", "sureg": "Belo Horizonte", "caixa": "0295", "tipo": "Alíquota", "projeto": "1181", "coletor": "CQ", "natureza": "R", "numero": "0004", "amostra": "1181-CQ-R-0004", "labs_letra": "VAJ", "labs_numero": "511", "labs_ident": "VAJ511", "labs_numero_antigo": "6840", "labs_ano_antigo": 77.0, "labs_ident_antigo": "6840/77", "peso": 64.0 } '),
(' { "codigo": "352724.0", "data acervo": "22/07/2020", "uuid": "2c5fbaba-6c78-11eb-b25d-e74899b3728e", "localizador": "none", "local coleta": "none", "armazenada": "Caeté", "local atual": "58GR38WM+X5", "sureg": "Belo Horizonte", "caixa": "0295", "tipo": "Alíquota", "projeto": "1181", "coletor": "VS", "natureza": "R", "numero": "0410", "opcional": "A", "amostra": "1181-VS-R-0410A", "labs_letra": "VAJ", "labs_numero": "512", "labs_ident": "VAJ512", "labs_numero_antigo": "6841", "labs_ano_antigo": 77.0, "labs_ident_antigo": "6841/77", "peso": 55.7 } '),
(' { "codigo": "352725.0", "data acervo": "22/07/2020", "uuid": "2c60128a-6c78-11eb-b99e-83aa05c6b144", "localizador": "none", "local coleta": "none", "armazenada": "Caeté", "local atual": "58GR38WM+X5", "sureg": "Belo Horizonte", "caixa": "0295", "tipo": "Alíquota", "projeto": "1181", "coletor": "VS", "natureza": "R", "numero": "0412", "amostra": "1181-VS-R-0412", "labs_letra": "VAJ", "labs_numero": "513", "labs_ident": "VAJ513", "labs_numero_antigo": "6842", "labs_ano_antigo": 77.0, "labs_ident_antigo": "6842/77", "peso": 72.2 } '),
(' { "codigo": "352726.0", "data acervo": "22/07/2020", "uuid": "2c606adc-6c78-11eb-baee-4767ec89e090", "localizador": "none", "local coleta": "none", "armazenada": "Caeté", "local atual": "58GR38WM+X5", "sureg": "Belo Horizonte", "caixa": "0295", "tipo": "Alíquota", "projeto": "1181", "coletor": "VS", "natureza": "R", "numero": "0571", "amostra": "1181-VS-R-0571", "labs_letra": "VAJ", "labs_numero": "514", "labs_ident": "VAJ514", "labs_numero_antigo": "6843", "labs_ano_antigo": 77.0, "labs_ident_antigo": "6843/77", "peso": 77.8 } '),
(' { "codigo": "352727.0", "data acervo": "22/07/2020", "uuid": "2c60cc52-6c78-11eb-b479-af917e96e538", "localizador": "none", "local coleta": "none", "armazenada": "Caeté", "local atual": "58GR38WM+X5", "sureg": "Belo Horizonte", "caixa": "0295", "tipo": "Alíquota", "projeto": "1181", "coletor": "VS", "natureza": "R", "numero": "0572", "amostra": "1181-VS-R-0572", "labs_letra": "VAJ", "labs_numero": "515", "labs_ident": "VAJ515", "labs_numero_antigo": "6844", "labs_ano_antigo": 77.0, "labs_ident_antigo": "6844/77", "peso": 39.6 } '),
(' { "codigo": "352728.0", "data acervo": "22/07/2020", "uuid": "2c6132e6-6c78-11eb-8dd1-230f70a3ef9f", "localizador": "none", "local coleta": "none", "armazenada": "Caeté", "local atual": "58GR38WM+X5", "sureg": "Belo Horizonte", "caixa": "0295", "tipo": "Alíquota", "projeto": "1181", "coletor": "SS", "natureza": "R", "numero": "0559", "amostra": "1181-SS-R-0559", "labs_letra": "VAJ", "labs_numero": "516", "labs_ident": "VAJ516", "labs_numero_antigo": "6845", "labs_ano_antigo": 77.0, "labs_ident_antigo": "6845/77", "peso": 51.3 } '),
(' { "codigo": "352729.0", "data acervo": "22/07/2020", "uuid": "2c619808-6c78-11eb-b545-370db5ae53d6", "localizador": "none", "local coleta": "none", "armazenada": "Caeté", "local atual": "58GR38WM+X5", "sureg": "Belo Horizonte", "caixa": "0295", "tipo": "Alíquota", "projeto": "1181", "coletor": "SS", "natureza": "R", "numero": "0562", "amostra": "1181-SS-R-0562", "labs_letra": "VAJ", "labs_numero": "517", "labs_ident": "VAJ517", "labs_numero_antigo": "6846", "labs_ano_antigo": 77.0, "labs_ident_antigo": "6846/77", "peso": 55.3 } '),
(' { "codigo": "352730.0", "data acervo": "22/07/2020", "uuid": "2c61f74e-6c78-11eb-9fad-5788a5b7ed39", "localizador": "none", "local coleta": "none", "armazenada": "Caeté", "local atual": "58GR38WM+X5", "sureg": "Belo Horizonte", "caixa": "0295", "tipo": "Alíquota", "projeto": "1181", "coletor": "SS", "natureza": "R", "numero": "0502", "amostra": "1181-SS-R-0502", "labs_letra": "VAJ", "labs_numero": "518", "labs_ident": "VAJ518", "labs_numero_antigo": "6847", "labs_ano_antigo": 77.0, "labs_ident_antigo": "6847/77", "peso": 60.2 } '),
(' { "codigo": "352731.0", "data acervo": "22/07/2020", "uuid": "2c625518-6c78-11eb-a004-7baf7ed83d21", "localizador": "none", "local coleta": "none", "armazenada": "Caeté", "local atual": "58GR38WM+X5", "sureg": "Belo Horizonte", "caixa": "0295", "tipo": "Alíquota", "projeto": "1181", "coletor": "SS", "natureza": "R", "numero": "0290", "amostra": "1181-SS-R-0290", "labs_letra": "VAJ", "labs_numero": "519", "labs_ident": "VAJ519", "labs_numero_antigo": "6848", "labs_ano_antigo": 77.0, "labs_ident_antigo": "6848/77", "peso": 44.7 } '),
(' { "codigo": "352732.0", "data acervo": "22/07/2020", "uuid": "2c62b6d4-6c78-11eb-9abb-9329e924599d", "localizador": "none", "local coleta": "none", "armazenada": "Caeté", "local atual": "58GR38WM+X5", "sureg": "Belo Horizonte", "caixa": "0295", "tipo": "Alíquota", "projeto": "1181", "coletor": "SS", "natureza": "R", "numero": "0275", "opcional": "B", "amostra": "1181-SS-R-0275B", "labs_letra": "VAJ", "labs_numero": "520", "labs_ident": "VAJ520", "labs_numero_antigo": "6849", "labs_ano_antigo": 77.0, "labs_ident_antigo": "6849/77", "peso": 52.2 } '),
(' { "codigo": "352733.0", "data acervo": "22/07/2020", "uuid": "2c631386-6c78-11eb-82ee-f7aed21685d2", "localizador": "none", "local coleta": "none", "armazenada": "Caeté", "local atual": "58GR38WM+X5", "sureg": "Belo Horizonte", "caixa": "0295", "tipo": "Alíquota", "projeto": "1181", "coletor": "SS", "natureza": "R", "numero": "0512", "amostra": "1181-SS-R-0512", "labs_letra": "VAJ", "labs_numero": "521", "labs_ident": "VAJ521", "labs_numero_antigo": "6850", "labs_ano_antigo": 77.0, "labs_ident_antigo": "6850/77", "peso": 63.2 } '),
(' { "codigo": "352734.0", "data acervo": "22/07/2020", "uuid": "2c636cf0-6c78-11eb-8324-d7465e982f37", "localizador": "none", "local coleta": "none", "armazenada": "Caeté", "local atual": "58GR38WM+X5", "sureg": "Belo Horizonte", "caixa": "0295", "tipo": "Alíquota", "projeto": "1181", "coletor": "VS", "natureza": "R", "numero": "0296", "amostra": "1181-VS-R-0296", "labs_letra": "VAJ", "labs_numero": "522", "labs_ident": "VAJ522", "labs_numero_antigo": "6176", "labs_ano_antigo": 77.0, "labs_ident_antigo": "6176/77", "peso": 63.5 } '),
(' { "codigo": "352735.0", "data acervo": "22/07/2020", "uuid": "2c63c970-6c78-11eb-860c-dfffae584ca6", "localizador": "none", "local coleta": "none", "armazenada": "Caeté", "local atual": "58GR38WM+X5", "sureg": "Belo Horizonte", "caixa": "0295", "tipo": "Alíquota", "projeto": "1181", "coletor": "VS", "natureza": "R", "numero": "0509", "amostra": "1181-VS-R-0509", "labs_letra": "VAJ", "labs_numero": "523", "labs_ident": "VAJ523", "labs_numero_antigo": "6177", "labs_ano_antigo": 77.0, "labs_ident_antigo": "6177/77", "peso": 65.0 } '),
(' { "codigo": "352736.0", "data acervo": "22/07/2020", "uuid": "2c642816-6c78-11eb-a20d-3fd27207e06c", "localizador": "none", "local coleta": "none", "armazenada": "Caeté", "local atual": "58GR38WM+X5", "sureg": "Belo Horizonte", "caixa": "0295", "tipo": "Alíquota", "projeto": "1181", "coletor": "VS", "natureza": "R", "numero": "0512", "amostra": "1181-VS-R-0512", "labs_letra": "VAJ", "labs_numero": "524", "labs_ident": "VAJ524", "labs_numero_antigo": "6179", "labs_ano_antigo": 77.0, "labs_ident_antigo": "6179/77", "peso": 46.5 } '),
