(' { "codigo": "470927.0", "data acervo": "22/07/2020", "uuid": "e09a9ae0-6c78-11eb-9714-97df288ade16", "localizador": "none", "local coleta": "none", "armazenada": "Caeté", "local atual": "58GR38WM+X5", "sureg": "Recife", "caixa": "2872", "tipo": "Alíquota", "lote": "2316/RE", "projeto": "1572", "coletor": "CC", "natureza": "R", "numero": "0069", "amostra": "1572-CC-R-0069", "labs_letra": "FAR", "labs_numero": "717", "labs_ident": "FAR717" } '),
(' { "codigo": "470928.0", "data acervo": "22/07/2020", "uuid": "e09b057a-6c78-11eb-a963-9b61e9518723", "localizador": "none", "local coleta": "none", "armazenada": "Caeté", "local atual": "58GR38WM+X5", "sureg": "Recife", "caixa": "2872", "tipo": "Alíquota", "lote": "2316/RE", "projeto": "1572", "coletor": "CC", "natureza": "R", "numero": "0039", "amostra": "1572-CC-R-0039", "labs_letra": "FAR", "labs_numero": "718", "labs_ident": "FAR718" } '),
(' { "codigo": "470929.0", "data acervo": "22/07/2020", "uuid": "e09b6880-6c78-11eb-8e27-63a624c46663", "localizador": "none", "local coleta": "none", "armazenada": "Caeté", "local atual": "58GR38WM+X5", "sureg": "Recife", "caixa": "2872", "tipo": "Alíquota", "lote": "2316/RE", "projeto": "1572", "coletor": "CC", "natureza": "R", "numero": "0049", "opcional": "A", "amostra": "1572-CC-R-0049A", "labs_letra": "FAR", "labs_numero": "719", "labs_ident": "FAR719" } '),
(' { "codigo": "470930.0", "data acervo": "22/07/2020", "uuid": "e09bd3ce-6c78-11eb-b4c3-aff1d645fb26", "localizador": "none", "local coleta": "none", "armazenada": "Caeté", "local atual": "58GR38WM+X5", "sureg": "Recife", "caixa": "2872", "tipo": "Alíquota", "lote": "2316/RE", "projeto": "1572", "coletor": "CC", "natureza": "R", "numero": "0191", "amostra": "1572-CC-R-0191", "labs_letra": "FAR", "labs_numero": "720", "labs_ident": "FAR720" } '),
(' { "codigo": "470931.0", "data acervo": "22/07/2020", "uuid": "e09c32d8-6c78-11eb-8786-574a7d7451d9", "localizador": "none", "local coleta": "none", "armazenada": "Caeté", "local atual": "58GR38WM+X5", "sureg": "Recife", "caixa": "2872", "tipo": "Alíquota", "lote": "2316/RE", "projeto": "1572", "coletor": "CC", "natureza": "R", "numero": "0043", "amostra": "1572-CC-R-0043", "labs_letra": "FAR", "labs_numero": "721", "labs_ident": "FAR721" } '),
(' { "codigo": "470932.0", "data acervo": "22/07/2020", "uuid": "e09c964c-6c78-11eb-a11b-33c5c5811aeb", "localizador": "none", "local coleta": "none", "armazenada": "Caeté", "local atual": "58GR38WM+X5", "sureg": "Recife", "caixa": "2872", "tipo": "Alíquota", "lote": "2316/RE", "projeto": "1572", "coletor": "CC", "natureza": "R", "numero": "0050", "amostra": "1572-CC-R-0050", "labs_letra": "FAR", "labs_numero": "722", "labs_ident": "FAR722" } '),
(' { "codigo": "470933.0", "data acervo": "22/07/2020", "uuid": "e09d017c-6c78-11eb-b811-63aeedcf2722", "localizador": "none", "local coleta": "none", "armazenada": "Caeté", "local atual": "58GR38WM+X5", "sureg": "Recife", "caixa": "2872", "tipo": "Alíquota", "lote": "2316/RE", "projeto": "1572", "coletor": "CC", "natureza": "R", "numero": "0203", "amostra": "1572-CC-R-0203", "labs_letra": "FAR", "labs_numero": "723", "labs_ident": "FAR723" } '),
(' { "codigo": "470934.0", "data acervo": "22/07/2020", "uuid": "e09d69dc-6c78-11eb-b91b-970462d8182d", "localizador": "none", "local coleta": "none", "armazenada": "Caeté", "local atual": "58GR38WM+X5", "sureg": "Recife", "caixa": "2872", "tipo": "Alíquota", "lote": "2316/RE", "projeto": "1572", "coletor": "VM", "natureza": "R", "numero": "0079", "amostra": "1572-VM-R-0079", "labs_letra": "FAR", "labs_numero": "724", "labs_ident": "FAR724" } '),
(' { "codigo": "470935.0", "data acervo": "22/07/2020", "uuid": "e09dd5d4-6c78-11eb-a29b-2bc647f9dda9", "localizador": "none", "local coleta": "none", "armazenada": "Caeté", "local atual": "58GR38WM+X5", "sureg": "Recife", "caixa": "2872", "tipo": "Alíquota", "lote": "2316/RE", "projeto": "1572", "coletor": "VM", "natureza": "R", "numero": "0081", "amostra": "1572-VM-R-0081", "labs_letra": "FAR", "labs_numero": "725", "labs_ident": "FAR725" } '),
(' { "codigo": "470936.0", "data acervo": "22/07/2020", "uuid": "e09e4186-6c78-11eb-9611-ef0e37c92b90", "localizador": "none", "local coleta": "none", "armazenada": "Caeté", "local atual": "58GR38WM+X5", "sureg": "Recife", "caixa": "2872", "tipo": "Alíquota", "lote": "2316/RE", "projeto": "1572", "coletor": "IP", "natureza": "R", "numero": "0029", "opcional": "B", "amostra": "1572-IP-R-0029B", "labs_letra": "FAR", "labs_numero": "726", "labs_ident": "FAR726" } '),
(' { "codigo": "470937.0", "data acervo": "22/07/2020", "uuid": "e09eadce-6c78-11eb-b3cb-1f8372409c41", "localizador": "none", "local coleta": "none", "armazenada": "Caeté", "local atual": "58GR38WM+X5", "sureg": "Recife", "caixa": "2872", "tipo": "Alíquota", "lote": "2316/RE", "projeto": "1572", "coletor": "IP", "natureza": "R", "numero": "0049", "amostra": "1572-IP-R-0049", "labs_letra": "FAR", "labs_numero": "727", "labs_ident": "FAR727" } '),
(' { "codigo": "470938.0", "data acervo": "22/07/2020", "uuid": "e09f17f0-6c78-11eb-ac68-f3079eb36a2c", "localizador": "none", "local coleta": "none", "armazenada": "Caeté", "local atual": "58GR38WM+X5", "sureg": "Recife", "caixa": "2872", "tipo": "Alíquota", "lote": "2316/RE", "projeto": "1572", "coletor": "IP", "natureza": "R", "numero": "0048", "opcional": "B", "amostra": "1572-IP-R-0048B", "labs_letra": "FAR", "labs_numero": "728", "labs_ident": "FAR728" } '),
(' { "codigo": "470939.0", "data acervo": "22/07/2020", "uuid": "e09f85be-6c78-11eb-a66d-d77b070e6ed6", "localizador": "none", "local coleta": "none", "armazenada": "Caeté", "local atual": "58GR38WM+X5", "sureg": "Recife", "caixa": "2872", "tipo": "Alíquota", "lote": "2316/RE", "projeto": "1572", "coletor": "IP", "natureza": "R", "numero": "0100", "amostra": "1572-IP-R-0100", "labs_letra": "FAR", "labs_numero": "729", "labs_ident": "FAR729" } '),
(' { "codigo": "470940.0", "data acervo": "22/07/2020", "uuid": "e09ff24c-6c78-11eb-974a-57bca17939dd", "localizador": "none", "local coleta": "none", "armazenada": "Caeté", "local atual": "58GR38WM+X5", "sureg": "Recife", "caixa": "2872", "tipo": "Alíquota", "lote": "2316/RE", "projeto": "1572", "coletor": "IP", "natureza": "R", "numero": "0094", "amostra": "1572-IP-R-0094", "labs_letra": "FAR", "labs_numero": "730", "labs_ident": "FAR730" } '),
(' { "codigo": "470941.0", "data acervo": "22/07/2020", "uuid": "e0a0539a-6c78-11eb-9b7a-37eb12af2ab5", "localizador": "none", "local coleta": "none", "armazenada": "Caeté", "local atual": "58GR38WM+X5", "sureg": "Recife", "caixa": "2872", "tipo": "Alíquota", "lote": "2316/RE", "projeto": "1572", "coletor": "IP", "natureza": "R", "numero": "0109", "amostra": "1572-IP-R-0109", "labs_letra": "FAR", "labs_numero": "731", "labs_ident": "FAR731" } '),
(' { "codigo": "470942.0", "data acervo": "22/07/2020", "uuid": "e0a0beca-6c78-11eb-9eb5-6767344a6526", "localizador": "none", "local coleta": "none", "armazenada": "Caeté", "local atual": "58GR38WM+X5", "sureg": "Recife", "caixa": "2872", "tipo": "Alíquota", "lote": "2636/RE", "projeto": "1572", "coletor": "CC", "natureza": "R", "numero": "0344", "amostra": "1572-CC-R-0344", "labs_letra": "FAS", "labs_numero": "823", "labs_ident": "FAS823" } '),
(' { "codigo": "470943.0", "data acervo": "22/07/2020", "uuid": "e0a121f8-6c78-11eb-a866-0f05c9e3a580", "localizador": "none", "local coleta": "none", "armazenada": "Caeté", "local atual": "58GR38WM+X5", "sureg": "Recife", "caixa": "2872", "tipo": "Alíquota", "lote": "2637/RE", "projeto": "1572", "coletor": "IP", "natureza": "R", "numero": "0232", "amostra": "1572-IP-R-0232", "labs_letra": "FAS", "labs_numero": "824", "labs_ident": "FAS824" } '),
(' { "codigo": "470944.0", "data acervo": "22/07/2020", "uuid": "e0a18ce2-6c78-11eb-bfa1-870281f845b5", "localizador": "none", "local coleta": "none", "armazenada": "Caeté", "local atual": "58GR38WM+X5", "sureg": "Recife", "caixa": "2872", "tipo": "Alíquota", "lote": "2638/RE", "projeto": "1572", "coletor": "VM", "natureza": "R", "numero": "0169", "amostra": "1572-VM-R-0169", "labs_letra": "FAS", "labs_numero": "825", "labs_ident": "FAS825" } '),
(' { "codigo": "470945.0", "data acervo": "22/07/2020", "uuid": "e0a1e2a0-6c78-11eb-87c4-f75113b6a957", "localizador": "none", "local coleta": "none", "armazenada": "Caeté", "local atual": "58GR38WM+X5", "sureg": "Recife", "caixa": "2872", "tipo": "Alíquota", "lote": "2639/RE", "projeto": "1572", "coletor": "VM", "natureza": "R", "numero": "0167", "amostra": "1572-VM-R-0167", "labs_letra": "FAS", "labs_numero": "826", "labs_ident": "FAS826" } '),
(' { "codigo": "470946.0", "data acervo": "22/07/2020", "uuid": "e0a24862-6c78-11eb-bd5e-4b56ac06fe19", "localizador": "none", "local coleta": "none", "armazenada": "Caeté", "local atual": "58GR38WM+X5", "sureg": "Recife", "caixa": "2872", "tipo": "Alíquota", "lote": "2640/RE", "projeto": "1572", "coletor": "IP", "natureza": "R", "numero": "0235", "amostra": "1572-IP-R-0235", "labs_letra": "FAS", "labs_numero": "827", "labs_ident": "FAS827" } '),
(' { "codigo": "470947.0", "data acervo": "22/07/2020", "uuid": "e0a2a46a-6c78-11eb-a0dc-6be0881aea66", "localizador": "none", "local coleta": "none", "armazenada": "Caeté", "local atual": "58GR38WM+X5", "sureg": "Recife", "caixa": "2872", "tipo": "Alíquota", "lote": "2641/RE", "projeto": "1572", "coletor": "VM", "natureza": "R", "numero": "0166", "amostra": "1572-VM-R-0166", "labs_letra": "FAS", "labs_numero": "828", "labs_ident": "FAS828" } '),
(' { "codigo": "470948.0", "data acervo": "22/07/2020", "uuid": "e0a30ce8-6c78-11eb-966a-b73483bee5d7", "localizador": "none", "local coleta": "none", "armazenada": "Caeté", "local atual": "58GR38WM+X5", "sureg": "Recife", "caixa": "2872", "tipo": "Alíquota", "lote": "2641/RE", "projeto": "1572", "coletor": "IP", "natureza": "R", "numero": "0234", "opcional": "B", "amostra": "1572-IP-R-0234B", "labs_letra": "FAS", "labs_numero": "829", "labs_ident": "FAS829" } '),
(' { "codigo": "470949.0", "data acervo": "22/07/2020", "uuid": "e0a371ce-6c78-11eb-9b0f-4f7824cf5b05", "localizador": "none", "local coleta": "none", "armazenada": "Caeté", "local atual": "58GR38WM+X5", "sureg": "Recife", "caixa": "2872", "tipo": "Alíquota", "lote": "2642/RE", "projeto": "1572", "coletor": "IP", "natureza": "R", "numero": "0233", "amostra": "1572-IP-R-0233", "labs_letra": "FAS", "labs_numero": "830", "labs_ident": "FAS830" } '),
(' { "codigo": "470950.0", "data acervo": "22/07/2020", "uuid": "e0a3d1fa-6c78-11eb-b003-fb42c948300f", "localizador": "none", "local coleta": "none", "armazenada": "Caeté", "local atual": "58GR38WM+X5", "sureg": "Recife", "caixa": "2872", "tipo": "Alíquota", "lote": "2642/RE", "projeto": "1572", "coletor": "IP", "natureza": "R", "numero": "0234", "opcional": "A", "amostra": "1572-IP-R-0234A", "labs_letra": "FAS", "labs_numero": "831", "labs_ident": "FAS831" } '),
(' { "codigo": "470951.0", "data acervo": "22/07/2020", "uuid": "e0a4392e-6c78-11eb-801c-6f164393bd09", "localizador": "none", "local coleta": "none", "armazenada": "Caeté", "local atual": "58GR38WM+X5", "sureg": "Recife", "caixa": "2872", "tipo": "Alíquota", "lote": "2643/RE", "projeto": "1572", "coletor": "VM", "natureza": "R", "numero": "0165", "amostra": "1572-VM-R-0165", "labs_letra": "FAS", "labs_numero": "832", "labs_ident": "FAS832" } '),
(' { "codigo": "470952.0", "data acervo": "22/07/2020", "uuid": "e0a49ce8-6c78-11eb-8306-d7c72bb5850c", "localizador": "none", "local coleta": "none", "armazenada": "Caeté", "local atual": "58GR38WM+X5", "sureg": "Recife", "caixa": "2872", "tipo": "Alíquota", "lote": "2643/RE", "projeto": "1572", "coletor": "VM", "natureza": "R", "numero": "0170", "amostra": "1572-VM-R-0170", "labs_letra": "FAS", "labs_numero": "833", "labs_ident": "FAS833" } '),
(' { "codigo": "470953.0", "data acervo": "22/07/2020", "uuid": "e0a4ff4e-6c78-11eb-b485-477b5702cf09", "localizador": "none", "local coleta": "none", "armazenada": "Caeté", "local atual": "58GR38WM+X5", "sureg": "Recife", "caixa": "2872", "tipo": "Alíquota", "lote": "2643/RE", "projeto": "1572", "coletor": "IP", "natureza": "R", "numero": "0196", "amostra": "1572-IP-R-0196", "labs_letra": "FAS", "labs_numero": "834", "labs_ident": "FAS834" } '),
(' { "codigo": "470954.0", "data acervo": "22/07/2020", "uuid": "e0a56a24-6c78-11eb-a452-8f97bfdf520c", "localizador": "none", "local coleta": "none", "armazenada": "Caeté", "local atual": "58GR38WM+X5", "sureg": "Recife", "caixa": "2872", "tipo": "Alíquota", "lote": "2644/RE", "projeto": "1572", "coletor": "CC", "natureza": "R", "numero": "0132", "amostra": "1572-CC-R-0132", "labs_letra": "FAS", "labs_numero": "835", "labs_ident": "FAS835" } '),
(' { "codigo": "470955.0", "data acervo": "22/07/2020", "uuid": "e0a5c816-6c78-11eb-b6e7-1b29adb6b707", "localizador": "none", "local coleta": "none", "armazenada": "Caeté", "local atual": "58GR38WM+X5", "sureg": "Recife", "caixa": "2872", "tipo": "Alíquota", "lote": "2644/RE", "projeto": "1572", "coletor": "CC", "natureza": "R", "numero": "0336", "amostra": "1572-CC-R-0336", "labs_letra": "FAS", "labs_numero": "836", "labs_ident": "FAS836" } '),
(' { "codigo": "470956.0", "data acervo": "22/07/2020", "uuid": "e0a633f0-6c78-11eb-8eb0-eb044c323138", "localizador": "none", "local coleta": "none", "armazenada": "Caeté", "local atual": "58GR38WM+X5", "sureg": "Recife", "caixa": "2872", "tipo": "Alíquota", "lote": "2644/RE", "projeto": "1572", "coletor": "CC", "natureza": "R", "numero": "0337", "amostra": "1572-CC-R-0337", "labs_letra": "FAS", "labs_numero": "837", "labs_ident": "FAS837" } '),
(' { "codigo": "470957.0", "data acervo": "22/07/2020", "uuid": "e0a69174-6c78-11eb-8071-374473dd3884", "localizador": "none", "local coleta": "none", "armazenada": "Caeté", "local atual": "58GR38WM+X5", "sureg": "Recife", "caixa": "2872", "tipo": "Alíquota", "lote": "2644/RE", "projeto": "1572", "coletor": "IP", "natureza": "R", "numero": "0231", "amostra": "1572-IP-R-0231", "labs_letra": "FAS", "labs_numero": "838", "labs_ident": "FAS838" } '),
(' { "codigo": "470958.0", "data acervo": "22/07/2020", "uuid": "e0a6f24a-6c78-11eb-8b06-13aa2a1e2ef7", "localizador": "none", "local coleta": "none", "armazenada": "Caeté", "local atual": "58GR38WM+X5", "sureg": "Recife", "caixa": "2872", "tipo": "Alíquota", "lote": "2645/RE", "projeto": "1572", "coletor": "VM", "natureza": "R", "numero": "0086", "amostra": "1572-VM-R-0086", "labs_letra": "FAS", "labs_numero": "839", "labs_ident": "FAS839" } '),
(' { "codigo": "470959.0", "data acervo": "22/07/2020", "uuid": "e0a759c4-6c78-11eb-8481-630521c44d9e", "localizador": "none", "local coleta": "none", "armazenada": "Caeté", "local atual": "58GR38WM+X5", "sureg": "Recife", "caixa": "2872", "tipo": "Alíquota", "lote": "2645/RE", "projeto": "1572", "coletor": "VM", "natureza": "R", "numero": "0107", "amostra": "1572-VM-R-0107", "labs_letra": "FAS", "labs_numero": "840", "labs_ident": "FAS840" } '),
(' { "codigo": "470960.0", "data acervo": "22/07/2020", "uuid": "e0a7bfb8-6c78-11eb-925e-bf31dddda9d5", "localizador": "none", "local coleta": "none", "armazenada": "Caeté", "local atual": "58GR38WM+X5", "sureg": "Recife", "caixa": "2872", "tipo": "Alíquota", "lote": "2645/RE", "projeto": "1572", "coletor": "VM", "natureza": "R", "numero": "0171", "amostra": "1572-VM-R-0171", "labs_letra": "FAS", "labs_numero": "841", "labs_ident": "FAS841" } '),
(' { "codigo": "470961.0", "data acervo": "22/07/2020", "uuid": "e0a82476-6c78-11eb-afd5-3749d4bcc3fc", "localizador": "none", "local coleta": "none", "armazenada": "Caeté", "local atual": "58GR38WM+X5", "sureg": "Recife", "caixa": "2872", "tipo": "Alíquota", "lote": "2645/RE", "projeto": "1572", "coletor": "VM", "natureza": "R", "numero": "0172", "amostra": "1572-VM-R-0172", "labs_letra": "FAS", "labs_numero": "842", "labs_ident": "FAS842" } '),
(' { "codigo": "470962.0", "data acervo": "22/07/2020", "uuid": "e0a88cae-6c78-11eb-a451-8fb71c0b4723", "localizador": "none", "local coleta": "none", "armazenada": "Caeté", "local atual": "58GR38WM+X5", "sureg": "Recife", "caixa": "2872", "tipo": "Alíquota", "lote": "2645/RE", "projeto": "1572", "coletor": "VM", "natureza": "R", "numero": "0173", "amostra": "1572-VM-R-0173", "labs_letra": "FAS", "labs_numero": "843", "labs_ident": "FAS843" } '),
(' { "codigo": "470963.0", "data acervo": "22/07/2020", "uuid": "e0a8fcc0-6c78-11eb-99d4-33dd36527402", "localizador": "none", "local coleta": "none", "armazenada": "Caeté", "local atual": "58GR38WM+X5", "sureg": "Recife", "caixa": "2872", "tipo": "Alíquota", "lote": "2645/RE", "projeto": "1572", "coletor": "VM", "natureza": "R", "numero": "0174", "amostra": "1572-VM-R-0174", "labs_letra": "FAS", "labs_numero": "844", "labs_ident": "FAS844" } '),
(' { "codigo": "470964.0", "data acervo": "22/07/2020", "uuid": "e0a96ba6-6c78-11eb-9570-cb1499a74fcc", "localizador": "none", "local coleta": "none", "armazenada": "Caeté", "local atual": "58GR38WM+X5", "sureg": "Recife", "caixa": "2872", "tipo": "Alíquota", "lote": "2645/RE", "projeto": "1572", "coletor": "VM", "natureza": "R", "numero": "0175", "amostra": "1572-VM-R-0175", "labs_letra": "FAS", "labs_numero": "845", "labs_ident": "FAS845" } '),
(' { "codigo": "470965.0", "data acervo": "22/07/2020", "uuid": "e0a9d9f6-6c78-11eb-ae85-cb377bc30d66", "localizador": "none", "local coleta": "none", "armazenada": "Caeté", "local atual": "58GR38WM+X5", "sureg": "Recife", "caixa": "2872", "tipo": "Alíquota", "lote": "2645/RE", "projeto": "1572", "coletor": "IP", "natureza": "R", "numero": "0225", "amostra": "1572-IP-R-0225", "labs_letra": "FAS", "labs_numero": "846", "labs_ident": "FAS846" } '),
(' { "codigo": "470966.0", "data acervo": "22/07/2020", "uuid": "e0aa4652-6c78-11eb-9969-3ba576998c64", "localizador": "none", "local coleta": "none", "armazenada": "Caeté", "local atual": "58GR38WM+X5", "sureg": "Recife", "caixa": "2872", "tipo": "Alíquota", "lote": "2645/RE", "projeto": "1572", "coletor": "IP", "natureza": "R", "numero": "0229", "amostra": "1572-IP-R-0229", "labs_letra": "FAS", "labs_numero": "847", "labs_ident": "FAS847" } '),
(' { "codigo": "470967.0", "data acervo": "22/07/2020", "uuid": "e0aab09c-6c78-11eb-96af-3fa52ae8289d", "localizador": "none", "local coleta": "none", "armazenada": "Caeté", "local atual": "58GR38WM+X5", "sureg": "Recife", "caixa": "2872", "tipo": "Alíquota", "lote": "2645/RE", "projeto": "1572", "coletor": "IP", "natureza": "R", "numero": "0230", "amostra": "1572-IP-R-0230", "labs_letra": "FAS", "labs_numero": "848", "labs_ident": "FAS848" } '),
(' { "codigo": "470968.0", "data acervo": "22/07/2020", "uuid": "e0ab1dac-6c78-11eb-aa56-db96a0359eb0", "localizador": "none", "local coleta": "none", "armazenada": "Caeté", "local atual": "58GR38WM+X5", "sureg": "Recife", "caixa": "2872", "tipo": "Alíquota", "lote": "2645/RE", "projeto": "1572", "coletor": "CC", "natureza": "R", "numero": "0341", "amostra": "1572-CC-R-0341", "labs_letra": "FAS", "labs_numero": "849", "labs_ident": "FAS849" } '),
(' { "codigo": "470969.0", "data acervo": "22/07/2020", "uuid": "e0ab8706-6c78-11eb-a6b4-3f26582000fe", "localizador": "none", "local coleta": "none", "armazenada": "Caeté", "local atual": "58GR38WM+X5", "sureg": "Recife", "caixa": "2872", "tipo": "Alíquota", "lote": "2645/RE", "projeto": "1572", "coletor": "CC", "natureza": "R", "numero": "0342", "amostra": "1572-CC-R-0342", "labs_letra": "FAS", "labs_numero": "850", "labs_ident": "FAS850" } '),
(' { "codigo": "470970.0", "data acervo": "22/07/2020", "uuid": "e0abeeda-6c78-11eb-9de9-e73ec4b7f757", "localizador": "none", "local coleta": "none", "armazenada": "Caeté", "local atual": "58GR38WM+X5", "sureg": "Recife", "caixa": "2872", "tipo": "Alíquota", "lote": "2645/RE", "projeto": "1572", "coletor": "CC", "natureza": "R", "numero": "0343", "amostra": "1572-CC-R-0343", "labs_letra": "FAS", "labs_numero": "851", "labs_ident": "FAS851" } '),
(' { "codigo": "470971.0", "data acervo": "22/07/2020", "uuid": "e0ac5d98-6c78-11eb-8de7-5771f8eecdff", "localizador": "none", "local coleta": "none", "armazenada": "Caeté", "local atual": "58GR38WM+X5", "sureg": "Recife", "caixa": "2872", "tipo": "Alíquota", "lote": "2645/RE", "projeto": "1572", "coletor": "CC", "natureza": "R", "numero": "0344", "amostra": "1572-CC-R-0344", "labs_letra": "FAS", "labs_numero": "852", "labs_ident": "FAS852" } '),
