(' { "codigo": "353767.0", "data acervo": "22/07/2020", "uuid": "2df80a80-6c78-11eb-a428-5bd153edb6ee", "localizador": "none", "local coleta": "none", "armazenada": "Caeté", "local atual": "58GR38WM+X5", "sureg": "Belo Horizonte", "caixa": "0316", "tipo": "Alíquota", "projeto": "1539", "amostra": "1539---", "amostra_antigo": "GALERIA 01", "labs_numero_antigo": "5325", "labs_ano_antigo": 77.0, "labs_ident_antigo": "5325/77", "peso": 42.8 } '),
(' { "codigo": "353768.0", "data acervo": "22/07/2020", "uuid": "2df86cbe-6c78-11eb-a6b3-9be7a84db9fe", "localizador": "none", "local coleta": "none", "armazenada": "Caeté", "local atual": "58GR38WM+X5", "sureg": "Belo Horizonte", "caixa": "0316", "tipo": "Alíquota", "projeto": "1539", "amostra": "1539---", "amostra_antigo": "GALERIA X", "labs_numero_antigo": "5326", "labs_ano_antigo": 77.0, "labs_ident_antigo": "5326/77", "peso": 61.4 } '),
(' { "codigo": "353769.0", "data acervo": "22/07/2020", "uuid": "2df8ceb6-6c78-11eb-8ce7-67d54197ca1c", "localizador": "none", "local coleta": "none", "armazenada": "Caeté", "local atual": "58GR38WM+X5", "sureg": "Belo Horizonte", "caixa": "0316", "tipo": "Alíquota", "projeto": "1539", "amostra": "1539---", "amostra_antigo": "GALERIA K4", "labs_numero_antigo": "5327", "labs_ano_antigo": 77.0, "labs_ident_antigo": "5327/77", "peso": 58.8 } '),
(' { "codigo": "353770.0", "data acervo": "22/07/2020", "uuid": "2df9370c-6c78-11eb-8ec9-432a3f81fc61", "localizador": "none", "local coleta": "none", "armazenada": "Caeté", "local atual": "58GR38WM+X5", "sureg": "Belo Horizonte", "caixa": "0316", "tipo": "Alíquota", "projeto": "1539", "amostra": "1539---", "amostra_antigo": "GALERIA K1", "labs_numero_antigo": "5328", "labs_ano_antigo": 77.0, "labs_ident_antigo": "5328/77", "peso": 57.2 } '),
(' { "codigo": "353771.0", "data acervo": "22/07/2020", "uuid": "2df99ec2-6c78-11eb-b373-23c4228ed513", "localizador": "none", "local coleta": "none", "armazenada": "Caeté", "local atual": "58GR38WM+X5", "sureg": "Belo Horizonte", "caixa": "0316", "tipo": "Alíquota", "projeto": "1539", "amostra": "1539---", "amostra_antigo": "GALERIA O", "labs_numero_antigo": "5329", "labs_ano_antigo": 77.0, "labs_ident_antigo": "5329/77", "peso": 41.8 } '),
(' { "codigo": "353772.0", "data acervo": "22/07/2020", "uuid": "2dfa00ce-6c78-11eb-a4a9-cf19f5afe3a8", "localizador": "none", "local coleta": "none", "armazenada": "Caeté", "local atual": "58GR38WM+X5", "sureg": "Belo Horizonte", "caixa": "0316", "tipo": "Alíquota", "projeto": "1539", "amostra": "1539---", "amostra_antigo": "GALERIA J2", "labs_numero_antigo": "5333", "labs_ano_antigo": 77.0, "labs_ident_antigo": "5333/77", "peso": 59.2 } '),
(' { "codigo": "353773.0", "data acervo": "22/07/2020", "uuid": "2dfa6b9a-6c78-11eb-b2a1-2728205bfb57", "localizador": "none", "local coleta": "none", "armazenada": "Caeté", "local atual": "58GR38WM+X5", "sureg": "Belo Horizonte", "caixa": "0316", "tipo": "Alíquota", "projeto": "1539", "amostra": "1539---", "amostra_antigo": "GALERIA F-AC", "labs_numero_antigo": "5336", "labs_ano_antigo": 77.0, "labs_ident_antigo": "5336/77", "peso": 44.4 } '),
(' { "codigo": "353774.0", "data acervo": "22/07/2020", "uuid": "2dfad008-6c78-11eb-930a-23481a6a87f4", "localizador": "none", "local coleta": "none", "armazenada": "Caeté", "local atual": "58GR38WM+X5", "sureg": "Belo Horizonte", "caixa": "0316", "tipo": "Alíquota", "projeto": "1539", "coletor": "WL", "amostra": "1539-WL--", "amostra_antigo": "WL-MA", "labs_numero_antigo": "5337", "labs_ano_antigo": 77.0, "labs_ident_antigo": "5337/77", "peso": 41.8 } '),
(' { "codigo": "353775.0", "data acervo": "22/07/2020", "uuid": "2dfb330e-6c78-11eb-a909-1343234db5a6", "localizador": "none", "local coleta": "none", "armazenada": "Caeté", "local atual": "58GR38WM+X5", "sureg": "Belo Horizonte", "caixa": "0316", "tipo": "Alíquota", "projeto": "1539", "coletor": "WL", "natureza": "R", "numero": "0018", "amostra": "1539-WL-R-0018", "labs_letra": "VAJ", "labs_numero": "539", "labs_ident": "VAJ539", "labs_numero_antigo": "5338", "labs_ano_antigo": 77.0, "labs_ident_antigo": "5338/77", "peso": 44.4 } '),
(' { "codigo": "353776.0", "data acervo": "22/07/2020", "uuid": "2dfb9e2a-6c78-11eb-bba8-57bb7edc9cca", "localizador": "none", "local coleta": "none", "armazenada": "Caeté", "local atual": "58GR38WM+X5", "sureg": "Belo Horizonte", "caixa": "0316", "tipo": "Alíquota", "projeto": "1539", "coletor": "WL", "natureza": "R", "numero": "0022", "amostra": "1539-WL-R-0022", "labs_letra": "VAJ", "labs_numero": "540", "labs_ident": "VAJ540", "labs_numero_antigo": "5339", "labs_ano_antigo": 77.0, "labs_ident_antigo": "5339/77", "peso": 56.7 } '),
(' { "codigo": "353777.0", "data acervo": "22/07/2020", "uuid": "2dfbfea6-6c78-11eb-afdb-0b4f1d4bd270", "localizador": "none", "local coleta": "none", "armazenada": "Caeté", "local atual": "58GR38WM+X5", "sureg": "Belo Horizonte", "caixa": "0316", "tipo": "Alíquota", "projeto": "1539", "coletor": "WL", "natureza": "R", "numero": "0030", "amostra": "1539-WL-R-0030", "labs_letra": "VAJ", "labs_numero": "541", "labs_ident": "VAJ541", "labs_numero_antigo": "5340", "labs_ano_antigo": 77.0, "labs_ident_antigo": "5340/77", "peso": 57.4 } '),
(' { "codigo": "353778.0", "data acervo": "22/07/2020", "uuid": "2dfc5ec8-6c78-11eb-84ee-5b25aef8f83f", "localizador": "none", "local coleta": "none", "armazenada": "Caeté", "local atual": "58GR38WM+X5", "sureg": "Belo Horizonte", "caixa": "0316", "tipo": "Alíquota", "projeto": "1539", "coletor": "WL", "natureza": "R", "numero": "0040", "amostra": "1539-WL-R-0040", "labs_letra": "VAJ", "labs_numero": "542", "labs_ident": "VAJ542", "labs_numero_antigo": "5341", "labs_ano_antigo": 77.0, "labs_ident_antigo": "5341/77", "peso": 45.6 } '),
(' { "codigo": "353779.0", "data acervo": "22/07/2020", "uuid": "2dfcc57a-6c78-11eb-81b1-27fd05262963", "localizador": "none", "local coleta": "none", "armazenada": "Caeté", "local atual": "58GR38WM+X5", "sureg": "Belo Horizonte", "caixa": "0316", "tipo": "Alíquota", "projeto": "1539", "coletor": "AC", "natureza": "R", "numero": "0055", "amostra": "1539-AC-R-0055", "labs_letra": "VAJ", "labs_numero": "543", "labs_ident": "VAJ543", "labs_numero_antigo": "5351", "labs_ano_antigo": 77.0, "labs_ident_antigo": "5351/77", "peso": 33.2 } '),
(' { "codigo": "353780.0", "data acervo": "22/07/2020", "uuid": "2dfd2632-6c78-11eb-86ea-e3db284504a0", "localizador": "none", "local coleta": "none", "armazenada": "Caeté", "local atual": "58GR38WM+X5", "sureg": "Belo Horizonte", "caixa": "0316", "tipo": "Alíquota", "projeto": "1539", "coletor": "AC", "natureza": "R", "numero": "0057", "amostra": "1539-AC-R-0057", "labs_letra": "VAJ", "labs_numero": "544", "labs_ident": "VAJ544", "labs_numero_antigo": "5352", "labs_ano_antigo": 77.0, "labs_ident_antigo": "5352/77", "peso": 54.8 } '),
