(' { "codigo": "664522.0", "data acervo": "22/07/2020", "uuid": "08039e0a-6c7a-11eb-9344-cb4204d14073", "localizador": "none", "local coleta": "none", "armazenada": "Caeté", "local atual": "58GR38WM+X5", "sureg": "Salvador", "caixa": "7058", "tipo": "Alíquota", "lote": "2377/SA", "projeto": "2024", "coletor": "JT", "natureza": "R", "numero": "0031", "amostra": "2024-JT-R-0031", "labs_letra": "HEZ", "labs_numero": "568", "labs_ident": "HEZ568" } '),
(' { "codigo": "664523.0", "data acervo": "22/07/2020", "uuid": "0803f512-6c7a-11eb-bd41-9fb3f874881a", "localizador": "none", "local coleta": "none", "armazenada": "Caeté", "local atual": "58GR38WM+X5", "sureg": "Salvador", "caixa": "7058", "tipo": "Alíquota", "lote": "2380/SA", "projeto": "2024", "coletor": "JT", "natureza": "R", "numero": "0049", "opcional": "A", "amostra": "2024-JT-R-0049A", "labs_letra": "HEZ", "labs_numero": "691", "labs_ident": "HEZ691" } '),
(' { "codigo": "664524.0", "data acervo": "22/07/2020", "uuid": "08044bc0-6c7a-11eb-a2ea-5f1ce83d542e", "localizador": "none", "local coleta": "none", "armazenada": "Caeté", "local atual": "58GR38WM+X5", "sureg": "Salvador", "caixa": "7058", "tipo": "Alíquota", "lote": "2380/SA", "projeto": "2024", "coletor": "JT", "natureza": "R", "numero": "0049", "opcional": "B", "amostra": "2024-JT-R-0049B", "labs_letra": "HEZ", "labs_numero": "692", "labs_ident": "HEZ692" } '),
(' { "codigo": "664525.0", "data acervo": "22/07/2020", "uuid": "0804abec-6c7a-11eb-b565-b78c1424882d", "localizador": "none", "local coleta": "none", "armazenada": "Caeté", "local atual": "58GR38WM+X5", "sureg": "Salvador", "caixa": "7058", "tipo": "Alíquota", "lote": "2380/SA", "projeto": "2024", "coletor": "JT", "natureza": "R", "numero": "0051", "amostra": "2024-JT-R-0051", "labs_letra": "HEZ", "labs_numero": "693", "labs_ident": "HEZ693" } '),
(' { "codigo": "664526.0", "data acervo": "22/07/2020", "uuid": "08050d76-6c7a-11eb-b858-4f77d2f6408b", "localizador": "none", "local coleta": "none", "armazenada": "Caeté", "local atual": "58GR38WM+X5", "sureg": "Salvador", "caixa": "7058", "tipo": "Alíquota", "lote": "2380/SA", "projeto": "2024", "coletor": "JT", "natureza": "R", "numero": "0070", "opcional": "A", "amostra": "2024-JT-R-0070A", "labs_letra": "HEZ", "labs_numero": "694", "labs_ident": "HEZ694" } '),
(' { "codigo": "664527.0", "data acervo": "22/07/2020", "uuid": "08056c6c-6c7a-11eb-a8ae-233e4e894bae", "localizador": "none", "local coleta": "none", "armazenada": "Caeté", "local atual": "58GR38WM+X5", "sureg": "Salvador", "caixa": "7058", "tipo": "Alíquota", "lote": "2381/SA", "projeto": "2024", "coletor": "JT", "natureza": "R", "numero": "0055", "amostra": "2024-JT-R-0055", "labs_letra": "HEZ", "labs_numero": "695", "labs_ident": "HEZ695" } '),
(' { "codigo": "664528.0", "data acervo": "22/07/2020", "uuid": "0805d382-6c7a-11eb-adbc-3b9efa5b6072", "localizador": "none", "local coleta": "none", "armazenada": "Caeté", "local atual": "58GR38WM+X5", "sureg": "Salvador", "caixa": "7058", "tipo": "Alíquota", "lote": "2381/SA", "projeto": "2024", "coletor": "JT", "natureza": "R", "numero": "0064", "opcional": "B", "amostra": "2024-JT-R-0064B", "labs_letra": "HEZ", "labs_numero": "696", "labs_ident": "HEZ696" } '),
(' { "codigo": "664529.0", "data acervo": "22/07/2020", "uuid": "080637fa-6c7a-11eb-85d3-335793bd1540", "localizador": "none", "local coleta": "none", "armazenada": "Caeté", "local atual": "58GR38WM+X5", "sureg": "Salvador", "caixa": "7058", "tipo": "Alíquota", "lote": "2382/SA", "projeto": "2024", "coletor": "JT", "natureza": "R", "numero": "0047", "amostra": "2024-JT-R-0047", "labs_letra": "HEZ", "labs_numero": "697", "labs_ident": "HEZ697" } '),
(' { "codigo": "664530.0", "data acervo": "22/07/2020", "uuid": "08069c4a-6c7a-11eb-b581-7be3aa349102", "localizador": "none", "local coleta": "none", "armazenada": "Caeté", "local atual": "58GR38WM+X5", "sureg": "Salvador", "caixa": "7058", "tipo": "Alíquota", "lote": "2382/SA", "projeto": "2024", "coletor": "JT", "natureza": "R", "numero": "0072", "amostra": "2024-JT-R-0072", "labs_letra": "HEZ", "labs_numero": "698", "labs_ident": "HEZ698" } '),
(' { "codigo": "664531.0", "data acervo": "22/07/2020", "uuid": "0806fb18-6c7a-11eb-8605-675d0370e04f", "localizador": "none", "local coleta": "none", "armazenada": "Caeté", "local atual": "58GR38WM+X5", "sureg": "Salvador", "caixa": "7058", "tipo": "Alíquota", "lote": "2420/SA", "projeto": "2024", "coletor": "AR", "natureza": "R", "numero": "0011", "opcional": "A", "amostra": "2024-AR-R-0011A", "labs_letra": "HFA", "labs_numero": "364", "labs_ident": "HFA364" } '),
(' { "codigo": "664532.0", "data acervo": "22/07/2020", "uuid": "080762b0-6c7a-11eb-b882-33f6958b9c00", "localizador": "none", "local coleta": "none", "armazenada": "Caeté", "local atual": "58GR38WM+X5", "sureg": "Salvador", "caixa": "7058", "tipo": "Alíquota", "lote": "2420/SA", "projeto": "2024", "coletor": "AR", "natureza": "R", "numero": "0011", "opcional": "B", "amostra": "2024-AR-R-0011B", "labs_letra": "HFA", "labs_numero": "365", "labs_ident": "HFA365" } '),
(' { "codigo": "664533.0", "data acervo": "22/07/2020", "uuid": "0807c732-6c7a-11eb-9b14-9b952f2c14c9", "localizador": "none", "local coleta": "none", "armazenada": "Caeté", "local atual": "58GR38WM+X5", "sureg": "Salvador", "caixa": "7058", "tipo": "Alíquota", "lote": "2420/SA", "projeto": "2024", "coletor": "AR", "natureza": "R", "numero": "0017", "opcional": "B", "amostra": "2024-AR-R-0017B", "labs_letra": "HFA", "labs_numero": "366", "labs_ident": "HFA366" } '),
(' { "codigo": "664534.0", "data acervo": "22/07/2020", "uuid": "080834f6-6c7a-11eb-89ec-f700436f590f", "localizador": "none", "local coleta": "none", "armazenada": "Caeté", "local atual": "58GR38WM+X5", "sureg": "Salvador", "caixa": "7058", "tipo": "Alíquota", "lote": "2420/SA", "projeto": "2024", "coletor": "AR", "natureza": "R", "numero": "0072", "amostra": "2024-AR-R-0072", "labs_letra": "HFA", "labs_numero": "367", "labs_ident": "HFA367" } '),
(' { "codigo": "664535.0", "data acervo": "22/07/2020", "uuid": "0808a012-6c7a-11eb-9eef-bf09084c78a0", "localizador": "none", "local coleta": "none", "armazenada": "Caeté", "local atual": "58GR38WM+X5", "sureg": "Salvador", "caixa": "7058", "tipo": "Alíquota", "lote": "2420/SA", "projeto": "2024", "coletor": "AR", "natureza": "R", "numero": "0076", "amostra": "2024-AR-R-0076", "labs_letra": "HFA", "labs_numero": "368", "labs_ident": "HFA368" } '),
(' { "codigo": "664536.0", "data acervo": "22/07/2020", "uuid": "08090430-6c7a-11eb-92fa-7fcdd03c8624", "localizador": "none", "local coleta": "none", "armazenada": "Caeté", "local atual": "58GR38WM+X5", "sureg": "Salvador", "caixa": "7058", "tipo": "Alíquota", "lote": "2420/SA", "projeto": "2024", "coletor": "AR", "natureza": "R", "numero": "0082", "amostra": "2024-AR-R-0082", "labs_letra": "HFA", "labs_numero": "369", "labs_ident": "HFA369" } '),
(' { "codigo": "664537.0", "data acervo": "22/07/2020", "uuid": "080967d6-6c7a-11eb-8b00-cfe6f8fb0363", "localizador": "none", "local coleta": "none", "armazenada": "Caeté", "local atual": "58GR38WM+X5", "sureg": "Salvador", "caixa": "7058", "tipo": "Alíquota", "lote": "2420/SA", "projeto": "2024", "coletor": "AR", "natureza": "R", "numero": "0083", "opcional": "B", "amostra": "2024-AR-R-0083B", "labs_letra": "HFA", "labs_numero": "370", "labs_ident": "HFA370" } '),
(' { "codigo": "664538.0", "data acervo": "22/07/2020", "uuid": "0809ca3c-6c7a-11eb-8845-7f287859a091", "localizador": "none", "local coleta": "none", "armazenada": "Caeté", "local atual": "58GR38WM+X5", "sureg": "Salvador", "caixa": "7058", "tipo": "Alíquota", "lote": "2420/SA", "projeto": "2024", "coletor": "AR", "natureza": "R", "numero": "0089", "amostra": "2024-AR-R-0089", "labs_letra": "HFA", "labs_numero": "371", "labs_ident": "HFA371" } '),
(' { "codigo": "664539.0", "data acervo": "22/07/2020", "uuid": "080a324c-6c7a-11eb-91aa-efd13694b0d8", "localizador": "none", "local coleta": "none", "armazenada": "Caeté", "local atual": "58GR38WM+X5", "sureg": "Salvador", "caixa": "7058", "tipo": "Alíquota", "lote": "2420/SA", "projeto": "2024", "coletor": "AR", "natureza": "R", "numero": "0095", "amostra": "2024-AR-R-0095", "labs_letra": "HFA", "labs_numero": "372", "labs_ident": "HFA372" } '),
(' { "codigo": "664540.0", "data acervo": "22/07/2020", "uuid": "080a96b0-6c7a-11eb-b975-0f17200087e2", "localizador": "none", "local coleta": "none", "armazenada": "Caeté", "local atual": "58GR38WM+X5", "sureg": "Salvador", "caixa": "7058", "tipo": "Alíquota", "lote": "2442/SA", "projeto": "2024", "coletor": "AR", "natureza": "R", "numero": "0058", "amostra": "2024-AR-R-0058", "labs_letra": "HFA", "labs_numero": "862", "labs_ident": "HFA862" } '),
