(' { "codigo": "38467.0", "data acervo": "22/07/2020", "uuid": "4e64654a-6c76-11eb-a777-df75262edb0c", "localizador": "none", "local coleta": "none", "armazenada": "Belém", "local atual": "68CHHH82+44", "sureg": "Belém", "tipo": "Alíquota", "lote": "1321/BE", "projeto": "2391", "coletor": "JM", "natureza": "R", "numero": "0001", "amostra": "2391-JM-R-0001", "labs_letra": "DCO", "labs_numero": "582", "labs_ident": "DCO582" } '),
(' { "codigo": "38468.0", "data acervo": "22/07/2020", "uuid": "4e64ca08-6c76-11eb-8657-4bc982a10c38", "localizador": "none", "local coleta": "none", "armazenada": "Belém", "local atual": "68CHHH82+44", "sureg": "Belém", "tipo": "Alíquota", "lote": "1321/BE", "projeto": "2391", "coletor": "JM", "natureza": "R", "numero": "0002", "amostra": "2391-JM-R-0002", "labs_letra": "DCO", "labs_numero": "583", "labs_ident": "DCO583" } '),
(' { "codigo": "38469.0", "data acervo": "22/07/2020", "uuid": "4e6527e6-6c76-11eb-99f3-438701cac43d", "localizador": "none", "local coleta": "none", "armazenada": "Belém", "local atual": "68CHHH82+44", "sureg": "Belém", "tipo": "Alíquota", "lote": "1321/BE", "projeto": "2391", "coletor": "JM", "natureza": "R", "numero": "0003", "opcional": "B", "amostra": "2391-JM-R-0003B", "labs_letra": "DCO", "labs_numero": "584", "labs_ident": "DCO584" } '),
(' { "codigo": "38470.0", "data acervo": "22/07/2020", "uuid": "4e658f24-6c76-11eb-8df2-27c05b3c7202", "localizador": "none", "local coleta": "none", "armazenada": "Belém", "local atual": "68CHHH82+44", "sureg": "Belém", "tipo": "Alíquota", "lote": "1321/BE", "projeto": "2391", "coletor": "JM", "natureza": "R", "numero": "0004", "amostra": "2391-JM-R-0004", "labs_letra": "DCO", "labs_numero": "585", "labs_ident": "DCO585" } '),
(' { "codigo": "38471.0", "data acervo": "22/07/2020", "uuid": "4e65f23e-6c76-11eb-bce5-bf74f2a8d590", "localizador": "none", "local coleta": "none", "armazenada": "Belém", "local atual": "68CHHH82+44", "sureg": "Belém", "tipo": "Alíquota", "lote": "1321/BE", "projeto": "2391", "coletor": "JM", "natureza": "R", "numero": "0005", "opcional": "A", "amostra": "2391-JM-R-0005A", "labs_letra": "DCO", "labs_numero": "586", "labs_ident": "DCO586" } '),
(' { "codigo": "38472.0", "data acervo": "22/07/2020", "uuid": "4e665274-6c76-11eb-887f-03a597109829", "localizador": "none", "local coleta": "none", "armazenada": "Belém", "local atual": "68CHHH82+44", "sureg": "Belém", "tipo": "Alíquota", "lote": "1321/BE", "projeto": "2391", "coletor": "JM", "natureza": "R", "numero": "0005", "opcional": "B", "amostra": "2391-JM-R-0005B", "labs_letra": "DCO", "labs_numero": "587", "labs_ident": "DCO587" } '),
(' { "codigo": "38473.0", "data acervo": "22/07/2020", "uuid": "4e66b28c-6c76-11eb-9ba2-fbe2a4cb1a40", "localizador": "none", "local coleta": "none", "armazenada": "Belém", "local atual": "68CHHH82+44", "sureg": "Belém", "tipo": "Alíquota", "lote": "1321/BE", "projeto": "2391", "coletor": "JM", "natureza": "R", "numero": "0006", "amostra": "2391-JM-R-0006", "labs_letra": "DCO", "labs_numero": "588", "labs_ident": "DCO588" } '),
(' { "codigo": "38480.0", "data acervo": "22/07/2020", "uuid": "4e697468-6c76-11eb-9aa5-d7ffdddf03e7", "localizador": "none", "local coleta": "none", "armazenada": "Belém", "local atual": "68CHHH82+44", "sureg": "Belém", "tipo": "Alíquota", "lote": "1342/BE", "projeto": "2391", "coletor": "JM", "natureza": "R", "numero": "0003", "opcional": "A", "amostra": "2391-JM-R-0003A", "labs_letra": "DCP", "labs_numero": "036", "labs_ident": "DCP036" } '),
(' { "codigo": "38662.0", "data acervo": "22/07/2020", "uuid": "4eaf3cfa-6c76-11eb-a140-d3248da0d828", "localizador": "none", "local coleta": "none", "armazenada": "Belém", "local atual": "68CHHH82+44", "sureg": "Belém", "tipo": "Alíquota", "lote": "1448/BE", "projeto": "2391", "coletor": "RA", "natureza": "R", "numero": "0001", "opcional": "A", "amostra": "2391-RA-R-0001A", "labs_letra": "DCR", "labs_numero": "687", "labs_ident": "DCR687" } '),
(' { "codigo": "38663.0", "data acervo": "22/07/2020", "uuid": "4eaf9312-6c76-11eb-8b0e-af652b1c83eb", "localizador": "none", "local coleta": "none", "armazenada": "Belém", "local atual": "68CHHH82+44", "sureg": "Belém", "tipo": "Alíquota", "lote": "1448/BE", "projeto": "2391", "coletor": "RA", "natureza": "R", "numero": "0001", "opcional": "B", "amostra": "2391-RA-R-0001B", "labs_letra": "DCR", "labs_numero": "688", "labs_ident": "DCR688" } '),
(' { "codigo": "38664.0", "data acervo": "22/07/2020", "uuid": "4eaff5b4-6c76-11eb-81a1-b77d38f7742e", "localizador": "none", "local coleta": "none", "armazenada": "Belém", "local atual": "68CHHH82+44", "sureg": "Belém", "tipo": "Alíquota", "lote": "1448/BE", "projeto": "2391", "coletor": "RA", "natureza": "R", "numero": "0001", "opcional": "C", "amostra": "2391-RA-R-0001C", "labs_letra": "DCR", "labs_numero": "689", "labs_ident": "DCR689" } '),
(' { "codigo": "41616.0", "data acervo": "22/07/2020", "uuid": "532d17ac-6c76-11eb-b271-4bd07d730b43", "localizador": "none", "local coleta": "none", "armazenada": "Belém", "local atual": "68CHHH82+44", "sureg": "Belém", "tipo": "Alíquota", "lote": "1581/BE", "projeto": "2391", "coletor": "JM", "natureza": "R", "numero": "0001", "amostra": "2391-JM-R-0001", "labs_letra": "DCX", "labs_numero": "373", "labs_ident": "DCX373" } '),
(' { "codigo": "528058.0", "data acervo": "22/07/2020", "uuid": "37af1a0e-6c79-11eb-9402-5bace9b49d14", "localizador": "none", "local coleta": "none", "armazenada": "Caeté", "local atual": "58GR38WM+X5", "sureg": "Belém", "caixa": "4127", "tipo": "Alíquota", "lote": "1321/BE", "projeto": "2391", "coletor": "JM", "natureza": "R", "numero": "0001", "amostra": "2391-JM-R-0001", "labs_letra": "DCO", "labs_numero": "582", "labs_ident": "DCO582" } '),
(' { "codigo": "528059.0", "data acervo": "22/07/2020", "uuid": "37af7eae-6c79-11eb-97e6-437d02c02527", "localizador": "none", "local coleta": "none", "armazenada": "Caeté", "local atual": "58GR38WM+X5", "sureg": "Belém", "caixa": "4127", "tipo": "Alíquota", "lote": "1321/BE", "projeto": "2391", "coletor": "JM", "natureza": "R", "numero": "0002", "amostra": "2391-JM-R-0002", "labs_letra": "DCO", "labs_numero": "583", "labs_ident": "DCO583" } '),
(' { "codigo": "528060.0", "data acervo": "22/07/2020", "uuid": "37afe7cc-6c79-11eb-b9a3-87869227a87e", "localizador": "none", "local coleta": "none", "armazenada": "Caeté", "local atual": "58GR38WM+X5", "sureg": "Belém", "caixa": "4127", "tipo": "Alíquota", "lote": "1321/BE", "projeto": "2391", "coletor": "JM", "natureza": "R", "numero": "0004", "amostra": "2391-JM-R-0004", "labs_letra": "DCO", "labs_numero": "585", "labs_ident": "DCO585" } '),
(' { "codigo": "528061.0", "data acervo": "22/07/2020", "uuid": "37b05252-6c79-11eb-8aa5-db913ce4ec69", "localizador": "none", "local coleta": "none", "armazenada": "Caeté", "local atual": "58GR38WM+X5", "sureg": "Belém", "caixa": "4127", "tipo": "Alíquota", "lote": "1321/BE", "projeto": "2391", "coletor": "JM", "natureza": "R", "numero": "0005", "opcional": "A", "amostra": "2391-JM-R-0005A", "labs_letra": "DCO", "labs_numero": "586", "labs_ident": "DCO586" } '),
(' { "codigo": "528062.0", "data acervo": "22/07/2020", "uuid": "37b0bc88-6c79-11eb-8090-d37e9c9a7d0f", "localizador": "none", "local coleta": "none", "armazenada": "Caeté", "local atual": "58GR38WM+X5", "sureg": "Belém", "caixa": "4127", "tipo": "Alíquota", "lote": "1321/BE", "projeto": "2391", "coletor": "JM", "natureza": "R", "numero": "0005", "opcional": "B", "amostra": "2391-JM-R-0005B", "labs_letra": "DCO", "labs_numero": "587", "labs_ident": "DCO587" } '),
(' { "codigo": "528063.0", "data acervo": "22/07/2020", "uuid": "37b1289e-6c79-11eb-b8d3-fbb40010a4c8", "localizador": "none", "local coleta": "none", "armazenada": "Caeté", "local atual": "58GR38WM+X5", "sureg": "Belém", "caixa": "4127", "tipo": "Alíquota", "lote": "1342/BE", "projeto": "2391", "coletor": "JM", "natureza": "R", "numero": "0003", "opcional": "A", "amostra": "2391-JM-R-0003A", "labs_letra": "DCP", "labs_numero": "036", "labs_ident": "DCP036" } '),
