(' { "codigo": "117504.0", "data acervo": "22/07/2020", "uuid": "c6b2f32c-6c76-11eb-ab37-0b848f1e40c2", "localizador": "none", "local coleta": "none", "armazenada": "Goiânia", "local atual": "58MG8P3R+R5", "sureg": "Goiânia", "caixa": "0031", "tipo": "Alíquota", "lote": "3746", "projeto": "2553", "coletor": "MR", "natureza": "S", "numero": "5660", "amostra": "2553-MR-S-5660", "labs_letra": "GIH", "labs_numero": "001", "labs_ident": "GIH001" } '),
(' { "codigo": "117505.0", "data acervo": "22/07/2020", "uuid": "c6b3513c-6c76-11eb-806e-2f23d3cc75fc", "localizador": "none", "local coleta": "none", "armazenada": "Goiânia", "local atual": "58MG8P3R+R5", "sureg": "Goiânia", "caixa": "0031", "tipo": "Alíquota", "lote": "3746", "projeto": "2553", "coletor": "MR", "natureza": "S", "numero": "5661", "amostra": "2553-MR-S-5661", "labs_letra": "GIH", "labs_numero": "002", "labs_ident": "GIH002" } '),
(' { "codigo": "117506.0", "data acervo": "22/07/2020", "uuid": "c6b3bc4e-6c76-11eb-a77a-bbf612c093b6", "localizador": "none", "local coleta": "none", "armazenada": "Goiânia", "local atual": "58MG8P3R+R5", "sureg": "Goiânia", "caixa": "0031", "tipo": "Alíquota", "lote": "3746", "projeto": "2553", "coletor": "MR", "natureza": "S", "numero": "5662", "amostra": "2553-MR-S-5662", "labs_letra": "GIH", "labs_numero": "003", "labs_ident": "GIH003" } '),
(' { "codigo": "117507.0", "data acervo": "22/07/2020", "uuid": "c6b41fa4-6c76-11eb-9401-5f0666056ab1", "localizador": "none", "local coleta": "none", "armazenada": "Goiânia", "local atual": "58MG8P3R+R5", "sureg": "Goiânia", "caixa": "0031", "tipo": "Alíquota", "lote": "3746", "projeto": "2553", "coletor": "MR", "natureza": "S", "numero": "5663", "amostra": "2553-MR-S-5663", "labs_letra": "GIH", "labs_numero": "004", "labs_ident": "GIH004" } '),
(' { "codigo": "306027.0", "data acervo": "22/07/2020", "uuid": "e51ef134-6c77-11eb-b499-c7ff6ec9e5e6", "localizador": "none", "local coleta": "none", "armazenada": "Caeté", "local atual": "58GR38WM+X5", "sureg": "Goiânia", "caixa": "18", "tipo": "Rec. Amostra", "lote": "3746", "projeto": "2553", "coletor": "AC", "natureza": "S", "numero": "5180", "amostra": "2553-AC-S-5180", "labs_letra": "GIG", "labs_numero": "941", "labs_ident": "GIG941", "granulometria": "<80" } '),
(' { "codigo": "306028.0", "data acervo": "22/07/2020", "uuid": "e51f5070-6c77-11eb-9df0-b78ebaa10f70", "localizador": "none", "local coleta": "none", "armazenada": "Caeté", "local atual": "58GR38WM+X5", "sureg": "Goiânia", "caixa": "18", "tipo": "Rec. Amostra", "lote": "3746", "projeto": "2553", "coletor": "MR", "natureza": "S", "numero": "5660", "amostra": "2553-MR-S-5660", "labs_letra": "GIH", "labs_numero": "001", "labs_ident": "GIH001", "granulometria": "<80" } '),
(' { "codigo": "306029.0", "data acervo": "22/07/2020", "uuid": "e51fb088-6c77-11eb-a7b1-db1bf021b7bd", "localizador": "none", "local coleta": "none", "armazenada": "Caeté", "local atual": "58GR38WM+X5", "sureg": "Goiânia", "caixa": "18", "tipo": "Rec. Amostra", "lote": "3746", "projeto": "2553", "coletor": "MR", "natureza": "S", "numero": "5661", "amostra": "2553-MR-S-5661", "labs_letra": "GIH", "labs_numero": "002", "labs_ident": "GIH002", "granulometria": "<80" } '),
(' { "codigo": "306030.0", "data acervo": "22/07/2020", "uuid": "e52014c4-6c77-11eb-ab94-472a4bee402b", "localizador": "none", "local coleta": "none", "armazenada": "Caeté", "local atual": "58GR38WM+X5", "sureg": "Goiânia", "caixa": "18", "tipo": "Rec. Amostra", "lote": "3746", "projeto": "2553", "coletor": "MR", "natureza": "S", "numero": "5662", "amostra": "2553-MR-S-5662", "labs_letra": "GIH", "labs_numero": "003", "labs_ident": "GIH003", "granulometria": "<80" } '),
