(' { "codigo": "496425.0", "data acervo": "22/07/2020", "uuid": "078e0574-6c79-11eb-a17d-7bc152ff57cb", "localizador": "none", "local coleta": "none", "armazenada": "Caeté", "local atual": "58GR38WM+X5", "sureg": "Recife", "caixa": "3430", "tipo": "Alíquota", "lote": "1052/RE", "projeto": "2622", "coletor": "AB", "natureza": "S", "numero": "0001", "amostra": "2622-AB-S-0001", "labs_letra": "FCP", "labs_numero": "185", "labs_ident": "FCP185" } '),
(' { "codigo": "496426.0", "data acervo": "22/07/2020", "uuid": "078e6c94-6c79-11eb-b93f-576db492ae7f", "localizador": "none", "local coleta": "none", "armazenada": "Caeté", "local atual": "58GR38WM+X5", "sureg": "Recife", "caixa": "3430", "tipo": "Alíquota", "lote": "1052/RE", "projeto": "2622", "coletor": "AB", "natureza": "S", "numero": "0002", "amostra": "2622-AB-S-0002", "labs_letra": "FCP", "labs_numero": "186", "labs_ident": "FCP186" } '),
(' { "codigo": "496427.0", "data acervo": "22/07/2020", "uuid": "078ece3c-6c79-11eb-86de-1790692147e2", "localizador": "none", "local coleta": "none", "armazenada": "Caeté", "local atual": "58GR38WM+X5", "sureg": "Recife", "caixa": "3430", "tipo": "Alíquota", "lote": "1052/RE", "projeto": "2622", "coletor": "AB", "natureza": "S", "numero": "0003", "amostra": "2622-AB-S-0003", "labs_letra": "FCP", "labs_numero": "187", "labs_ident": "FCP187" } '),
(' { "codigo": "496428.0", "data acervo": "22/07/2020", "uuid": "078f32c8-6c79-11eb-9ac0-d3223fe60e28", "localizador": "none", "local coleta": "none", "armazenada": "Caeté", "local atual": "58GR38WM+X5", "sureg": "Recife", "caixa": "3430", "tipo": "Alíquota", "lote": "1052/RE", "projeto": "2622", "coletor": "AB", "natureza": "S", "numero": "0004", "amostra": "2622-AB-S-0004", "labs_letra": "FCP", "labs_numero": "188", "labs_ident": "FCP188" } '),
(' { "codigo": "496429.0", "data acervo": "22/07/2020", "uuid": "078f8f84-6c79-11eb-ad28-b38b13c79fd7", "localizador": "none", "local coleta": "none", "armazenada": "Caeté", "local atual": "58GR38WM+X5", "sureg": "Recife", "caixa": "3430", "tipo": "Alíquota", "lote": "1052/RE", "projeto": "2622", "coletor": "AB", "natureza": "S", "numero": "0005", "amostra": "2622-AB-S-0005", "labs_letra": "FCP", "labs_numero": "189", "labs_ident": "FCP189" } '),
(' { "codigo": "496430.0", "data acervo": "22/07/2020", "uuid": "078ff3a2-6c79-11eb-8b5d-e7a4436c2141", "localizador": "none", "local coleta": "none", "armazenada": "Caeté", "local atual": "58GR38WM+X5", "sureg": "Recife", "caixa": "3430", "tipo": "Alíquota", "lote": "1052/RE", "projeto": "2622", "coletor": "AB", "natureza": "S", "numero": "0006", "amostra": "2622-AB-S-0006", "labs_letra": "FCP", "labs_numero": "190", "labs_ident": "FCP190" } '),
(' { "codigo": "496431.0", "data acervo": "22/07/2020", "uuid": "07905720-6c79-11eb-a52b-2b6c842dad78", "localizador": "none", "local coleta": "none", "armazenada": "Caeté", "local atual": "58GR38WM+X5", "sureg": "Recife", "caixa": "3430", "tipo": "Alíquota", "lote": "1052/RE", "projeto": "2622", "coletor": "AB", "natureza": "S", "numero": "0007", "amostra": "2622-AB-S-0007", "labs_letra": "FCP", "labs_numero": "191", "labs_ident": "FCP191" } '),
(' { "codigo": "496432.0", "data acervo": "22/07/2020", "uuid": "0790bc10-6c79-11eb-970e-1ff8cd80c08b", "localizador": "none", "local coleta": "none", "armazenada": "Caeté", "local atual": "58GR38WM+X5", "sureg": "Recife", "caixa": "3430", "tipo": "Alíquota", "lote": "1052/RE", "projeto": "2622", "coletor": "AB", "natureza": "S", "numero": "0008", "amostra": "2622-AB-S-0008", "labs_letra": "FCP", "labs_numero": "192", "labs_ident": "FCP192" } '),
(' { "codigo": "496433.0", "data acervo": "22/07/2020", "uuid": "0791231c-6c79-11eb-aca2-8bbb0ad1f10d", "localizador": "none", "local coleta": "none", "armazenada": "Caeté", "local atual": "58GR38WM+X5", "sureg": "Recife", "caixa": "3430", "tipo": "Alíquota", "lote": "1052/RE", "projeto": "2622", "coletor": "AB", "natureza": "S", "numero": "0009", "amostra": "2622-AB-S-0009", "labs_letra": "FCP", "labs_numero": "193", "labs_ident": "FCP193" } '),
(' { "codigo": "496434.0", "data acervo": "22/07/2020", "uuid": "07917fba-6c79-11eb-95ca-4ff69f63be46", "localizador": "none", "local coleta": "none", "armazenada": "Caeté", "local atual": "58GR38WM+X5", "sureg": "Recife", "caixa": "3430", "tipo": "Alíquota", "lote": "1052/RE", "projeto": "2622", "coletor": "AB", "natureza": "S", "numero": "0010", "amostra": "2622-AB-S-0010", "labs_letra": "FCP", "labs_numero": "194", "labs_ident": "FCP194" } '),
(' { "codigo": "496435.0", "data acervo": "22/07/2020", "uuid": "0791e518-6c79-11eb-ab5a-270a28a50c53", "localizador": "none", "local coleta": "none", "armazenada": "Caeté", "local atual": "58GR38WM+X5", "sureg": "Recife", "caixa": "3430", "tipo": "Alíquota", "lote": "1052/RE", "projeto": "2622", "coletor": "AB", "natureza": "S", "numero": "0011", "amostra": "2622-AB-S-0011", "labs_letra": "FCP", "labs_numero": "195", "labs_ident": "FCP195" } '),
(' { "codigo": "496436.0", "data acervo": "22/07/2020", "uuid": "07923f2c-6c79-11eb-8963-c3ac5cfbb587", "localizador": "none", "local coleta": "none", "armazenada": "Caeté", "local atual": "58GR38WM+X5", "sureg": "Recife", "caixa": "3430", "tipo": "Alíquota", "lote": "1052/RE", "projeto": "2622", "coletor": "AB", "natureza": "S", "numero": "0012", "amostra": "2622-AB-S-0012", "labs_letra": "FCP", "labs_numero": "196", "labs_ident": "FCP196" } '),
(' { "codigo": "496437.0", "data acervo": "22/07/2020", "uuid": "07929be8-6c79-11eb-8a70-1f1b32c8c432", "localizador": "none", "local coleta": "none", "armazenada": "Caeté", "local atual": "58GR38WM+X5", "sureg": "Recife", "caixa": "3430", "tipo": "Alíquota", "lote": "1052/RE", "projeto": "2622", "coletor": "AB", "natureza": "S", "numero": "0013", "amostra": "2622-AB-S-0013", "labs_letra": "FCP", "labs_numero": "197", "labs_ident": "FCP197" } '),
(' { "codigo": "496438.0", "data acervo": "22/07/2020", "uuid": "0792fb06-6c79-11eb-8e4e-07761c177a0c", "localizador": "none", "local coleta": "none", "armazenada": "Caeté", "local atual": "58GR38WM+X5", "sureg": "Recife", "caixa": "3430", "tipo": "Alíquota", "lote": "1052/RE", "projeto": "2622", "coletor": "AB", "natureza": "S", "numero": "0014", "amostra": "2622-AB-S-0014", "labs_letra": "FCP", "labs_numero": "198", "labs_ident": "FCP198" } '),
(' { "codigo": "496439.0", "data acervo": "22/07/2020", "uuid": "07935d30-6c79-11eb-be0c-0f1771cbd5c3", "localizador": "none", "local coleta": "none", "armazenada": "Caeté", "local atual": "58GR38WM+X5", "sureg": "Recife", "caixa": "3430", "tipo": "Alíquota", "lote": "1052/RE", "projeto": "2622", "coletor": "AB", "natureza": "S", "numero": "0015", "amostra": "2622-AB-S-0015", "labs_letra": "FCP", "labs_numero": "199", "labs_ident": "FCP199" } '),
(' { "codigo": "496440.0", "data acervo": "22/07/2020", "uuid": "0793c572-6c79-11eb-87f5-53d6734952cd", "localizador": "none", "local coleta": "none", "armazenada": "Caeté", "local atual": "58GR38WM+X5", "sureg": "Recife", "caixa": "3430", "tipo": "Alíquota", "lote": "1052/RE", "projeto": "2622", "coletor": "AB", "natureza": "S", "numero": "0016", "amostra": "2622-AB-S-0016", "labs_letra": "FCP", "labs_numero": "200", "labs_ident": "FCP200" } '),
(' { "codigo": "496441.0", "data acervo": "22/07/2020", "uuid": "07942832-6c79-11eb-90a8-77df8d556760", "localizador": "none", "local coleta": "none", "armazenada": "Caeté", "local atual": "58GR38WM+X5", "sureg": "Recife", "caixa": "3430", "tipo": "Alíquota", "lote": "1052/RE", "projeto": "2622", "coletor": "AB", "natureza": "S", "numero": "0017", "amostra": "2622-AB-S-0017", "labs_letra": "FCP", "labs_numero": "201", "labs_ident": "FCP201" } '),
(' { "codigo": "496442.0", "data acervo": "22/07/2020", "uuid": "0794902e-6c79-11eb-9ae8-4bd2109fc592", "localizador": "none", "local coleta": "none", "armazenada": "Caeté", "local atual": "58GR38WM+X5", "sureg": "Recife", "caixa": "3430", "tipo": "Alíquota", "lote": "1052/RE", "projeto": "2622", "coletor": "AB", "natureza": "S", "numero": "0018", "amostra": "2622-AB-S-0018", "labs_letra": "FCP", "labs_numero": "202", "labs_ident": "FCP202" } '),
(' { "codigo": "496443.0", "data acervo": "22/07/2020", "uuid": "0794f686-6c79-11eb-8c7b-67f582823455", "localizador": "none", "local coleta": "none", "armazenada": "Caeté", "local atual": "58GR38WM+X5", "sureg": "Recife", "caixa": "3430", "tipo": "Alíquota", "lote": "1052/RE", "projeto": "2622", "coletor": "AB", "natureza": "S", "numero": "0019", "amostra": "2622-AB-S-0019", "labs_letra": "FCP", "labs_numero": "203", "labs_ident": "FCP203" } '),
(' { "codigo": "496444.0", "data acervo": "22/07/2020", "uuid": "07955112-6c79-11eb-bb8a-330d38226643", "localizador": "none", "local coleta": "none", "armazenada": "Caeté", "local atual": "58GR38WM+X5", "sureg": "Recife", "caixa": "3430", "tipo": "Alíquota", "lote": "1052/RE", "projeto": "2622", "coletor": "AB", "natureza": "S", "numero": "0020", "amostra": "2622-AB-S-0020", "labs_letra": "FCP", "labs_numero": "204", "labs_ident": "FCP204" } '),
(' { "codigo": "496445.0", "data acervo": "22/07/2020", "uuid": "0795b79c-6c79-11eb-96ff-2715e974185e", "localizador": "none", "local coleta": "none", "armazenada": "Caeté", "local atual": "58GR38WM+X5", "sureg": "Recife", "caixa": "3430", "tipo": "Alíquota", "lote": "1052/RE", "projeto": "2622", "coletor": "AB", "natureza": "S", "numero": "0021", "amostra": "2622-AB-S-0021", "labs_letra": "FCP", "labs_numero": "205", "labs_ident": "FCP205" } '),
(' { "codigo": "496446.0", "data acervo": "22/07/2020", "uuid": "07961f7a-6c79-11eb-84d7-d3fd394721db", "localizador": "none", "local coleta": "none", "armazenada": "Caeté", "local atual": "58GR38WM+X5", "sureg": "Recife", "caixa": "3430", "tipo": "Alíquota", "lote": "1052/RE", "projeto": "2622", "coletor": "AB", "natureza": "S", "numero": "0022", "amostra": "2622-AB-S-0022", "labs_letra": "FCP", "labs_numero": "206", "labs_ident": "FCP206" } '),
(' { "codigo": "496447.0", "data acervo": "22/07/2020", "uuid": "07968b22-6c79-11eb-855e-3b3c2da8324b", "localizador": "none", "local coleta": "none", "armazenada": "Caeté", "local atual": "58GR38WM+X5", "sureg": "Recife", "caixa": "3430", "tipo": "Alíquota", "lote": "1052/RE", "projeto": "2622", "coletor": "AB", "natureza": "S", "numero": "0023", "amostra": "2622-AB-S-0023", "labs_letra": "FCP", "labs_numero": "207", "labs_ident": "FCP207" } '),
(' { "codigo": "496448.0", "data acervo": "22/07/2020", "uuid": "0796eb9e-6c79-11eb-8a87-93a0495fd817", "localizador": "none", "local coleta": "none", "armazenada": "Caeté", "local atual": "58GR38WM+X5", "sureg": "Recife", "caixa": "3430", "tipo": "Alíquota", "lote": "1052/RE", "projeto": "2622", "coletor": "AB", "natureza": "S", "numero": "0024", "amostra": "2622-AB-S-0024", "labs_letra": "FCP", "labs_numero": "208", "labs_ident": "FCP208" } '),
(' { "codigo": "496449.0", "data acervo": "22/07/2020", "uuid": "07974878-6c79-11eb-97c4-afa2f2e478ef", "localizador": "none", "local coleta": "none", "armazenada": "Caeté", "local atual": "58GR38WM+X5", "sureg": "Recife", "caixa": "3430", "tipo": "Alíquota", "lote": "1052/RE", "projeto": "2622", "coletor": "AB", "natureza": "S", "numero": "0025", "amostra": "2622-AB-S-0025", "labs_letra": "FCP", "labs_numero": "209", "labs_ident": "FCP209" } '),
(' { "codigo": "496450.0", "data acervo": "22/07/2020", "uuid": "0797b498-6c79-11eb-b7fb-9f67abe7a470", "localizador": "none", "local coleta": "none", "armazenada": "Caeté", "local atual": "58GR38WM+X5", "sureg": "Recife", "caixa": "3430", "tipo": "Alíquota", "lote": "1052/RE", "projeto": "2622", "coletor": "AB", "natureza": "S", "numero": "0026", "amostra": "2622-AB-S-0026", "labs_letra": "FCP", "labs_numero": "210", "labs_ident": "FCP210" } '),
(' { "codigo": "496451.0", "data acervo": "22/07/2020", "uuid": "07981370-6c79-11eb-baf4-83d15bad1ce8", "localizador": "none", "local coleta": "none", "armazenada": "Caeté", "local atual": "58GR38WM+X5", "sureg": "Recife", "caixa": "3430", "tipo": "Alíquota", "lote": "1052/RE", "projeto": "2622", "coletor": "AB", "natureza": "S", "numero": "0027", "amostra": "2622-AB-S-0027", "labs_letra": "FCP", "labs_numero": "211", "labs_ident": "FCP211" } '),
(' { "codigo": "496452.0", "data acervo": "22/07/2020", "uuid": "07987860-6c79-11eb-a5ea-97a1bad1af9b", "localizador": "none", "local coleta": "none", "armazenada": "Caeté", "local atual": "58GR38WM+X5", "sureg": "Recife", "caixa": "3430", "tipo": "Alíquota", "lote": "1052/RE", "projeto": "2622", "coletor": "AB", "natureza": "S", "numero": "0028", "amostra": "2622-AB-S-0028", "labs_letra": "FCP", "labs_numero": "212", "labs_ident": "FCP212" } '),
(' { "codigo": "496453.0", "data acervo": "22/07/2020", "uuid": "0798d648-6c79-11eb-b1de-4bd61da76a6e", "localizador": "none", "local coleta": "none", "armazenada": "Caeté", "local atual": "58GR38WM+X5", "sureg": "Recife", "caixa": "3430", "tipo": "Alíquota", "lote": "1052/RE", "projeto": "2622", "coletor": "AB", "natureza": "S", "numero": "0029", "amostra": "2622-AB-S-0029", "labs_letra": "FCP", "labs_numero": "213", "labs_ident": "FCP213" } '),
(' { "codigo": "496454.0", "data acervo": "22/07/2020", "uuid": "07993d04-6c79-11eb-af03-af4beef1ed3f", "localizador": "none", "local coleta": "none", "armazenada": "Caeté", "local atual": "58GR38WM+X5", "sureg": "Recife", "caixa": "3430", "tipo": "Alíquota", "lote": "1052/RE", "projeto": "2622", "coletor": "AB", "natureza": "S", "numero": "0030", "amostra": "2622-AB-S-0030", "labs_letra": "FCP", "labs_numero": "214", "labs_ident": "FCP214" } '),
(' { "codigo": "496455.0", "data acervo": "22/07/2020", "uuid": "07999efc-6c79-11eb-8003-7fdfb9e4b8d3", "localizador": "none", "local coleta": "none", "armazenada": "Caeté", "local atual": "58GR38WM+X5", "sureg": "Recife", "caixa": "3430", "tipo": "Alíquota", "lote": "1052/RE", "projeto": "2622", "coletor": "AB", "natureza": "S", "numero": "0031", "amostra": "2622-AB-S-0031", "labs_letra": "FCP", "labs_numero": "215", "labs_ident": "FCP215" } '),
(' { "codigo": "496456.0", "data acervo": "22/07/2020", "uuid": "079a03b0-6c79-11eb-812a-07bf548d13f1", "localizador": "none", "local coleta": "none", "armazenada": "Caeté", "local atual": "58GR38WM+X5", "sureg": "Recife", "caixa": "3430", "tipo": "Alíquota", "lote": "1052/RE", "projeto": "2622", "coletor": "AB", "natureza": "S", "numero": "0032", "amostra": "2622-AB-S-0032", "labs_letra": "FCP", "labs_numero": "216", "labs_ident": "FCP216" } '),
(' { "codigo": "496457.0", "data acervo": "22/07/2020", "uuid": "079a6076-6c79-11eb-a9f8-c3aeade3db87", "localizador": "none", "local coleta": "none", "armazenada": "Caeté", "local atual": "58GR38WM+X5", "sureg": "Recife", "caixa": "3430", "tipo": "Alíquota", "lote": "1052/RE", "projeto": "2622", "coletor": "AB", "natureza": "S", "numero": "0033", "amostra": "2622-AB-S-0033", "labs_letra": "FCP", "labs_numero": "217", "labs_ident": "FCP217" } '),
(' { "codigo": "496458.0", "data acervo": "22/07/2020", "uuid": "079ac30e-6c79-11eb-b228-f327c35fee8b", "localizador": "none", "local coleta": "none", "armazenada": "Caeté", "local atual": "58GR38WM+X5", "sureg": "Recife", "caixa": "3430", "tipo": "Alíquota", "lote": "1052/RE", "projeto": "2622", "coletor": "AB", "natureza": "S", "numero": "0034", "amostra": "2622-AB-S-0034", "labs_letra": "FCP", "labs_numero": "218", "labs_ident": "FCP218" } '),
(' { "codigo": "496459.0", "data acervo": "22/07/2020", "uuid": "079b194e-6c79-11eb-837c-d3809b9d31b6", "localizador": "none", "local coleta": "none", "armazenada": "Caeté", "local atual": "58GR38WM+X5", "sureg": "Recife", "caixa": "3430", "tipo": "Alíquota", "lote": "1052/RE", "projeto": "2622", "coletor": "AB", "natureza": "S", "numero": "0035", "amostra": "2622-AB-S-0035", "labs_letra": "FCP", "labs_numero": "219", "labs_ident": "FCP219" } '),
(' { "codigo": "496460.0", "data acervo": "22/07/2020", "uuid": "079b7024-6c79-11eb-994a-9768846cb744", "localizador": "none", "local coleta": "none", "armazenada": "Caeté", "local atual": "58GR38WM+X5", "sureg": "Recife", "caixa": "3430", "tipo": "Alíquota", "lote": "1052/RE", "projeto": "2622", "coletor": "AB", "natureza": "S", "numero": "0036", "amostra": "2622-AB-S-0036", "labs_letra": "FCP", "labs_numero": "220", "labs_ident": "FCP220" } '),
(' { "codigo": "496461.0", "data acervo": "22/07/2020", "uuid": "079bd3c0-6c79-11eb-835b-7303cc77592c", "localizador": "none", "local coleta": "none", "armazenada": "Caeté", "local atual": "58GR38WM+X5", "sureg": "Recife", "caixa": "3430", "tipo": "Alíquota", "lote": "1052/RE", "projeto": "2622", "coletor": "AB", "natureza": "S", "numero": "0037", "amostra": "2622-AB-S-0037", "labs_letra": "FCP", "labs_numero": "221", "labs_ident": "FCP221" } '),
(' { "codigo": "496462.0", "data acervo": "22/07/2020", "uuid": "079c3c7a-6c79-11eb-85f6-fb4e6666d0d0", "localizador": "none", "local coleta": "none", "armazenada": "Caeté", "local atual": "58GR38WM+X5", "sureg": "Recife", "caixa": "3430", "tipo": "Alíquota", "lote": "1052/RE", "projeto": "2622", "coletor": "AB", "natureza": "S", "numero": "0038", "amostra": "2622-AB-S-0038", "labs_letra": "FCP", "labs_numero": "222", "labs_ident": "FCP222" } '),
(' { "codigo": "496463.0", "data acervo": "22/07/2020", "uuid": "079ca1ce-6c79-11eb-9550-3bb61544dca9", "localizador": "none", "local coleta": "none", "armazenada": "Caeté", "local atual": "58GR38WM+X5", "sureg": "Recife", "caixa": "3430", "tipo": "Alíquota", "lote": "1052/RE", "projeto": "2622", "coletor": "AB", "natureza": "S", "numero": "0039", "amostra": "2622-AB-S-0039", "labs_letra": "FCP", "labs_numero": "223", "labs_ident": "FCP223" } '),
(' { "codigo": "496464.0", "data acervo": "22/07/2020", "uuid": "079cf700-6c79-11eb-9a95-e795866b1e40", "localizador": "none", "local coleta": "none", "armazenada": "Caeté", "local atual": "58GR38WM+X5", "sureg": "Recife", "caixa": "3430", "tipo": "Alíquota", "lote": "1052/RE", "projeto": "2622", "coletor": "AB", "natureza": "S", "numero": "0040", "amostra": "2622-AB-S-0040", "labs_letra": "FCP", "labs_numero": "224", "labs_ident": "FCP224" } '),
(' { "codigo": "496465.0", "data acervo": "22/07/2020", "uuid": "079d58ee-6c79-11eb-bdd8-dfbe76856115", "localizador": "none", "local coleta": "none", "armazenada": "Caeté", "local atual": "58GR38WM+X5", "sureg": "Recife", "caixa": "3430", "tipo": "Alíquota", "lote": "1052/RE", "projeto": "2622", "coletor": "AB", "natureza": "S", "numero": "0041", "amostra": "2622-AB-S-0041", "labs_letra": "FCP", "labs_numero": "225", "labs_ident": "FCP225" } '),
(' { "codigo": "496466.0", "data acervo": "22/07/2020", "uuid": "079db71c-6c79-11eb-98a2-3b41ebba2121", "localizador": "none", "local coleta": "none", "armazenada": "Caeté", "local atual": "58GR38WM+X5", "sureg": "Recife", "caixa": "3430", "tipo": "Alíquota", "lote": "1052/RE", "projeto": "2622", "coletor": "AB", "natureza": "S", "numero": "0042", "amostra": "2622-AB-S-0042", "labs_letra": "FCP", "labs_numero": "226", "labs_ident": "FCP226" } '),
(' { "codigo": "496467.0", "data acervo": "22/07/2020", "uuid": "079e2080-6c79-11eb-bd0e-77eb6b974018", "localizador": "none", "local coleta": "none", "armazenada": "Caeté", "local atual": "58GR38WM+X5", "sureg": "Recife", "caixa": "3430", "tipo": "Alíquota", "lote": "1052/RE", "projeto": "2622", "coletor": "AB", "natureza": "S", "numero": "0043", "amostra": "2622-AB-S-0043", "labs_letra": "FCP", "labs_numero": "227", "labs_ident": "FCP227" } '),
(' { "codigo": "496468.0", "data acervo": "22/07/2020", "uuid": "079e85a2-6c79-11eb-a8eb-ab8af0ccd835", "localizador": "none", "local coleta": "none", "armazenada": "Caeté", "local atual": "58GR38WM+X5", "sureg": "Recife", "caixa": "3430", "tipo": "Alíquota", "lote": "1052/RE", "projeto": "2622", "coletor": "AB", "natureza": "S", "numero": "0044", "amostra": "2622-AB-S-0044", "labs_letra": "FCP", "labs_numero": "228", "labs_ident": "FCP228" } '),
(' { "codigo": "496469.0", "data acervo": "22/07/2020", "uuid": "079eefa6-6c79-11eb-8668-4bbcbe3105fd", "localizador": "none", "local coleta": "none", "armazenada": "Caeté", "local atual": "58GR38WM+X5", "sureg": "Recife", "caixa": "3430", "tipo": "Alíquota", "lote": "1052/RE", "projeto": "2622", "coletor": "AB", "natureza": "S", "numero": "0045", "amostra": "2622-AB-S-0045", "labs_letra": "FCP", "labs_numero": "229", "labs_ident": "FCP229" } '),
(' { "codigo": "496470.0", "data acervo": "22/07/2020", "uuid": "079f5df6-6c79-11eb-8e33-536201d62361", "localizador": "none", "local coleta": "none", "armazenada": "Caeté", "local atual": "58GR38WM+X5", "sureg": "Recife", "caixa": "3430", "tipo": "Alíquota", "lote": "1052/RE", "projeto": "2622", "coletor": "AB", "natureza": "S", "numero": "0046", "amostra": "2622-AB-S-0046", "labs_letra": "FCP", "labs_numero": "230", "labs_ident": "FCP230" } '),
(' { "codigo": "496471.0", "data acervo": "22/07/2020", "uuid": "079fc656-6c79-11eb-8dbc-cfbd6973c907", "localizador": "none", "local coleta": "none", "armazenada": "Caeté", "local atual": "58GR38WM+X5", "sureg": "Recife", "caixa": "3430", "tipo": "Alíquota", "lote": "1052/RE", "projeto": "2622", "coletor": "AB", "natureza": "S", "numero": "0047", "amostra": "2622-AB-S-0047", "labs_letra": "FCP", "labs_numero": "231", "labs_ident": "FCP231" } '),
(' { "codigo": "496472.0", "data acervo": "22/07/2020", "uuid": "07a025c4-6c79-11eb-8207-e340b0214d41", "localizador": "none", "local coleta": "none", "armazenada": "Caeté", "local atual": "58GR38WM+X5", "sureg": "Recife", "caixa": "3430", "tipo": "Alíquota", "lote": "1052/RE", "projeto": "2622", "coletor": "AB", "natureza": "S", "numero": "0048", "amostra": "2622-AB-S-0048", "labs_letra": "FCP", "labs_numero": "232", "labs_ident": "FCP232" } '),
(' { "codigo": "496473.0", "data acervo": "22/07/2020", "uuid": "07a08fe6-6c79-11eb-a485-179460cd7894", "localizador": "none", "local coleta": "none", "armazenada": "Caeté", "local atual": "58GR38WM+X5", "sureg": "Recife", "caixa": "3430", "tipo": "Alíquota", "lote": "1052/RE", "projeto": "2622", "coletor": "AB", "natureza": "S", "numero": "0049", "amostra": "2622-AB-S-0049", "labs_letra": "FCP", "labs_numero": "233", "labs_ident": "FCP233" } '),
(' { "codigo": "496474.0", "data acervo": "22/07/2020", "uuid": "07a0ea40-6c79-11eb-aedc-5348902aa578", "localizador": "none", "local coleta": "none", "armazenada": "Caeté", "local atual": "58GR38WM+X5", "sureg": "Recife", "caixa": "3430", "tipo": "Alíquota", "lote": "1052/RE", "projeto": "2622", "coletor": "AB", "natureza": "S", "numero": "0050", "amostra": "2622-AB-S-0050", "labs_letra": "FCP", "labs_numero": "234", "labs_ident": "FCP234" } '),
(' { "codigo": "496475.0", "data acervo": "22/07/2020", "uuid": "07a15764-6c79-11eb-8483-57c610da20f8", "localizador": "none", "local coleta": "none", "armazenada": "Caeté", "local atual": "58GR38WM+X5", "sureg": "Recife", "caixa": "3431", "tipo": "Alíquota", "lote": "1052/RE", "projeto": "2622", "coletor": "AB", "natureza": "S", "numero": "0051", "amostra": "2622-AB-S-0051", "labs_letra": "FCP", "labs_numero": "235", "labs_ident": "FCP235" } '),
(' { "codigo": "496476.0", "data acervo": "22/07/2020", "uuid": "07a1baba-6c79-11eb-85c2-07870b77d16f", "localizador": "none", "local coleta": "none", "armazenada": "Caeté", "local atual": "58GR38WM+X5", "sureg": "Recife", "caixa": "3431", "tipo": "Alíquota", "lote": "1052/RE", "projeto": "2622", "coletor": "AB", "natureza": "S", "numero": "0052", "amostra": "2622-AB-S-0052", "labs_letra": "FCP", "labs_numero": "236", "labs_ident": "FCP236" } '),
(' { "codigo": "496477.0", "data acervo": "22/07/2020", "uuid": "07a21604-6c79-11eb-acef-27d779ad4fde", "localizador": "none", "local coleta": "none", "armazenada": "Caeté", "local atual": "58GR38WM+X5", "sureg": "Recife", "caixa": "3431", "tipo": "Alíquota", "lote": "1052/RE", "projeto": "2622", "coletor": "AB", "natureza": "S", "numero": "0053", "amostra": "2622-AB-S-0053", "labs_letra": "FCP", "labs_numero": "237", "labs_ident": "FCP237" } '),
(' { "codigo": "496478.0", "data acervo": "22/07/2020", "uuid": "07a2784c-6c79-11eb-bc79-bffe4a47ebb5", "localizador": "none", "local coleta": "none", "armazenada": "Caeté", "local atual": "58GR38WM+X5", "sureg": "Recife", "caixa": "3431", "tipo": "Alíquota", "lote": "1052/RE", "projeto": "2622", "coletor": "AB", "natureza": "S", "numero": "0054", "amostra": "2622-AB-S-0054", "labs_letra": "FCP", "labs_numero": "238", "labs_ident": "FCP238" } '),
(' { "codigo": "496479.0", "data acervo": "22/07/2020", "uuid": "07a2d576-6c79-11eb-90d1-37b61fc93696", "localizador": "none", "local coleta": "none", "armazenada": "Caeté", "local atual": "58GR38WM+X5", "sureg": "Recife", "caixa": "3431", "tipo": "Alíquota", "lote": "1052/RE", "projeto": "2622", "coletor": "AB", "natureza": "S", "numero": "0055", "amostra": "2622-AB-S-0055", "labs_letra": "FCP", "labs_numero": "239", "labs_ident": "FCP239" } '),
(' { "codigo": "496480.0", "data acervo": "22/07/2020", "uuid": "07a33fe8-6c79-11eb-accb-4b6265ceca26", "localizador": "none", "local coleta": "none", "armazenada": "Caeté", "local atual": "58GR38WM+X5", "sureg": "Recife", "caixa": "3431", "tipo": "Alíquota", "lote": "1052/RE", "projeto": "2622", "coletor": "AB", "natureza": "S", "numero": "0056", "amostra": "2622-AB-S-0056", "labs_letra": "FCP", "labs_numero": "240", "labs_ident": "FCP240" } '),
(' { "codigo": "496481.0", "data acervo": "22/07/2020", "uuid": "07a3a384-6c79-11eb-a24a-fb46a4e72f17", "localizador": "none", "local coleta": "none", "armazenada": "Caeté", "local atual": "58GR38WM+X5", "sureg": "Recife", "caixa": "3431", "tipo": "Alíquota", "lote": "1052/RE", "projeto": "2622", "coletor": "AB", "natureza": "S", "numero": "0057", "amostra": "2622-AB-S-0057", "labs_letra": "FCP", "labs_numero": "241", "labs_ident": "FCP241" } '),
(' { "codigo": "496482.0", "data acervo": "22/07/2020", "uuid": "07a40cca-6c79-11eb-b0e1-a7355b5f5fb8", "localizador": "none", "local coleta": "none", "armazenada": "Caeté", "local atual": "58GR38WM+X5", "sureg": "Recife", "caixa": "3431", "tipo": "Alíquota", "lote": "1052/RE", "projeto": "2622", "coletor": "AB", "natureza": "S", "numero": "0058", "amostra": "2622-AB-S-0058", "labs_letra": "FCP", "labs_numero": "242", "labs_ident": "FCP242" } '),
(' { "codigo": "496483.0", "data acervo": "22/07/2020", "uuid": "07a474a8-6c79-11eb-b5c1-634d595a7517", "localizador": "none", "local coleta": "none", "armazenada": "Caeté", "local atual": "58GR38WM+X5", "sureg": "Recife", "caixa": "3431", "tipo": "Alíquota", "lote": "1052/RE", "projeto": "2622", "coletor": "AB", "natureza": "S", "numero": "0059", "amostra": "2622-AB-S-0059", "labs_letra": "FCP", "labs_numero": "243", "labs_ident": "FCP243" } '),
(' { "codigo": "496484.0", "data acervo": "22/07/2020", "uuid": "07a4dfce-6c79-11eb-9afd-abf436cc50d8", "localizador": "none", "local coleta": "none", "armazenada": "Caeté", "local atual": "58GR38WM+X5", "sureg": "Recife", "caixa": "3431", "tipo": "Alíquota", "lote": "1052/RE", "projeto": "2622", "coletor": "AB", "natureza": "S", "numero": "0060", "amostra": "2622-AB-S-0060", "labs_letra": "FCP", "labs_numero": "244", "labs_ident": "FCP244" } '),
(' { "codigo": "496485.0", "data acervo": "22/07/2020", "uuid": "07a54aae-6c79-11eb-85de-7f8411b9db27", "localizador": "none", "local coleta": "none", "armazenada": "Caeté", "local atual": "58GR38WM+X5", "sureg": "Recife", "caixa": "3431", "tipo": "Alíquota", "lote": "1052/RE", "projeto": "2622", "coletor": "AB", "natureza": "S", "numero": "0061", "amostra": "2622-AB-S-0061", "labs_letra": "FCP", "labs_numero": "245", "labs_ident": "FCP245" } '),
(' { "codigo": "496486.0", "data acervo": "22/07/2020", "uuid": "07a5bb2e-6c79-11eb-9316-7b991c3f3439", "localizador": "none", "local coleta": "none", "armazenada": "Caeté", "local atual": "58GR38WM+X5", "sureg": "Recife", "caixa": "3431", "tipo": "Alíquota", "lote": "1052/RE", "projeto": "2622", "coletor": "AB", "natureza": "S", "numero": "0062", "amostra": "2622-AB-S-0062", "labs_letra": "FCP", "labs_numero": "246", "labs_ident": "FCP246" } '),
(' { "codigo": "496487.0", "data acervo": "22/07/2020", "uuid": "07a62870-6c79-11eb-a045-a3ce350c5e38", "localizador": "none", "local coleta": "none", "armazenada": "Caeté", "local atual": "58GR38WM+X5", "sureg": "Recife", "caixa": "3431", "tipo": "Alíquota", "lote": "1052/RE", "projeto": "2622", "coletor": "AB", "natureza": "S", "numero": "0063", "amostra": "2622-AB-S-0063", "labs_letra": "FCP", "labs_numero": "247", "labs_ident": "FCP247" } '),
(' { "codigo": "496488.0", "data acervo": "22/07/2020", "uuid": "07a68d6a-6c79-11eb-b36a-87e7901b86ae", "localizador": "none", "local coleta": "none", "armazenada": "Caeté", "local atual": "58GR38WM+X5", "sureg": "Recife", "caixa": "3431", "tipo": "Alíquota", "lote": "1052/RE", "projeto": "2622", "coletor": "AB", "natureza": "S", "numero": "0064", "amostra": "2622-AB-S-0064", "labs_letra": "FCP", "labs_numero": "248", "labs_ident": "FCP248" } '),
(' { "codigo": "496489.0", "data acervo": "22/07/2020", "uuid": "07a6f926-6c79-11eb-9be6-e322e292d12d", "localizador": "none", "local coleta": "none", "armazenada": "Caeté", "local atual": "58GR38WM+X5", "sureg": "Recife", "caixa": "3431", "tipo": "Alíquota", "lote": "1052/RE", "projeto": "2622", "coletor": "AB", "natureza": "S", "numero": "0065", "amostra": "2622-AB-S-0065", "labs_letra": "FCP", "labs_numero": "249", "labs_ident": "FCP249" } '),
(' { "codigo": "496490.0", "data acervo": "22/07/2020", "uuid": "07a75b00-6c79-11eb-8716-5f39beeff901", "localizador": "none", "local coleta": "none", "armazenada": "Caeté", "local atual": "58GR38WM+X5", "sureg": "Recife", "caixa": "3431", "tipo": "Alíquota", "lote": "1052/RE", "projeto": "2622", "coletor": "AB", "natureza": "S", "numero": "0066", "amostra": "2622-AB-S-0066", "labs_letra": "FCP", "labs_numero": "250", "labs_ident": "FCP250" } '),
