(' { "codigo": "550872.0", "data acervo": "22/07/2020", "uuid": "5a69ba4a-6c79-11eb-b966-63612074ce01", "localizador": "none", "local coleta": "none", "armazenada": "Caeté", "local atual": "58GR38WM+X5", "sureg": "Fortaleza", "caixa": "4646", "tipo": "Alíquota", "lote": "156/FO", "projeto": "2604", "coletor": "PR", "natureza": "R", "numero": "0002", "opcional": "A", "amostra": "2604-PR-R-0002A", "labs_letra": "QAF", "labs_numero": "573", "labs_ident": "QAF573" } '),
(' { "codigo": "550873.0", "data acervo": "22/07/2020", "uuid": "5a6a1814-6c79-11eb-8f4e-9f1487301f96", "localizador": "none", "local coleta": "none", "armazenada": "Caeté", "local atual": "58GR38WM+X5", "sureg": "Fortaleza", "caixa": "4646", "tipo": "Alíquota", "lote": "156/FO", "projeto": "2604", "coletor": "PR", "natureza": "R", "numero": "0002", "opcional": "E", "amostra": "2604-PR-R-0002E", "labs_letra": "QAF", "labs_numero": "574", "labs_ident": "QAF574" } '),
(' { "codigo": "550874.0", "data acervo": "22/07/2020", "uuid": "5a6a8308-6c79-11eb-95c6-5b7d9671714c", "localizador": "none", "local coleta": "none", "armazenada": "Caeté", "local atual": "58GR38WM+X5", "sureg": "Fortaleza", "caixa": "4646", "tipo": "Alíquota", "lote": "156/FO", "projeto": "2604", "coletor": "PR", "natureza": "R", "numero": "0002", "opcional": "G", "amostra": "2604-PR-R-0002G", "labs_letra": "QAF", "labs_numero": "575", "labs_ident": "QAF575" } '),
(' { "codigo": "550875.0", "data acervo": "22/07/2020", "uuid": "5a6aec94-6c79-11eb-bcdf-efaa33e93956", "localizador": "none", "local coleta": "none", "armazenada": "Caeté", "local atual": "58GR38WM+X5", "sureg": "Fortaleza", "caixa": "4646", "tipo": "Alíquota", "lote": "156/FO", "projeto": "2604", "coletor": "PR", "natureza": "R", "numero": "0003", "opcional": "A", "amostra": "2604-PR-R-0003A", "labs_letra": "QAF", "labs_numero": "576", "labs_ident": "QAF576" } '),
(' { "codigo": "550876.0", "data acervo": "22/07/2020", "uuid": "5a6b53e6-6c79-11eb-862a-1334b3baba68", "localizador": "none", "local coleta": "none", "armazenada": "Caeté", "local atual": "58GR38WM+X5", "sureg": "Fortaleza", "caixa": "4646", "tipo": "Alíquota", "lote": "156/FO", "projeto": "2604", "coletor": "PR", "natureza": "R", "numero": "0003", "opcional": "C", "amostra": "2604-PR-R-0003C", "labs_letra": "QAF", "labs_numero": "577", "labs_ident": "QAF577" } '),
(' { "codigo": "550877.0", "data acervo": "22/07/2020", "uuid": "5a6bb9d0-6c79-11eb-bbc7-93ca8782bd73", "localizador": "none", "local coleta": "none", "armazenada": "Caeté", "local atual": "58GR38WM+X5", "sureg": "Fortaleza", "caixa": "4646", "tipo": "Alíquota", "lote": "156/FO", "projeto": "2604", "coletor": "PR", "natureza": "R", "numero": "0003", "opcional": "E", "amostra": "2604-PR-R-0003E", "labs_letra": "QAF", "labs_numero": "578", "labs_ident": "QAF578" } '),
(' { "codigo": "550878.0", "data acervo": "22/07/2020", "uuid": "5a6c1c4a-6c79-11eb-8831-9ba4e3117872", "localizador": "none", "local coleta": "none", "armazenada": "Caeté", "local atual": "58GR38WM+X5", "sureg": "Fortaleza", "caixa": "4646", "tipo": "Alíquota", "lote": "156/FO", "projeto": "2604", "coletor": "PR", "natureza": "R", "numero": "0006", "opcional": "A", "amostra": "2604-PR-R-0006A", "labs_letra": "QAF", "labs_numero": "579", "labs_ident": "QAF579" } '),
(' { "codigo": "550879.0", "data acervo": "22/07/2020", "uuid": "5a6c834c-6c79-11eb-a277-bbb04c317566", "localizador": "none", "local coleta": "none", "armazenada": "Caeté", "local atual": "58GR38WM+X5", "sureg": "Fortaleza", "caixa": "4646", "tipo": "Alíquota", "lote": "156/FO", "projeto": "2604", "coletor": "PR", "natureza": "R", "numero": "0006", "opcional": "B", "amostra": "2604-PR-R-0006B", "labs_letra": "QAF", "labs_numero": "580", "labs_ident": "QAF580" } '),
(' { "codigo": "550880.0", "data acervo": "22/07/2020", "uuid": "5a6ceaee-6c79-11eb-808b-27802d75225a", "localizador": "none", "local coleta": "none", "armazenada": "Caeté", "local atual": "58GR38WM+X5", "sureg": "Fortaleza", "caixa": "4646", "tipo": "Alíquota", "lote": "156/FO", "projeto": "2604", "coletor": "PR", "natureza": "R", "numero": "0006", "opcional": "D", "amostra": "2604-PR-R-0006D", "labs_letra": "QAF", "labs_numero": "581", "labs_ident": "QAF581" } '),
(' { "codigo": "550881.0", "data acervo": "22/07/2020", "uuid": "5a6d5600-6c79-11eb-a9bd-9359c78aafb2", "localizador": "none", "local coleta": "none", "armazenada": "Caeté", "local atual": "58GR38WM+X5", "sureg": "Fortaleza", "caixa": "4646", "tipo": "Alíquota", "lote": "156/FO", "projeto": "2604", "coletor": "PR", "natureza": "R", "numero": "0007", "opcional": "A", "amostra": "2604-PR-R-0007A", "labs_letra": "QAF", "labs_numero": "582", "labs_ident": "QAF582" } '),
(' { "codigo": "550882.0", "data acervo": "22/07/2020", "uuid": "5a6db780-6c79-11eb-9c71-57c8d0546887", "localizador": "none", "local coleta": "none", "armazenada": "Caeté", "local atual": "58GR38WM+X5", "sureg": "Fortaleza", "caixa": "4647", "tipo": "Alíquota", "lote": "037/FO", "projeto": "2604", "coletor": "LB", "natureza": "R", "numero": "0001", "opcional": "A", "amostra": "2604-LB-R-0001A", "labs_letra": "QAB", "labs_numero": "241", "labs_ident": "QAB241" } '),
(' { "codigo": "550883.0", "data acervo": "22/07/2020", "uuid": "5a6e2102-6c79-11eb-a058-5ba8f06de1fe", "localizador": "none", "local coleta": "none", "armazenada": "Caeté", "local atual": "58GR38WM+X5", "sureg": "Fortaleza", "caixa": "4647", "tipo": "Alíquota", "lote": "037/FO", "projeto": "2604", "coletor": "LB", "natureza": "R", "numero": "0001", "opcional": "B", "amostra": "2604-LB-R-0001B", "labs_letra": "QAB", "labs_numero": "242", "labs_ident": "QAB242" } '),
(' { "codigo": "550884.0", "data acervo": "22/07/2020", "uuid": "5a6e7224-6c79-11eb-8e11-6b3364227095", "localizador": "none", "local coleta": "none", "armazenada": "Caeté", "local atual": "58GR38WM+X5", "sureg": "Fortaleza", "caixa": "4647", "tipo": "Alíquota", "lote": "037/FO", "projeto": "2604", "coletor": "LB", "natureza": "R", "numero": "0001", "opcional": "C", "amostra": "2604-LB-R-0001C", "labs_letra": "QAB", "labs_numero": "243", "labs_ident": "QAB243" } '),
(' { "codigo": "550885.0", "data acervo": "22/07/2020", "uuid": "5a6ed35e-6c79-11eb-8ab6-23588456ed47", "localizador": "none", "local coleta": "none", "armazenada": "Caeté", "local atual": "58GR38WM+X5", "sureg": "Fortaleza", "caixa": "4647", "tipo": "Alíquota", "lote": "037/FO", "projeto": "2604", "coletor": "LB", "natureza": "R", "numero": "0001", "opcional": "D", "amostra": "2604-LB-R-0001D", "labs_letra": "QAB", "labs_numero": "244", "labs_ident": "QAB244" } '),
(' { "codigo": "550886.0", "data acervo": "22/07/2020", "uuid": "5a6f3a4c-6c79-11eb-8a1e-7f6bae5b75e9", "localizador": "none", "local coleta": "none", "armazenada": "Caeté", "local atual": "58GR38WM+X5", "sureg": "Fortaleza", "caixa": "4647", "tipo": "Alíquota", "lote": "037/FO", "projeto": "2604", "coletor": "LB", "natureza": "R", "numero": "0001", "opcional": "E", "amostra": "2604-LB-R-0001E", "labs_letra": "QAB", "labs_numero": "245", "labs_ident": "QAB245" } '),
(' { "codigo": "550887.0", "data acervo": "22/07/2020", "uuid": "5a6f92b2-6c79-11eb-a9a7-db5afa4b1895", "localizador": "none", "local coleta": "none", "armazenada": "Caeté", "local atual": "58GR38WM+X5", "sureg": "Fortaleza", "caixa": "4647", "tipo": "Alíquota", "lote": "037/FO", "projeto": "2604", "coletor": "LB", "natureza": "R", "numero": "0001", "opcional": "F", "amostra": "2604-LB-R-0001F", "labs_letra": "QAB", "labs_numero": "246", "labs_ident": "QAB246" } '),
(' { "codigo": "550888.0", "data acervo": "22/07/2020", "uuid": "5a6ff6f8-6c79-11eb-92e2-73ba653f9f46", "localizador": "none", "local coleta": "none", "armazenada": "Caeté", "local atual": "58GR38WM+X5", "sureg": "Fortaleza", "caixa": "4647", "tipo": "Alíquota", "lote": "037/FO", "projeto": "2604", "coletor": "LB", "natureza": "R", "numero": "0004", "opcional": "A", "amostra": "2604-LB-R-0004A", "labs_letra": "QAB", "labs_numero": "247", "labs_ident": "QAB247" } '),
(' { "codigo": "550889.0", "data acervo": "22/07/2020", "uuid": "5a705382-6c79-11eb-b240-5346a9f72769", "localizador": "none", "local coleta": "none", "armazenada": "Caeté", "local atual": "58GR38WM+X5", "sureg": "Fortaleza", "caixa": "4647", "tipo": "Alíquota", "lote": "037/FO", "projeto": "2604", "coletor": "LB", "natureza": "R", "numero": "0004", "opcional": "B", "amostra": "2604-LB-R-0004B", "labs_letra": "QAB", "labs_numero": "248", "labs_ident": "QAB248" } '),
(' { "codigo": "550890.0", "data acervo": "22/07/2020", "uuid": "5a70b28c-6c79-11eb-ab83-df6b1b981810", "localizador": "none", "local coleta": "none", "armazenada": "Caeté", "local atual": "58GR38WM+X5", "sureg": "Fortaleza", "caixa": "4647", "tipo": "Alíquota", "lote": "037/FO", "projeto": "2604", "coletor": "LB", "natureza": "R", "numero": "0004", "opcional": "C", "amostra": "2604-LB-R-0004C", "labs_letra": "QAB", "labs_numero": "249", "labs_ident": "QAB249" } '),
(' { "codigo": "550891.0", "data acervo": "22/07/2020", "uuid": "5a7114d4-6c79-11eb-a485-ff38fa018a2d", "localizador": "none", "local coleta": "none", "armazenada": "Caeté", "local atual": "58GR38WM+X5", "sureg": "Fortaleza", "caixa": "4647", "tipo": "Alíquota", "lote": "037/FO", "projeto": "2604", "coletor": "LB", "natureza": "R", "numero": "0004", "opcional": "D", "amostra": "2604-LB-R-0004D", "labs_letra": "QAB", "labs_numero": "250", "labs_ident": "QAB250" } '),
(' { "codigo": "550892.0", "data acervo": "22/07/2020", "uuid": "5a7173ac-6c79-11eb-89f9-2317d8d33aa6", "localizador": "none", "local coleta": "none", "armazenada": "Caeté", "local atual": "58GR38WM+X5", "sureg": "Fortaleza", "caixa": "4647", "tipo": "Alíquota", "lote": "037/FO", "projeto": "2604", "coletor": "LB", "natureza": "R", "numero": "0005", "opcional": "A", "amostra": "2604-LB-R-0005A", "labs_letra": "QAB", "labs_numero": "251", "labs_ident": "QAB251" } '),
(' { "codigo": "550893.0", "data acervo": "22/07/2020", "uuid": "5a71d464-6c79-11eb-8dae-fb547782b502", "localizador": "none", "local coleta": "none", "armazenada": "Caeté", "local atual": "58GR38WM+X5", "sureg": "Fortaleza", "caixa": "4647", "tipo": "Alíquota", "lote": "037/FO", "projeto": "2604", "coletor": "LB", "natureza": "R", "numero": "0005", "opcional": "C", "amostra": "2604-LB-R-0005C", "labs_letra": "QAB", "labs_numero": "252", "labs_ident": "QAB252" } '),
(' { "codigo": "550894.0", "data acervo": "22/07/2020", "uuid": "5a72335a-6c79-11eb-b189-fb4446538381", "localizador": "none", "local coleta": "none", "armazenada": "Caeté", "local atual": "58GR38WM+X5", "sureg": "Fortaleza", "caixa": "4647", "tipo": "Alíquota", "lote": "037/FO", "projeto": "2604", "coletor": "LB", "natureza": "R", "numero": "0005", "opcional": "E", "amostra": "2604-LB-R-0005E", "labs_letra": "QAB", "labs_numero": "253", "labs_ident": "QAB253" } '),
(' { "codigo": "550895.0", "data acervo": "22/07/2020", "uuid": "5a72a498-6c79-11eb-9f7a-7b515be65874", "localizador": "none", "local coleta": "none", "armazenada": "Caeté", "local atual": "58GR38WM+X5", "sureg": "Fortaleza", "caixa": "4647", "tipo": "Alíquota", "lote": "037/FO", "projeto": "2604", "coletor": "LB", "natureza": "R", "numero": "0006", "opcional": "A", "amostra": "2604-LB-R-0006A", "labs_letra": "QAB", "labs_numero": "254", "labs_ident": "QAB254" } '),
(' { "codigo": "550896.0", "data acervo": "22/07/2020", "uuid": "5a7307da-6c79-11eb-bbf2-8f7704259d28", "localizador": "none", "local coleta": "none", "armazenada": "Caeté", "local atual": "58GR38WM+X5", "sureg": "Fortaleza", "caixa": "4647", "tipo": "Alíquota", "lote": "037/FO", "projeto": "2604", "coletor": "LB", "natureza": "R", "numero": "0006", "opcional": "C", "amostra": "2604-LB-R-0006C", "labs_letra": "QAB", "labs_numero": "255", "labs_ident": "QAB255" } '),
(' { "codigo": "550897.0", "data acervo": "22/07/2020", "uuid": "5a736f90-6c79-11eb-a3d6-0745c287ff4d", "localizador": "none", "local coleta": "none", "armazenada": "Caeté", "local atual": "58GR38WM+X5", "sureg": "Fortaleza", "caixa": "4647", "tipo": "Alíquota", "lote": "037/FO", "projeto": "2604", "coletor": "LB", "natureza": "R", "numero": "0007", "opcional": "A", "amostra": "2604-LB-R-0007A", "labs_letra": "QAB", "labs_numero": "256", "labs_ident": "QAB256" } '),
(' { "codigo": "550898.0", "data acervo": "22/07/2020", "uuid": "5a73cc7e-6c79-11eb-935a-d7e1b4d20dff", "localizador": "none", "local coleta": "none", "armazenada": "Caeté", "local atual": "58GR38WM+X5", "sureg": "Fortaleza", "caixa": "4647", "tipo": "Alíquota", "lote": "037/FO", "projeto": "2604", "coletor": "LB", "natureza": "R", "numero": "0007", "opcional": "B", "amostra": "2604-LB-R-0007B", "labs_letra": "QAB", "labs_numero": "257", "labs_ident": "QAB257" } '),
(' { "codigo": "550899.0", "data acervo": "22/07/2020", "uuid": "5a742b9c-6c79-11eb-8773-ef1abe83c4b0", "localizador": "none", "local coleta": "none", "armazenada": "Caeté", "local atual": "58GR38WM+X5", "sureg": "Fortaleza", "caixa": "4647", "tipo": "Alíquota", "lote": "037/FO", "projeto": "2604", "coletor": "LB", "natureza": "R", "numero": "0007", "opcional": "C", "amostra": "2604-LB-R-0007C", "labs_letra": "QAB", "labs_numero": "258", "labs_ident": "QAB258" } '),
(' { "codigo": "550900.0", "data acervo": "22/07/2020", "uuid": "5a748312-6c79-11eb-acd3-abf7e4b87ce5", "localizador": "none", "local coleta": "none", "armazenada": "Caeté", "local atual": "58GR38WM+X5", "sureg": "Fortaleza", "caixa": "4647", "tipo": "Alíquota", "lote": "037/FO", "projeto": "2604", "coletor": "LB", "natureza": "R", "numero": "0008", "opcional": "A", "amostra": "2604-LB-R-0008A", "labs_letra": "QAB", "labs_numero": "259", "labs_ident": "QAB259" } '),
(' { "codigo": "550901.0", "data acervo": "22/07/2020", "uuid": "5a74e000-6c79-11eb-a4dc-07fce269da37", "localizador": "none", "local coleta": "none", "armazenada": "Caeté", "local atual": "58GR38WM+X5", "sureg": "Fortaleza", "caixa": "4647", "tipo": "Alíquota", "lote": "037/FO", "projeto": "2604", "coletor": "LB", "natureza": "R", "numero": "0008", "opcional": "B", "amostra": "2604-LB-R-0008B", "labs_letra": "QAB", "labs_numero": "260", "labs_ident": "QAB260" } '),
(' { "codigo": "550902.0", "data acervo": "22/07/2020", "uuid": "5a753d02-6c79-11eb-8c3d-afc87b7501a4", "localizador": "none", "local coleta": "none", "armazenada": "Caeté", "local atual": "58GR38WM+X5", "sureg": "Fortaleza", "caixa": "4647", "tipo": "Alíquota", "lote": "037/FO", "projeto": "2604", "coletor": "LB", "natureza": "R", "numero": "0008", "opcional": "C", "amostra": "2604-LB-R-0008C", "labs_letra": "QAB", "labs_numero": "261", "labs_ident": "QAB261" } '),
(' { "codigo": "550903.0", "data acervo": "22/07/2020", "uuid": "5a75a0ee-6c79-11eb-927d-0b63fd70379e", "localizador": "none", "local coleta": "none", "armazenada": "Caeté", "local atual": "58GR38WM+X5", "sureg": "Fortaleza", "caixa": "4647", "tipo": "Alíquota", "lote": "037/FO", "projeto": "2604", "coletor": "LB", "natureza": "R", "numero": "0009", "opcional": "A", "amostra": "2604-LB-R-0009A", "labs_letra": "QAB", "labs_numero": "262", "labs_ident": "QAB262" } '),
(' { "codigo": "550904.0", "data acervo": "22/07/2020", "uuid": "5a7606ec-6c79-11eb-961d-3f7760374477", "localizador": "none", "local coleta": "none", "armazenada": "Caeté", "local atual": "58GR38WM+X5", "sureg": "Fortaleza", "caixa": "4647", "tipo": "Alíquota", "lote": "037/FO", "projeto": "2604", "coletor": "LB", "natureza": "R", "numero": "0009", "opcional": "B", "amostra": "2604-LB-R-0009B", "labs_letra": "QAB", "labs_numero": "263", "labs_ident": "QAB263" } '),
(' { "codigo": "550905.0", "data acervo": "22/07/2020", "uuid": "5a7669c0-6c79-11eb-b403-2f2c8b026016", "localizador": "none", "local coleta": "none", "armazenada": "Caeté", "local atual": "58GR38WM+X5", "sureg": "Fortaleza", "caixa": "4647", "tipo": "Alíquota", "lote": "037/FO", "projeto": "2604", "coletor": "LB", "natureza": "R", "numero": "0009", "opcional": "C", "amostra": "2604-LB-R-0009C", "labs_letra": "QAB", "labs_numero": "264", "labs_ident": "QAB264" } '),
(' { "codigo": "550906.0", "data acervo": "22/07/2020", "uuid": "5a76d13a-6c79-11eb-92b3-1be93c4b4a03", "localizador": "none", "local coleta": "none", "armazenada": "Caeté", "local atual": "58GR38WM+X5", "sureg": "Fortaleza", "caixa": "4647", "tipo": "Alíquota", "lote": "037/FO", "projeto": "2604", "coletor": "LB", "natureza": "R", "numero": "0010", "opcional": "A", "amostra": "2604-LB-R-0010A", "labs_letra": "QAB", "labs_numero": "265", "labs_ident": "QAB265" } '),
(' { "codigo": "550907.0", "data acervo": "22/07/2020", "uuid": "5a773ab2-6c79-11eb-a08d-c34476c232bb", "localizador": "none", "local coleta": "none", "armazenada": "Caeté", "local atual": "58GR38WM+X5", "sureg": "Fortaleza", "caixa": "4647", "tipo": "Alíquota", "lote": "037/FO", "projeto": "2604", "coletor": "LB", "natureza": "R", "numero": "0010", "opcional": "B", "amostra": "2604-LB-R-0010B", "labs_letra": "QAB", "labs_numero": "266", "labs_ident": "QAB266" } '),
(' { "codigo": "550908.0", "data acervo": "22/07/2020", "uuid": "5a77a268-6c79-11eb-b641-bf3030da151a", "localizador": "none", "local coleta": "none", "armazenada": "Caeté", "local atual": "58GR38WM+X5", "sureg": "Fortaleza", "caixa": "4647", "tipo": "Alíquota", "lote": "037/FO", "projeto": "2604", "coletor": "LB", "natureza": "R", "numero": "0011", "opcional": "A", "amostra": "2604-LB-R-0011A", "labs_letra": "QAB", "labs_numero": "267", "labs_ident": "QAB267" } '),
(' { "codigo": "550909.0", "data acervo": "22/07/2020", "uuid": "5a780bd6-6c79-11eb-a014-0f32fd0534a5", "localizador": "none", "local coleta": "none", "armazenada": "Caeté", "local atual": "58GR38WM+X5", "sureg": "Fortaleza", "caixa": "4647", "tipo": "Alíquota", "lote": "037/FO", "projeto": "2604", "coletor": "LB", "natureza": "R", "numero": "0011", "opcional": "B", "amostra": "2604-LB-R-0011B", "labs_letra": "QAB", "labs_numero": "268", "labs_ident": "QAB268" } '),
(' { "codigo": "550910.0", "data acervo": "22/07/2020", "uuid": "5a787620-6c79-11eb-9870-030da506477e", "localizador": "none", "local coleta": "none", "armazenada": "Caeté", "local atual": "58GR38WM+X5", "sureg": "Fortaleza", "caixa": "4647", "tipo": "Alíquota", "lote": "038/FO", "projeto": "2604", "coletor": "RB", "natureza": "R", "numero": "0001", "amostra": "2604-RB-R-0001", "labs_letra": "QAB", "labs_numero": "269", "labs_ident": "QAB269" } '),
(' { "codigo": "550911.0", "data acervo": "22/07/2020", "uuid": "5a78d28c-6c79-11eb-9976-0f5e640d1e38", "localizador": "none", "local coleta": "none", "armazenada": "Caeté", "local atual": "58GR38WM+X5", "sureg": "Fortaleza", "caixa": "4647", "tipo": "Alíquota", "lote": "038/FO", "projeto": "2604", "coletor": "RB", "natureza": "R", "numero": "0002", "amostra": "2604-RB-R-0002", "labs_letra": "QAB", "labs_numero": "270", "labs_ident": "QAB270" } '),
(' { "codigo": "550912.0", "data acervo": "22/07/2020", "uuid": "5a79374a-6c79-11eb-82b0-b388242015c6", "localizador": "none", "local coleta": "none", "armazenada": "Caeté", "local atual": "58GR38WM+X5", "sureg": "Fortaleza", "caixa": "4647", "tipo": "Alíquota", "lote": "038/FO", "projeto": "2604", "coletor": "RB", "natureza": "R", "numero": "0003", "amostra": "2604-RB-R-0003", "labs_letra": "QAB", "labs_numero": "271", "labs_ident": "QAB271" } '),
(' { "codigo": "550913.0", "data acervo": "22/07/2020", "uuid": "5a799afa-6c79-11eb-ab75-0350172c379b", "localizador": "none", "local coleta": "none", "armazenada": "Caeté", "local atual": "58GR38WM+X5", "sureg": "Fortaleza", "caixa": "4647", "tipo": "Alíquota", "lote": "038/FO", "projeto": "2604", "coletor": "RB", "natureza": "R", "numero": "0005", "opcional": "A", "amostra": "2604-RB-R-0005A", "labs_letra": "QAB", "labs_numero": "272", "labs_ident": "QAB272" } '),
(' { "codigo": "550914.0", "data acervo": "22/07/2020", "uuid": "5a79fbd0-6c79-11eb-a3f3-9f34ef1163a9", "localizador": "none", "local coleta": "none", "armazenada": "Caeté", "local atual": "58GR38WM+X5", "sureg": "Fortaleza", "caixa": "4647", "tipo": "Alíquota", "lote": "038/FO", "projeto": "2604", "coletor": "RB", "natureza": "R", "numero": "0018", "amostra": "2604-RB-R-0018", "labs_letra": "QAB", "labs_numero": "273", "labs_ident": "QAB273" } '),
(' { "codigo": "550915.0", "data acervo": "22/07/2020", "uuid": "5a7a53f0-6c79-11eb-9da8-57a52feb187b", "localizador": "none", "local coleta": "none", "armazenada": "Caeté", "local atual": "58GR38WM+X5", "sureg": "Fortaleza", "caixa": "4647", "tipo": "Alíquota", "lote": "038/FO", "projeto": "2604", "coletor": "RB", "natureza": "R", "numero": "0019", "amostra": "2604-RB-R-0019", "labs_letra": "QAB", "labs_numero": "274", "labs_ident": "QAB274" } '),
(' { "codigo": "550916.0", "data acervo": "22/07/2020", "uuid": "5a7abd04-6c79-11eb-9ba8-6b13453fb516", "localizador": "none", "local coleta": "none", "armazenada": "Caeté", "local atual": "58GR38WM+X5", "sureg": "Fortaleza", "caixa": "4647", "tipo": "Alíquota", "lote": "038/FO", "projeto": "2604", "coletor": "RB", "natureza": "R", "numero": "0020", "amostra": "2604-RB-R-0020", "labs_letra": "QAB", "labs_numero": "275", "labs_ident": "QAB275" } '),
(' { "codigo": "550917.0", "data acervo": "22/07/2020", "uuid": "5a7b1db2-6c79-11eb-894c-d331a24ec3d1", "localizador": "none", "local coleta": "none", "armazenada": "Caeté", "local atual": "58GR38WM+X5", "sureg": "Fortaleza", "caixa": "4647", "tipo": "Alíquota", "lote": "041/FO", "projeto": "2604", "coletor": "AS", "natureza": "R", "numero": "0004", "opcional": "A", "amostra": "2604-AS-R-0004A", "labs_letra": "QAB", "labs_numero": "292", "labs_ident": "QAB292" } '),
(' { "codigo": "550918.0", "data acervo": "22/07/2020", "uuid": "5a7b8734-6c79-11eb-80f0-473aa82347f0", "localizador": "none", "local coleta": "none", "armazenada": "Caeté", "local atual": "58GR38WM+X5", "sureg": "Fortaleza", "caixa": "4647", "tipo": "Alíquota", "lote": "041/FO", "projeto": "2604", "coletor": "AS", "natureza": "R", "numero": "0004", "opcional": "B", "amostra": "2604-AS-R-0004B", "labs_letra": "QAB", "labs_numero": "293", "labs_ident": "QAB293" } '),
(' { "codigo": "550919.0", "data acervo": "22/07/2020", "uuid": "5a7be846-6c79-11eb-a667-4f8f7ce398d5", "localizador": "none", "local coleta": "none", "armazenada": "Caeté", "local atual": "58GR38WM+X5", "sureg": "Fortaleza", "caixa": "4647", "tipo": "Alíquota", "lote": "041/FO", "projeto": "2604", "coletor": "AS", "natureza": "R", "numero": "0004", "opcional": "C", "amostra": "2604-AS-R-0004C", "labs_letra": "QAB", "labs_numero": "294", "labs_ident": "QAB294" } '),
(' { "codigo": "550920.0", "data acervo": "22/07/2020", "uuid": "5a7c4a98-6c79-11eb-9e9e-b34d085d9572", "localizador": "none", "local coleta": "none", "armazenada": "Caeté", "local atual": "58GR38WM+X5", "sureg": "Fortaleza", "caixa": "4647", "tipo": "Alíquota", "lote": "041/FO", "projeto": "2604", "coletor": "AS", "natureza": "R", "numero": "0007", "amostra": "2604-AS-R-0007", "labs_letra": "QAB", "labs_numero": "295", "labs_ident": "QAB295" } '),
(' { "codigo": "550921.0", "data acervo": "22/07/2020", "uuid": "5a7cab64-6c79-11eb-9595-770cd0e4e899", "localizador": "none", "local coleta": "none", "armazenada": "Caeté", "local atual": "58GR38WM+X5", "sureg": "Fortaleza", "caixa": "4647", "tipo": "Alíquota", "lote": "041/FO", "projeto": "2604", "coletor": "AF", "natureza": "R", "numero": "0006", "amostra": "2604-AF-R-0006", "labs_letra": "QAB", "labs_numero": "296", "labs_ident": "QAB296" } '),
(' { "codigo": "550922.0", "data acervo": "22/07/2020", "uuid": "5a7d0db6-6c79-11eb-9fa0-5f7ac2c23531", "localizador": "none", "local coleta": "none", "armazenada": "Caeté", "local atual": "58GR38WM+X5", "sureg": "Fortaleza", "caixa": "4647", "tipo": "Alíquota", "lote": "041/FO", "projeto": "2604", "coletor": "AF", "natureza": "R", "numero": "0008", "amostra": "2604-AF-R-0008", "labs_letra": "QAB", "labs_numero": "297", "labs_ident": "QAB297" } '),
(' { "codigo": "550923.0", "data acervo": "22/07/2020", "uuid": "5a7d6d4c-6c79-11eb-aa21-574acedf1a75", "localizador": "none", "local coleta": "none", "armazenada": "Caeté", "local atual": "58GR38WM+X5", "sureg": "Fortaleza", "caixa": "4647", "tipo": "Alíquota", "lote": "041/FO", "projeto": "2604", "coletor": "AF", "natureza": "R", "numero": "0009", "amostra": "2604-AF-R-0009", "labs_letra": "QAB", "labs_numero": "298", "labs_ident": "QAB298" } '),
(' { "codigo": "550924.0", "data acervo": "22/07/2020", "uuid": "5a7dd87c-6c79-11eb-a227-975843cd6cca", "localizador": "none", "local coleta": "none", "armazenada": "Caeté", "local atual": "58GR38WM+X5", "sureg": "Fortaleza", "caixa": "4647", "tipo": "Alíquota", "lote": "041/FO", "projeto": "2604", "coletor": "AF", "natureza": "R", "numero": "0010", "opcional": "C", "amostra": "2604-AF-R-0010C", "labs_letra": "QAB", "labs_numero": "299", "labs_ident": "QAB299" } '),
(' { "codigo": "550925.0", "data acervo": "22/07/2020", "uuid": "5a7e405a-6c79-11eb-b865-3728504c1dbe", "localizador": "none", "local coleta": "none", "armazenada": "Caeté", "local atual": "58GR38WM+X5", "sureg": "Fortaleza", "caixa": "4647", "tipo": "Alíquota", "lote": "041/FO", "projeto": "2604", "coletor": "AF", "natureza": "R", "numero": "0014", "amostra": "2604-AF-R-0014", "labs_letra": "QAB", "labs_numero": "300", "labs_ident": "QAB300" } '),
(' { "codigo": "550926.0", "data acervo": "22/07/2020", "uuid": "5a7eae1e-6c79-11eb-a9b9-0b3f44093f00", "localizador": "none", "local coleta": "none", "armazenada": "Caeté", "local atual": "58GR38WM+X5", "sureg": "Fortaleza", "caixa": "4647", "tipo": "Alíquota", "lote": "041/FO", "projeto": "2604", "coletor": "AF", "natureza": "R", "numero": "0017", "amostra": "2604-AF-R-0017", "labs_letra": "QAB", "labs_numero": "301", "labs_ident": "QAB301" } '),
(' { "codigo": "550927.0", "data acervo": "22/07/2020", "uuid": "5a7f1462-6c79-11eb-89f3-8748c65625cf", "localizador": "none", "local coleta": "none", "armazenada": "Caeté", "local atual": "58GR38WM+X5", "sureg": "Fortaleza", "caixa": "4647", "tipo": "Alíquota", "lote": "041/FO", "projeto": "2604", "coletor": "MI", "natureza": "R", "numero": "0001", "opcional": "A", "amostra": "2604-MI-R-0001A", "labs_letra": "QAB", "labs_numero": "302", "labs_ident": "QAB302" } '),
(' { "codigo": "550928.0", "data acervo": "22/07/2020", "uuid": "5a7f75ce-6c79-11eb-a7f1-6b419abb6d87", "localizador": "none", "local coleta": "none", "armazenada": "Caeté", "local atual": "58GR38WM+X5", "sureg": "Fortaleza", "caixa": "4647", "tipo": "Alíquota", "lote": "041/FO", "projeto": "2604", "coletor": "MI", "natureza": "R", "numero": "0001", "opcional": "B", "amostra": "2604-MI-R-0001B", "labs_letra": "QAB", "labs_numero": "303", "labs_ident": "QAB303" } '),
(' { "codigo": "550929.0", "data acervo": "22/07/2020", "uuid": "5a7fdbae-6c79-11eb-899d-0faa67acc286", "localizador": "none", "local coleta": "none", "armazenada": "Caeté", "local atual": "58GR38WM+X5", "sureg": "Fortaleza", "caixa": "4647", "tipo": "Alíquota", "lote": "041/FO", "projeto": "2604", "coletor": "MI", "natureza": "R", "numero": "0001", "opcional": "C", "amostra": "2604-MI-R-0001C", "labs_letra": "QAB", "labs_numero": "304", "labs_ident": "QAB304" } '),
(' { "codigo": "550930.0", "data acervo": "22/07/2020", "uuid": "5a80391e-6c79-11eb-b45c-5bec5b728064", "localizador": "none", "local coleta": "none", "armazenada": "Caeté", "local atual": "58GR38WM+X5", "sureg": "Fortaleza", "caixa": "4647", "tipo": "Alíquota", "lote": "041/FO", "projeto": "2604", "coletor": "MI", "natureza": "R", "numero": "0001", "opcional": "E", "amostra": "2604-MI-R-0001E", "labs_letra": "QAB", "labs_numero": "305", "labs_ident": "QAB305" } '),
(' { "codigo": "550931.0", "data acervo": "22/07/2020", "uuid": "5a80a50c-6c79-11eb-8d4c-1f6e9d6b063a", "localizador": "none", "local coleta": "none", "armazenada": "Caeté", "local atual": "58GR38WM+X5", "sureg": "Fortaleza", "caixa": "4647", "tipo": "Alíquota", "lote": "041/FO", "projeto": "2604", "coletor": "MI", "natureza": "R", "numero": "0004", "opcional": "A", "amostra": "2604-MI-R-0004A", "labs_letra": "QAB", "labs_numero": "306", "labs_ident": "QAB306" } '),
(' { "codigo": "550932.0", "data acervo": "22/07/2020", "uuid": "5a8105e2-6c79-11eb-afee-9b621b044fe0", "localizador": "none", "local coleta": "none", "armazenada": "Caeté", "local atual": "58GR38WM+X5", "sureg": "Fortaleza", "caixa": "4648", "tipo": "Alíquota", "lote": "042/FO", "projeto": "2604", "coletor": "CA", "natureza": "R", "numero": "0001", "opcional": "B", "amostra": "2604-CA-R-0001B", "labs_letra": "QAB", "labs_numero": "307", "labs_ident": "QAB307" } '),
(' { "codigo": "550933.0", "data acervo": "22/07/2020", "uuid": "5a8171da-6c79-11eb-937e-f3d36fec0802", "localizador": "none", "local coleta": "none", "armazenada": "Caeté", "local atual": "58GR38WM+X5", "sureg": "Fortaleza", "caixa": "4648", "tipo": "Alíquota", "lote": "042/FO", "projeto": "2604", "coletor": "CA", "natureza": "R", "numero": "0002", "amostra": "2604-CA-R-0002", "labs_letra": "QAB", "labs_numero": "308", "labs_ident": "QAB308" } '),
(' { "codigo": "550934.0", "data acervo": "22/07/2020", "uuid": "5a81de18-6c79-11eb-843f-37c5cd12d3cd", "localizador": "none", "local coleta": "none", "armazenada": "Caeté", "local atual": "58GR38WM+X5", "sureg": "Fortaleza", "caixa": "4648", "tipo": "Alíquota", "lote": "042/FO", "projeto": "2604", "coletor": "CA", "natureza": "R", "numero": "0003", "opcional": "A", "amostra": "2604-CA-R-0003A", "labs_letra": "QAB", "labs_numero": "309", "labs_ident": "QAB309" } '),
(' { "codigo": "550935.0", "data acervo": "22/07/2020", "uuid": "5a8241b4-6c79-11eb-ae43-374a128b4572", "localizador": "none", "local coleta": "none", "armazenada": "Caeté", "local atual": "58GR38WM+X5", "sureg": "Fortaleza", "caixa": "4648", "tipo": "Alíquota", "lote": "042/FO", "projeto": "2604", "coletor": "CA", "natureza": "R", "numero": "0003", "opcional": "B", "amostra": "2604-CA-R-0003B", "labs_letra": "QAB", "labs_numero": "310", "labs_ident": "QAB310" } '),
(' { "codigo": "550936.0", "data acervo": "22/07/2020", "uuid": "5a82ab90-6c79-11eb-adf4-8792d822ed08", "localizador": "none", "local coleta": "none", "armazenada": "Caeté", "local atual": "58GR38WM+X5", "sureg": "Fortaleza", "caixa": "4648", "tipo": "Alíquota", "lote": "042/FO", "projeto": "2604", "coletor": "CA", "natureza": "R", "numero": "0003", "opcional": "C", "amostra": "2604-CA-R-0003C", "labs_letra": "QAB", "labs_numero": "311", "labs_ident": "QAB311" } '),
(' { "codigo": "550937.0", "data acervo": "22/07/2020", "uuid": "5a830e46-6c79-11eb-95ab-8b323fba7ba2", "localizador": "none", "local coleta": "none", "armazenada": "Caeté", "local atual": "58GR38WM+X5", "sureg": "Fortaleza", "caixa": "4648", "tipo": "Alíquota", "lote": "042/FO", "projeto": "2604", "coletor": "CA", "natureza": "R", "numero": "0004", "amostra": "2604-CA-R-0004", "labs_letra": "QAB", "labs_numero": "312", "labs_ident": "QAB312" } '),
(' { "codigo": "550938.0", "data acervo": "22/07/2020", "uuid": "5a837a84-6c79-11eb-a9ae-8baefc082708", "localizador": "none", "local coleta": "none", "armazenada": "Caeté", "local atual": "58GR38WM+X5", "sureg": "Fortaleza", "caixa": "4648", "tipo": "Alíquota", "lote": "042/FO", "projeto": "2604", "coletor": "CA", "natureza": "R", "numero": "0005", "opcional": "A", "amostra": "2604-CA-R-0005A", "labs_letra": "QAB", "labs_numero": "313", "labs_ident": "QAB313" } '),
(' { "codigo": "550939.0", "data acervo": "22/07/2020", "uuid": "5a83d63c-6c79-11eb-a365-630dd18621c9", "localizador": "none", "local coleta": "none", "armazenada": "Caeté", "local atual": "58GR38WM+X5", "sureg": "Fortaleza", "caixa": "4648", "tipo": "Alíquota", "lote": "042/FO", "projeto": "2604", "coletor": "CA", "natureza": "R", "numero": "0007", "amostra": "2604-CA-R-0007", "labs_letra": "QAB", "labs_numero": "314", "labs_ident": "QAB314" } '),
(' { "codigo": "550940.0", "data acervo": "22/07/2020", "uuid": "5a842f10-6c79-11eb-b655-1b2811157437", "localizador": "none", "local coleta": "none", "armazenada": "Caeté", "local atual": "58GR38WM+X5", "sureg": "Fortaleza", "caixa": "4648", "tipo": "Alíquota", "lote": "042/FO", "projeto": "2604", "coletor": "CA", "natureza": "R", "numero": "0010", "opcional": "B", "amostra": "2604-CA-R-0010B", "labs_letra": "QAB", "labs_numero": "315", "labs_ident": "QAB315" } '),
(' { "codigo": "550941.0", "data acervo": "22/07/2020", "uuid": "5a84905e-6c79-11eb-a27f-3b9d467c3c28", "localizador": "none", "local coleta": "none", "armazenada": "Caeté", "local atual": "58GR38WM+X5", "sureg": "Fortaleza", "caixa": "4648", "tipo": "Alíquota", "lote": "042/FO", "projeto": "2604", "coletor": "CA", "natureza": "R", "numero": "0010", "opcional": "C", "amostra": "2604-CA-R-0010C", "labs_letra": "QAB", "labs_numero": "316", "labs_ident": "QAB316" } '),
(' { "codigo": "550942.0", "data acervo": "22/07/2020", "uuid": "5a84ef90-6c79-11eb-8566-13d6d58ae4b2", "localizador": "none", "local coleta": "none", "armazenada": "Caeté", "local atual": "58GR38WM+X5", "sureg": "Fortaleza", "caixa": "4648", "tipo": "Alíquota", "lote": "042/FO", "projeto": "2604", "coletor": "CA", "natureza": "R", "numero": "0011", "amostra": "2604-CA-R-0011", "labs_letra": "QAB", "labs_numero": "317", "labs_ident": "QAB317" } '),
(' { "codigo": "550943.0", "data acervo": "22/07/2020", "uuid": "5a8559bc-6c79-11eb-85b9-936b5dbb6679", "localizador": "none", "local coleta": "none", "armazenada": "Caeté", "local atual": "58GR38WM+X5", "sureg": "Fortaleza", "caixa": "4648", "tipo": "Alíquota", "lote": "042/FO", "projeto": "2604", "coletor": "CA", "natureza": "R", "numero": "0014", "amostra": "2604-CA-R-0014", "labs_letra": "QAB", "labs_numero": "318", "labs_ident": "QAB318" } '),
(' { "codigo": "550944.0", "data acervo": "22/07/2020", "uuid": "5a85c316-6c79-11eb-b8fe-4be3c5d75f9e", "localizador": "none", "local coleta": "none", "armazenada": "Caeté", "local atual": "58GR38WM+X5", "sureg": "Fortaleza", "caixa": "4648", "tipo": "Alíquota", "lote": "046/FO", "projeto": "2604", "coletor": "CJ", "natureza": "R", "numero": "0012", "amostra": "2604-CJ-R-0012", "labs_letra": "QAB", "labs_numero": "342", "labs_ident": "QAB342" } '),
(' { "codigo": "550945.0", "data acervo": "22/07/2020", "uuid": "5a862b4e-6c79-11eb-a470-a366ee49897d", "localizador": "none", "local coleta": "none", "armazenada": "Caeté", "local atual": "58GR38WM+X5", "sureg": "Fortaleza", "caixa": "4648", "tipo": "Alíquota", "lote": "046/FO", "projeto": "2604", "coletor": "CJ", "natureza": "R", "numero": "0013", "amostra": "2604-CJ-R-0013", "labs_letra": "QAB", "labs_numero": "343", "labs_ident": "QAB343" } '),
(' { "codigo": "550946.0", "data acervo": "22/07/2020", "uuid": "5a868efe-6c79-11eb-8bf5-4fd680801041", "localizador": "none", "local coleta": "none", "armazenada": "Caeté", "local atual": "58GR38WM+X5", "sureg": "Fortaleza", "caixa": "4648", "tipo": "Alíquota", "lote": "046/FO", "projeto": "2604", "coletor": "CJ", "natureza": "R", "numero": "0015", "opcional": "A", "amostra": "2604-CJ-R-0015A", "labs_letra": "QAB", "labs_numero": "344", "labs_ident": "QAB344" } '),
(' { "codigo": "550947.0", "data acervo": "22/07/2020", "uuid": "5a86f6fa-6c79-11eb-9e6d-eb60f7a3abd0", "localizador": "none", "local coleta": "none", "armazenada": "Caeté", "local atual": "58GR38WM+X5", "sureg": "Fortaleza", "caixa": "4648", "tipo": "Alíquota", "lote": "046/FO", "projeto": "2604", "coletor": "CJ", "natureza": "R", "numero": "0015", "opcional": "B", "amostra": "2604-CJ-R-0015B", "labs_letra": "QAB", "labs_numero": "345", "labs_ident": "QAB345" } '),
(' { "codigo": "550948.0", "data acervo": "22/07/2020", "uuid": "5a875212-6c79-11eb-8808-4f6dd33b615a", "localizador": "none", "local coleta": "none", "armazenada": "Caeté", "local atual": "58GR38WM+X5", "sureg": "Fortaleza", "caixa": "4648", "tipo": "Alíquota", "lote": "046/FO", "projeto": "2604", "coletor": "CJ", "natureza": "R", "numero": "0017", "amostra": "2604-CJ-R-0017", "labs_letra": "QAB", "labs_numero": "346", "labs_ident": "QAB346" } '),
(' { "codigo": "550949.0", "data acervo": "22/07/2020", "uuid": "5a87aa82-6c79-11eb-9409-8b253624eef5", "localizador": "none", "local coleta": "none", "armazenada": "Caeté", "local atual": "58GR38WM+X5", "sureg": "Fortaleza", "caixa": "4648", "tipo": "Alíquota", "lote": "046/FO", "projeto": "2604", "coletor": "CJ", "natureza": "R", "numero": "0018", "opcional": "A", "amostra": "2604-CJ-R-0018A", "labs_letra": "QAB", "labs_numero": "347", "labs_ident": "QAB347" } '),
(' { "codigo": "550950.0", "data acervo": "22/07/2020", "uuid": "5a880658-6c79-11eb-a6c5-6b2862cea74c", "localizador": "none", "local coleta": "none", "armazenada": "Caeté", "local atual": "58GR38WM+X5", "sureg": "Fortaleza", "caixa": "4648", "tipo": "Alíquota", "lote": "046/FO", "projeto": "2604", "coletor": "CJ", "natureza": "R", "numero": "0019", "amostra": "2604-CJ-R-0019", "labs_letra": "QAB", "labs_numero": "348", "labs_ident": "QAB348" } '),
(' { "codigo": "550951.0", "data acervo": "22/07/2020", "uuid": "5a886e54-6c79-11eb-b6f3-7be6fea55f3a", "localizador": "none", "local coleta": "none", "armazenada": "Caeté", "local atual": "58GR38WM+X5", "sureg": "Fortaleza", "caixa": "4648", "tipo": "Alíquota", "lote": "046/FO", "projeto": "2604", "coletor": "CJ", "natureza": "R", "numero": "0020", "opcional": "A", "amostra": "2604-CJ-R-0020A", "labs_letra": "QAB", "labs_numero": "349", "labs_ident": "QAB349" } '),
(' { "codigo": "550952.0", "data acervo": "22/07/2020", "uuid": "5a88d8da-6c79-11eb-95d3-274a09ad18a9", "localizador": "none", "local coleta": "none", "armazenada": "Caeté", "local atual": "58GR38WM+X5", "sureg": "Fortaleza", "caixa": "4648", "tipo": "Alíquota", "lote": "046/FO", "projeto": "2604", "coletor": "CJ", "natureza": "R", "numero": "0020", "opcional": "B", "amostra": "2604-CJ-R-0020B", "labs_letra": "QAB", "labs_numero": "350", "labs_ident": "QAB350" } '),
(' { "codigo": "550953.0", "data acervo": "22/07/2020", "uuid": "5a8940e0-6c79-11eb-b656-eb0f0aa1be8d", "localizador": "none", "local coleta": "none", "armazenada": "Caeté", "local atual": "58GR38WM+X5", "sureg": "Fortaleza", "caixa": "4648", "tipo": "Alíquota", "lote": "046/FO", "projeto": "2604", "coletor": "CJ", "natureza": "R", "numero": "0021", "amostra": "2604-CJ-R-0021", "labs_letra": "QAB", "labs_numero": "351", "labs_ident": "QAB351" } '),
(' { "codigo": "550954.0", "data acervo": "22/07/2020", "uuid": "5a89a314-6c79-11eb-b564-c391af6bfc90", "localizador": "none", "local coleta": "none", "armazenada": "Caeté", "local atual": "58GR38WM+X5", "sureg": "Fortaleza", "caixa": "4648", "tipo": "Alíquota", "lote": "046/FO", "projeto": "2604", "coletor": "CJ", "natureza": "R", "numero": "0022", "amostra": "2604-CJ-R-0022", "labs_letra": "QAB", "labs_numero": "352", "labs_ident": "QAB352" } '),
(' { "codigo": "550955.0", "data acervo": "22/07/2020", "uuid": "5a8a0598-6c79-11eb-ab8b-efc4687a8617", "localizador": "none", "local coleta": "none", "armazenada": "Caeté", "local atual": "58GR38WM+X5", "sureg": "Fortaleza", "caixa": "4648", "tipo": "Alíquota", "lote": "046/FO", "projeto": "2604", "coletor": "CJ", "natureza": "R", "numero": "0023", "amostra": "2604-CJ-R-0023", "labs_letra": "QAB", "labs_numero": "353", "labs_ident": "QAB353" } '),
(' { "codigo": "550956.0", "data acervo": "22/07/2020", "uuid": "5a8a6ccc-6c79-11eb-8565-db06c6fd903a", "localizador": "none", "local coleta": "none", "armazenada": "Caeté", "local atual": "58GR38WM+X5", "sureg": "Fortaleza", "caixa": "4648", "tipo": "Alíquota", "lote": "046/FO", "projeto": "2604", "coletor": "CJ", "natureza": "R", "numero": "0025", "opcional": "A", "amostra": "2604-CJ-R-0025A", "labs_letra": "QAB", "labs_numero": "354", "labs_ident": "QAB354" } '),
(' { "codigo": "550957.0", "data acervo": "22/07/2020", "uuid": "5a8acdac-6c79-11eb-80f9-3f580e3063a5", "localizador": "none", "local coleta": "none", "armazenada": "Caeté", "local atual": "58GR38WM+X5", "sureg": "Fortaleza", "caixa": "4648", "tipo": "Alíquota", "lote": "046/FO", "projeto": "2604", "coletor": "CJ", "natureza": "R", "numero": "0025", "opcional": "B", "amostra": "2604-CJ-R-0025B", "labs_letra": "QAB", "labs_numero": "355", "labs_ident": "QAB355" } '),
(' { "codigo": "550958.0", "data acervo": "22/07/2020", "uuid": "5a8b2fc2-6c79-11eb-ad3a-bf4616380e9d", "localizador": "none", "local coleta": "none", "armazenada": "Caeté", "local atual": "58GR38WM+X5", "sureg": "Fortaleza", "caixa": "4648", "tipo": "Alíquota", "lote": "046/FO", "projeto": "2604", "coletor": "CJ", "natureza": "R", "numero": "0026", "amostra": "2604-CJ-R-0026", "labs_letra": "QAB", "labs_numero": "356", "labs_ident": "QAB356" } '),
(' { "codigo": "550959.0", "data acervo": "22/07/2020", "uuid": "5a8b95fc-6c79-11eb-ab87-1f18e57c9008", "localizador": "none", "local coleta": "none", "armazenada": "Caeté", "local atual": "58GR38WM+X5", "sureg": "Fortaleza", "caixa": "4648", "tipo": "Alíquota", "lote": "046/FO", "projeto": "2604", "coletor": "CJ", "natureza": "R", "numero": "0031", "opcional": "A", "amostra": "2604-CJ-R-0031A", "labs_letra": "QAB", "labs_numero": "357", "labs_ident": "QAB357" } '),
(' { "codigo": "550960.0", "data acervo": "22/07/2020", "uuid": "5a8c015e-6c79-11eb-8b60-4f0adc7b31b6", "localizador": "none", "local coleta": "none", "armazenada": "Caeté", "local atual": "58GR38WM+X5", "sureg": "Fortaleza", "caixa": "4648", "tipo": "Alíquota", "lote": "046/FO", "projeto": "2604", "coletor": "CJ", "natureza": "R", "numero": "0031", "opcional": "B", "amostra": "2604-CJ-R-0031B", "labs_letra": "QAB", "labs_numero": "358", "labs_ident": "QAB358" } '),
(' { "codigo": "550961.0", "data acervo": "22/07/2020", "uuid": "5a8c66da-6c79-11eb-b742-831b776a5cb5", "localizador": "none", "local coleta": "none", "armazenada": "Caeté", "local atual": "58GR38WM+X5", "sureg": "Fortaleza", "caixa": "4648", "tipo": "Alíquota", "lote": "046/FO", "projeto": "2604", "coletor": "CJ", "natureza": "R", "numero": "0033", "amostra": "2604-CJ-R-0033", "labs_letra": "QAB", "labs_numero": "359", "labs_ident": "QAB359" } '),
(' { "codigo": "550962.0", "data acervo": "22/07/2020", "uuid": "5a8cd41c-6c79-11eb-9203-b7c1c6bffea9", "localizador": "none", "local coleta": "none", "armazenada": "Caeté", "local atual": "58GR38WM+X5", "sureg": "Fortaleza", "caixa": "4648", "tipo": "Alíquota", "lote": "046/FO", "projeto": "2604", "coletor": "CJ", "natureza": "R", "numero": "0034", "amostra": "2604-CJ-R-0034", "labs_letra": "QAB", "labs_numero": "360", "labs_ident": "QAB360" } '),
(' { "codigo": "550963.0", "data acervo": "22/07/2020", "uuid": "5a8d3fce-6c79-11eb-b23f-efd88fa7380f", "localizador": "none", "local coleta": "none", "armazenada": "Caeté", "local atual": "58GR38WM+X5", "sureg": "Fortaleza", "caixa": "4648", "tipo": "Alíquota", "lote": "046/FO", "projeto": "2604", "coletor": "CJ", "natureza": "R", "numero": "0035", "amostra": "2604-CJ-R-0035", "labs_letra": "QAB", "labs_numero": "361", "labs_ident": "QAB361" } '),
(' { "codigo": "550964.0", "data acervo": "22/07/2020", "uuid": "5a8dad56-6c79-11eb-a486-bb4267906504", "localizador": "none", "local coleta": "none", "armazenada": "Caeté", "local atual": "58GR38WM+X5", "sureg": "Fortaleza", "caixa": "4648", "tipo": "Alíquota", "lote": "046/FO", "projeto": "2604", "coletor": "CJ", "natureza": "R", "numero": "0036", "amostra": "2604-CJ-R-0036", "labs_letra": "QAB", "labs_numero": "362", "labs_ident": "QAB362" } '),
(' { "codigo": "550965.0", "data acervo": "22/07/2020", "uuid": "5a8e0dfa-6c79-11eb-96bc-9b5607196791", "localizador": "none", "local coleta": "none", "armazenada": "Caeté", "local atual": "58GR38WM+X5", "sureg": "Fortaleza", "caixa": "4648", "tipo": "Alíquota", "lote": "046/FO", "projeto": "2604", "coletor": "CJ", "natureza": "R", "numero": "0041", "amostra": "2604-CJ-R-0041", "labs_letra": "QAB", "labs_numero": "365", "labs_ident": "QAB365" } '),
(' { "codigo": "550966.0", "data acervo": "22/07/2020", "uuid": "5a8e67b4-6c79-11eb-a39b-5f83bede45af", "localizador": "none", "local coleta": "none", "armazenada": "Caeté", "local atual": "58GR38WM+X5", "sureg": "Fortaleza", "caixa": "4648", "tipo": "Alíquota", "lote": "046/FO", "projeto": "2604", "coletor": "CJ", "natureza": "R", "numero": "0043", "amostra": "2604-CJ-R-0043", "labs_letra": "QAB", "labs_numero": "366", "labs_ident": "QAB366" } '),
(' { "codigo": "550967.0", "data acervo": "22/07/2020", "uuid": "5a8ec132-6c79-11eb-a185-3b2f172a7e4e", "localizador": "none", "local coleta": "none", "armazenada": "Caeté", "local atual": "58GR38WM+X5", "sureg": "Fortaleza", "caixa": "4648", "tipo": "Alíquota", "lote": "046/FO", "projeto": "2604", "coletor": "CJ", "natureza": "R", "numero": "0059", "amostra": "2604-CJ-R-0059", "labs_letra": "QAB", "labs_numero": "367", "labs_ident": "QAB367" } '),
(' { "codigo": "550968.0", "data acervo": "22/07/2020", "uuid": "5a8f161e-6c79-11eb-bc21-73e728917466", "localizador": "none", "local coleta": "none", "armazenada": "Caeté", "local atual": "58GR38WM+X5", "sureg": "Fortaleza", "caixa": "4648", "tipo": "Alíquota", "lote": "046/FO", "projeto": "2604", "coletor": "CJ", "natureza": "R", "numero": "0061", "amostra": "2604-CJ-R-0061", "labs_letra": "QAB", "labs_numero": "368", "labs_ident": "QAB368" } '),
(' { "codigo": "550969.0", "data acervo": "22/07/2020", "uuid": "5a8f79ec-6c79-11eb-95b7-bb0f76a3c70e", "localizador": "none", "local coleta": "none", "armazenada": "Caeté", "local atual": "58GR38WM+X5", "sureg": "Fortaleza", "caixa": "4648", "tipo": "Alíquota", "lote": "046/FO", "projeto": "2604", "coletor": "CJ", "natureza": "R", "numero": "0068", "amostra": "2604-CJ-R-0068", "labs_letra": "QAB", "labs_numero": "369", "labs_ident": "QAB369" } '),
(' { "codigo": "550970.0", "data acervo": "22/07/2020", "uuid": "5a8fde46-6c79-11eb-afee-1b731f9895c6", "localizador": "none", "local coleta": "none", "armazenada": "Caeté", "local atual": "58GR38WM+X5", "sureg": "Fortaleza", "caixa": "4648", "tipo": "Alíquota", "lote": "046/FO", "projeto": "2604", "coletor": "CJ", "natureza": "R", "numero": "0069", "opcional": "A", "amostra": "2604-CJ-R-0069A", "labs_letra": "QAB", "labs_numero": "370", "labs_ident": "QAB370" } '),
(' { "codigo": "550971.0", "data acervo": "22/07/2020", "uuid": "5a904674-6c79-11eb-8f9e-afa7eece6e8a", "localizador": "none", "local coleta": "none", "armazenada": "Caeté", "local atual": "58GR38WM+X5", "sureg": "Fortaleza", "caixa": "4648", "tipo": "Alíquota", "lote": "046/FO", "projeto": "2604", "coletor": "CJ", "natureza": "R", "numero": "0069", "opcional": "B", "amostra": "2604-CJ-R-0069B", "labs_letra": "QAB", "labs_numero": "371", "labs_ident": "QAB371" } '),
(' { "codigo": "550972.0", "data acervo": "22/07/2020", "uuid": "5a90a34e-6c79-11eb-8ee2-7bf8d0caf563", "localizador": "none", "local coleta": "none", "armazenada": "Caeté", "local atual": "58GR38WM+X5", "sureg": "Fortaleza", "caixa": "4648", "tipo": "Alíquota", "lote": "046/FO", "projeto": "2604", "coletor": "CJ", "natureza": "R", "numero": "0073", "amostra": "2604-CJ-R-0073", "labs_letra": "QAB", "labs_numero": "372", "labs_ident": "QAB372" } '),
(' { "codigo": "550973.0", "data acervo": "22/07/2020", "uuid": "5a910c94-6c79-11eb-96a0-13985939c48a", "localizador": "none", "local coleta": "none", "armazenada": "Caeté", "local atual": "58GR38WM+X5", "sureg": "Fortaleza", "caixa": "4648", "tipo": "Alíquota", "lote": "046/FO", "projeto": "2604", "coletor": "CJ", "natureza": "R", "numero": "0077", "amostra": "2604-CJ-R-0077", "labs_letra": "QAB", "labs_numero": "373", "labs_ident": "QAB373" } '),
(' { "codigo": "550974.0", "data acervo": "22/07/2020", "uuid": "5a91730a-6c79-11eb-a08f-a7ce0e5af883", "localizador": "none", "local coleta": "none", "armazenada": "Caeté", "local atual": "58GR38WM+X5", "sureg": "Fortaleza", "caixa": "4648", "tipo": "Alíquota", "lote": "046/FO", "projeto": "2604", "coletor": "CJ", "natureza": "R", "numero": "0078", "amostra": "2604-CJ-R-0078", "labs_letra": "QAB", "labs_numero": "374", "labs_ident": "QAB374" } '),
(' { "codigo": "550975.0", "data acervo": "22/07/2020", "uuid": "5a91d700-6c79-11eb-b8b9-bf03129e5941", "localizador": "none", "local coleta": "none", "armazenada": "Caeté", "local atual": "58GR38WM+X5", "sureg": "Fortaleza", "caixa": "4648", "tipo": "Alíquota", "lote": "046/FO", "projeto": "2604", "coletor": "CJ", "natureza": "R", "numero": "0080", "amostra": "2604-CJ-R-0080", "labs_letra": "QAB", "labs_numero": "375", "labs_ident": "QAB375" } '),
(' { "codigo": "550976.0", "data acervo": "22/07/2020", "uuid": "5a923a88-6c79-11eb-9f5f-db714cb1df92", "localizador": "none", "local coleta": "none", "armazenada": "Caeté", "local atual": "58GR38WM+X5", "sureg": "Fortaleza", "caixa": "4648", "tipo": "Alíquota", "lote": "046/FO", "projeto": "2604", "coletor": "CJ", "natureza": "R", "numero": "0081", "amostra": "2604-CJ-R-0081", "labs_letra": "QAB", "labs_numero": "376", "labs_ident": "QAB376" } '),
(' { "codigo": "550977.0", "data acervo": "22/07/2020", "uuid": "5a929eba-6c79-11eb-8304-a339099809b2", "localizador": "none", "local coleta": "none", "armazenada": "Caeté", "local atual": "58GR38WM+X5", "sureg": "Fortaleza", "caixa": "4648", "tipo": "Alíquota", "lote": "046/FO", "projeto": "2604", "coletor": "CJ", "natureza": "R", "numero": "0082", "amostra": "2604-CJ-R-0082", "labs_letra": "QAB", "labs_numero": "377", "labs_ident": "QAB377" } '),
(' { "codigo": "550978.0", "data acervo": "22/07/2020", "uuid": "5a930ac6-6c79-11eb-9660-e7972383e7b0", "localizador": "none", "local coleta": "none", "armazenada": "Caeté", "local atual": "58GR38WM+X5", "sureg": "Fortaleza", "caixa": "4648", "tipo": "Alíquota", "lote": "046/FO", "projeto": "2604", "coletor": "CJ", "natureza": "R", "numero": "0087", "opcional": "A", "amostra": "2604-CJ-R-0087A", "labs_letra": "QAB", "labs_numero": "378", "labs_ident": "QAB378" } '),
(' { "codigo": "550979.0", "data acervo": "22/07/2020", "uuid": "5a936aca-6c79-11eb-90f7-03367db376e6", "localizador": "none", "local coleta": "none", "armazenada": "Caeté", "local atual": "58GR38WM+X5", "sureg": "Fortaleza", "caixa": "4648", "tipo": "Alíquota", "lote": "046/FO", "projeto": "2604", "coletor": "CJ", "natureza": "R", "numero": "0087", "opcional": "B", "amostra": "2604-CJ-R-0087B", "labs_letra": "QAB", "labs_numero": "379", "labs_ident": "QAB379" } '),
(' { "codigo": "550980.0", "data acervo": "22/07/2020", "uuid": "5a93c6e6-6c79-11eb-b6ce-cbf5b0538aed", "localizador": "none", "local coleta": "none", "armazenada": "Caeté", "local atual": "58GR38WM+X5", "sureg": "Fortaleza", "caixa": "4648", "tipo": "Alíquota", "lote": "046/FO", "projeto": "2604", "coletor": "CJ", "natureza": "R", "numero": "0089", "opcional": "A", "amostra": "2604-CJ-R-0089A", "labs_letra": "QAB", "labs_numero": "380", "labs_ident": "QAB380" } '),
(' { "codigo": "550981.0", "data acervo": "22/07/2020", "uuid": "5a941ee8-6c79-11eb-b0dc-4fa789bad9b3", "localizador": "none", "local coleta": "none", "armazenada": "Caeté", "local atual": "58GR38WM+X5", "sureg": "Fortaleza", "caixa": "4648", "tipo": "Alíquota", "lote": "046/FO", "projeto": "2604", "coletor": "CJ", "natureza": "R", "numero": "0089", "opcional": "B", "amostra": "2604-CJ-R-0089B", "labs_letra": "QAB", "labs_numero": "381", "labs_ident": "QAB381" } '),
(' { "codigo": "550982.0", "data acervo": "22/07/2020", "uuid": "5a947dc0-6c79-11eb-a323-23e218bc339e", "localizador": "none", "local coleta": "none", "armazenada": "Caeté", "local atual": "58GR38WM+X5", "sureg": "Fortaleza", "caixa": "4649", "tipo": "Alíquota", "lote": "046/FO", "projeto": "2604", "coletor": "CJ", "natureza": "R", "numero": "0096", "amostra": "2604-CJ-R-0096", "labs_letra": "QAB", "labs_numero": "382", "labs_ident": "QAB382" } '),
(' { "codigo": "550983.0", "data acervo": "22/07/2020", "uuid": "5a94e102-6c79-11eb-a116-ff4137895182", "localizador": "none", "local coleta": "none", "armazenada": "Caeté", "local atual": "58GR38WM+X5", "sureg": "Fortaleza", "caixa": "4649", "tipo": "Alíquota", "lote": "046/FO", "projeto": "2604", "coletor": "CJ", "natureza": "R", "numero": "0099", "amostra": "2604-CJ-R-0099", "labs_letra": "QAB", "labs_numero": "383", "labs_ident": "QAB383" } '),
(' { "codigo": "550984.0", "data acervo": "22/07/2020", "uuid": "5a9546ce-6c79-11eb-91ae-5b78c75fe354", "localizador": "none", "local coleta": "none", "armazenada": "Caeté", "local atual": "58GR38WM+X5", "sureg": "Fortaleza", "caixa": "4649", "tipo": "Alíquota", "lote": "046/FO", "projeto": "2604", "coletor": "CJ", "natureza": "R", "numero": "0102", "amostra": "2604-CJ-R-0102", "labs_letra": "QAB", "labs_numero": "384", "labs_ident": "QAB384" } '),
(' { "codigo": "550985.0", "data acervo": "22/07/2020", "uuid": "5a95a9de-6c79-11eb-89d2-3f775bcf1b0d", "localizador": "none", "local coleta": "none", "armazenada": "Caeté", "local atual": "58GR38WM+X5", "sureg": "Fortaleza", "caixa": "4649", "tipo": "Alíquota", "lote": "046/FO", "projeto": "2604", "coletor": "CJ", "natureza": "R", "numero": "0104", "amostra": "2604-CJ-R-0104", "labs_letra": "QAB", "labs_numero": "385", "labs_ident": "QAB385" } '),
(' { "codigo": "550986.0", "data acervo": "22/07/2020", "uuid": "5a96116c-6c79-11eb-8a85-9ff969ae3fa5", "localizador": "none", "local coleta": "none", "armazenada": "Caeté", "local atual": "58GR38WM+X5", "sureg": "Fortaleza", "caixa": "4649", "tipo": "Alíquota", "lote": "046/FO", "projeto": "2604", "coletor": "CJ", "natureza": "R", "numero": "0106", "amostra": "2604-CJ-R-0106", "labs_letra": "QAB", "labs_numero": "386", "labs_ident": "QAB386" } '),
(' { "codigo": "550987.0", "data acervo": "22/07/2020", "uuid": "5a9677b0-6c79-11eb-b57b-c3cd0e759ec1", "localizador": "none", "local coleta": "none", "armazenada": "Caeté", "local atual": "58GR38WM+X5", "sureg": "Fortaleza", "caixa": "4649", "tipo": "Alíquota", "lote": "046/FO", "projeto": "2604", "coletor": "CJ", "natureza": "R", "numero": "0109", "amostra": "2604-CJ-R-0109", "labs_letra": "QAB", "labs_numero": "387", "labs_ident": "QAB387" } '),
(' { "codigo": "550988.0", "data acervo": "22/07/2020", "uuid": "5a96d4c6-6c79-11eb-9bd8-874cfacf84b6", "localizador": "none", "local coleta": "none", "armazenada": "Caeté", "local atual": "58GR38WM+X5", "sureg": "Fortaleza", "caixa": "4649", "tipo": "Alíquota", "lote": "046/FO", "projeto": "2604", "coletor": "CJ", "natureza": "R", "numero": "0116", "opcional": "A", "amostra": "2604-CJ-R-0116A", "labs_letra": "QAB", "labs_numero": "388", "labs_ident": "QAB388" } '),
(' { "codigo": "550989.0", "data acervo": "22/07/2020", "uuid": "5a9742d0-6c79-11eb-b135-c700d5a777e4", "localizador": "none", "local coleta": "none", "armazenada": "Caeté", "local atual": "58GR38WM+X5", "sureg": "Fortaleza", "caixa": "4649", "tipo": "Alíquota", "lote": "046/FO", "projeto": "2604", "coletor": "CJ", "natureza": "R", "numero": "0121", "amostra": "2604-CJ-R-0121", "labs_letra": "QAB", "labs_numero": "389", "labs_ident": "QAB389" } '),
(' { "codigo": "550990.0", "data acervo": "22/07/2020", "uuid": "5a97a96e-6c79-11eb-90ed-07fa2e05045a", "localizador": "none", "local coleta": "none", "armazenada": "Caeté", "local atual": "58GR38WM+X5", "sureg": "Fortaleza", "caixa": "4649", "tipo": "Alíquota", "lote": "046/FO", "projeto": "2604", "coletor": "CJ", "natureza": "R", "numero": "0124", "opcional": "A", "amostra": "2604-CJ-R-0124A", "labs_letra": "QAB", "labs_numero": "390", "labs_ident": "QAB390" } '),
(' { "codigo": "550991.0", "data acervo": "22/07/2020", "uuid": "5a98141c-6c79-11eb-a47e-33b8680e3cf5", "localizador": "none", "local coleta": "none", "armazenada": "Caeté", "local atual": "58GR38WM+X5", "sureg": "Fortaleza", "caixa": "4649", "tipo": "Alíquota", "lote": "046/FO", "projeto": "2604", "coletor": "CJ", "natureza": "R", "numero": "0124", "opcional": "B", "amostra": "2604-CJ-R-0124B", "labs_letra": "QAB", "labs_numero": "391", "labs_ident": "QAB391" } '),
(' { "codigo": "550992.0", "data acervo": "22/07/2020", "uuid": "5a987bf0-6c79-11eb-9a3c-db8275bcfc63", "localizador": "none", "local coleta": "none", "armazenada": "Caeté", "local atual": "58GR38WM+X5", "sureg": "Fortaleza", "caixa": "4649", "tipo": "Alíquota", "lote": "046/FO", "projeto": "2604", "coletor": "CJ", "natureza": "R", "numero": "0132", "amostra": "2604-CJ-R-0132", "labs_letra": "QAB", "labs_numero": "392", "labs_ident": "QAB392" } '),
(' { "codigo": "550993.0", "data acervo": "22/07/2020", "uuid": "5a98da00-6c79-11eb-892e-ab8df16ad917", "localizador": "none", "local coleta": "none", "armazenada": "Caeté", "local atual": "58GR38WM+X5", "sureg": "Fortaleza", "caixa": "4649", "tipo": "Alíquota", "lote": "046/FO", "projeto": "2604", "coletor": "CJ", "natureza": "R", "numero": "0134", "amostra": "2604-CJ-R-0134", "labs_letra": "QAB", "labs_numero": "393", "labs_ident": "QAB393" } '),
(' { "codigo": "550994.0", "data acervo": "22/07/2020", "uuid": "5a993d2e-6c79-11eb-b598-3f4ad7c62d79", "localizador": "none", "local coleta": "none", "armazenada": "Caeté", "local atual": "58GR38WM+X5", "sureg": "Fortaleza", "caixa": "4649", "tipo": "Alíquota", "lote": "090/FO", "projeto": "2604", "coletor": "AS", "natureza": "R", "numero": "0023", "opcional": "B", "amostra": "2604-AS-R-0023B", "labs_letra": "QAD", "labs_numero": "207", "labs_ident": "QAD207" } '),
(' { "codigo": "550995.0", "data acervo": "22/07/2020", "uuid": "5a99a4a8-6c79-11eb-b860-7b248b3e79b9", "localizador": "none", "local coleta": "none", "armazenada": "Caeté", "local atual": "58GR38WM+X5", "sureg": "Fortaleza", "caixa": "4649", "tipo": "Alíquota", "lote": "090/FO", "projeto": "2604", "coletor": "AS", "natureza": "R", "numero": "0025", "opcional": "B", "amostra": "2604-AS-R-0025B", "labs_letra": "QAD", "labs_numero": "208", "labs_ident": "QAD208" } '),
(' { "codigo": "550996.0", "data acervo": "22/07/2020", "uuid": "5a9a0b1e-6c79-11eb-b60f-5f7974d8366f", "localizador": "none", "local coleta": "none", "armazenada": "Caeté", "local atual": "58GR38WM+X5", "sureg": "Fortaleza", "caixa": "4649", "tipo": "Alíquota", "lote": "090/FO", "projeto": "2604", "coletor": "AS", "natureza": "R", "numero": "0025", "opcional": "C", "amostra": "2604-AS-R-0025C", "labs_letra": "QAD", "labs_numero": "209", "labs_ident": "QAD209" } '),
(' { "codigo": "550997.0", "data acervo": "22/07/2020", "uuid": "5a9a7090-6c79-11eb-8f1e-af258b54ac45", "localizador": "none", "local coleta": "none", "armazenada": "Caeté", "local atual": "58GR38WM+X5", "sureg": "Fortaleza", "caixa": "4649", "tipo": "Alíquota", "lote": "090/FO", "projeto": "2604", "coletor": "AS", "natureza": "R", "numero": "0026", "opcional": "C", "amostra": "2604-AS-R-0026C", "labs_letra": "QAD", "labs_numero": "210", "labs_ident": "QAD210" } '),
(' { "codigo": "550998.0", "data acervo": "22/07/2020", "uuid": "5a9adb8e-6c79-11eb-9087-57cae286027b", "localizador": "none", "local coleta": "none", "armazenada": "Caeté", "local atual": "58GR38WM+X5", "sureg": "Fortaleza", "caixa": "4649", "tipo": "Alíquota", "lote": "090/FO", "projeto": "2604", "coletor": "AS", "natureza": "R", "numero": "0027", "opcional": "B", "amostra": "2604-AS-R-0027B", "labs_letra": "QAD", "labs_numero": "211", "labs_ident": "QAD211" } '),
(' { "codigo": "550999.0", "data acervo": "22/07/2020", "uuid": "5a9b3822-6c79-11eb-9cf1-e3236f1c92c6", "localizador": "none", "local coleta": "none", "armazenada": "Caeté", "local atual": "58GR38WM+X5", "sureg": "Fortaleza", "caixa": "4649", "tipo": "Alíquota", "lote": "090/FO", "projeto": "2604", "coletor": "AS", "natureza": "R", "numero": "0028", "amostra": "2604-AS-R-0028", "labs_letra": "QAD", "labs_numero": "212", "labs_ident": "QAD212" } '),
(' { "codigo": "551000.0", "data acervo": "22/07/2020", "uuid": "5a9ba3fc-6c79-11eb-bbd7-cf6e982fdfac", "localizador": "none", "local coleta": "none", "armazenada": "Caeté", "local atual": "58GR38WM+X5", "sureg": "Fortaleza", "caixa": "4649", "tipo": "Alíquota", "lote": "090/FO", "projeto": "2604", "coletor": "AS", "natureza": "R", "numero": "0030", "opcional": "B", "amostra": "2604-AS-R-0030B", "labs_letra": "QAD", "labs_numero": "213", "labs_ident": "QAD213" } '),
(' { "codigo": "551001.0", "data acervo": "22/07/2020", "uuid": "5a9bf604-6c79-11eb-9edc-43e1f5e93b2a", "localizador": "none", "local coleta": "none", "armazenada": "Caeté", "local atual": "58GR38WM+X5", "sureg": "Fortaleza", "caixa": "4649", "tipo": "Alíquota", "lote": "090/FO", "projeto": "2604", "coletor": "AS", "natureza": "R", "numero": "0031", "amostra": "2604-AS-R-0031", "labs_letra": "QAD", "labs_numero": "214", "labs_ident": "QAD214" } '),
(' { "codigo": "551002.0", "data acervo": "22/07/2020", "uuid": "5a9c5392-6c79-11eb-9718-b78e52c64d74", "localizador": "none", "local coleta": "none", "armazenada": "Caeté", "local atual": "58GR38WM+X5", "sureg": "Fortaleza", "caixa": "4649", "tipo": "Alíquota", "lote": "090/FO", "projeto": "2604", "coletor": "AS", "natureza": "R", "numero": "0035", "opcional": "D", "amostra": "2604-AS-R-0035D", "labs_letra": "QAD", "labs_numero": "215", "labs_ident": "QAD215" } '),
(' { "codigo": "551003.0", "data acervo": "22/07/2020", "uuid": "5a9cbd8c-6c79-11eb-b84c-6322d349244f", "localizador": "none", "local coleta": "none", "armazenada": "Caeté", "local atual": "58GR38WM+X5", "sureg": "Fortaleza", "caixa": "4649", "tipo": "Alíquota", "lote": "091/FO", "projeto": "2604", "coletor": "MI", "natureza": "R", "numero": "0006", "amostra": "2604-MI-R-0006", "labs_letra": "QAD", "labs_numero": "216", "labs_ident": "QAD216" } '),
(' { "codigo": "551004.0", "data acervo": "22/07/2020", "uuid": "5a9d1ef8-6c79-11eb-9604-fb5c31a6209d", "localizador": "none", "local coleta": "none", "armazenada": "Caeté", "local atual": "58GR38WM+X5", "sureg": "Fortaleza", "caixa": "4649", "tipo": "Alíquota", "lote": "091/FO", "projeto": "2604", "coletor": "MI", "natureza": "R", "numero": "0007", "opcional": "A", "amostra": "2604-MI-R-0007A", "labs_letra": "QAD", "labs_numero": "217", "labs_ident": "QAD217" } '),
(' { "codigo": "551005.0", "data acervo": "22/07/2020", "uuid": "5a9d8690-6c79-11eb-8f63-57ad43c0130d", "localizador": "none", "local coleta": "none", "armazenada": "Caeté", "local atual": "58GR38WM+X5", "sureg": "Fortaleza", "caixa": "4649", "tipo": "Alíquota", "lote": "091/FO", "projeto": "2604", "coletor": "MI", "natureza": "R", "numero": "0007", "opcional": "B", "amostra": "2604-MI-R-0007B", "labs_letra": "QAD", "labs_numero": "218", "labs_ident": "QAD218" } '),
(' { "codigo": "551006.0", "data acervo": "22/07/2020", "uuid": "5a9df292-6c79-11eb-9203-874544c59993", "localizador": "none", "local coleta": "none", "armazenada": "Caeté", "local atual": "58GR38WM+X5", "sureg": "Fortaleza", "caixa": "4649", "tipo": "Alíquota", "lote": "091/FO", "projeto": "2604", "coletor": "MI", "natureza": "R", "numero": "0008", "opcional": "A", "amostra": "2604-MI-R-0008A", "labs_letra": "QAD", "labs_numero": "219", "labs_ident": "QAD219" } '),
(' { "codigo": "551007.0", "data acervo": "22/07/2020", "uuid": "5a9e4c38-6c79-11eb-8b94-9f8877be08d1", "localizador": "none", "local coleta": "none", "armazenada": "Caeté", "local atual": "58GR38WM+X5", "sureg": "Fortaleza", "caixa": "4649", "tipo": "Alíquota", "lote": "091/FO", "projeto": "2604", "coletor": "MI", "natureza": "R", "numero": "0008", "opcional": "B", "amostra": "2604-MI-R-0008B", "labs_letra": "QAD", "labs_numero": "220", "labs_ident": "QAD220" } '),
(' { "codigo": "551008.0", "data acervo": "22/07/2020", "uuid": "5a9eabe2-6c79-11eb-b5ef-6f4fef3d886b", "localizador": "none", "local coleta": "none", "armazenada": "Caeté", "local atual": "58GR38WM+X5", "sureg": "Fortaleza", "caixa": "4649", "tipo": "Alíquota", "lote": "144/FO", "projeto": "2604", "coletor": "BC", "natureza": "S", "numero": "0001", "opcional": "A", "amostra": "2604-BC-S-0001A", "labs_letra": "QAF", "labs_numero": "167", "labs_ident": "QAF167" } '),
(' { "codigo": "551009.0", "data acervo": "22/07/2020", "uuid": "5a9f07f4-6c79-11eb-90a7-13529ec978ba", "localizador": "none", "local coleta": "none", "armazenada": "Caeté", "local atual": "58GR38WM+X5", "sureg": "Fortaleza", "caixa": "4649", "tipo": "Alíquota", "lote": "144/FO", "projeto": "2604", "coletor": "BC", "natureza": "S", "numero": "0002", "opcional": "A", "amostra": "2604-BC-S-0002A", "labs_letra": "QAF", "labs_numero": "168", "labs_ident": "QAF168" } '),
(' { "codigo": "551010.0", "data acervo": "22/07/2020", "uuid": "5a9f69c4-6c79-11eb-a6bf-4b2363d71631", "localizador": "none", "local coleta": "none", "armazenada": "Caeté", "local atual": "58GR38WM+X5", "sureg": "Fortaleza", "caixa": "4649", "tipo": "Alíquota", "lote": "144/FO", "projeto": "2604", "coletor": "BC", "natureza": "S", "numero": "0003", "opcional": "A", "amostra": "2604-BC-S-0003A", "labs_letra": "QAF", "labs_numero": "169", "labs_ident": "QAF169" } '),
(' { "codigo": "551011.0", "data acervo": "22/07/2020", "uuid": "5a9fd94a-6c79-11eb-8b21-0b23bb1f2f9f", "localizador": "none", "local coleta": "none", "armazenada": "Caeté", "local atual": "58GR38WM+X5", "sureg": "Fortaleza", "caixa": "4649", "tipo": "Alíquota", "lote": "144/FO", "projeto": "2604", "coletor": "BC", "natureza": "S", "numero": "0004", "opcional": "A", "amostra": "2604-BC-S-0004A", "labs_letra": "QAF", "labs_numero": "170", "labs_ident": "QAF170" } '),
(' { "codigo": "551012.0", "data acervo": "22/07/2020", "uuid": "5aa03e58-6c79-11eb-b174-5ffdb64cb30e", "localizador": "none", "local coleta": "none", "armazenada": "Caeté", "local atual": "58GR38WM+X5", "sureg": "Fortaleza", "caixa": "4649", "tipo": "Alíquota", "lote": "144/FO", "projeto": "2604", "coletor": "BC", "natureza": "S", "numero": "0005", "opcional": "A", "amostra": "2604-BC-S-0005A", "labs_letra": "QAF", "labs_numero": "171", "labs_ident": "QAF171" } '),
(' { "codigo": "551013.0", "data acervo": "22/07/2020", "uuid": "5aa0a366-6c79-11eb-badc-97ecf5760dce", "localizador": "none", "local coleta": "none", "armazenada": "Caeté", "local atual": "58GR38WM+X5", "sureg": "Fortaleza", "caixa": "4649", "tipo": "Alíquota", "lote": "144/FO", "projeto": "2604", "coletor": "BC", "natureza": "S", "numero": "0006", "opcional": "A", "amostra": "2604-BC-S-0006A", "labs_letra": "QAF", "labs_numero": "172", "labs_ident": "QAF172" } '),
(' { "codigo": "551014.0", "data acervo": "22/07/2020", "uuid": "5aa11116-6c79-11eb-9420-cf16030d610f", "localizador": "none", "local coleta": "none", "armazenada": "Caeté", "local atual": "58GR38WM+X5", "sureg": "Fortaleza", "caixa": "4649", "tipo": "Alíquota", "lote": "144/FO", "projeto": "2604", "coletor": "BC", "natureza": "S", "numero": "0007", "opcional": "A", "amostra": "2604-BC-S-0007A", "labs_letra": "QAF", "labs_numero": "173", "labs_ident": "QAF173" } '),
(' { "codigo": "551015.0", "data acervo": "22/07/2020", "uuid": "5aa16bd4-6c79-11eb-a836-8fdc862a4c7e", "localizador": "none", "local coleta": "none", "armazenada": "Caeté", "local atual": "58GR38WM+X5", "sureg": "Fortaleza", "caixa": "4649", "tipo": "Alíquota", "lote": "144/FO", "projeto": "2604", "coletor": "BC", "natureza": "S", "numero": "0008", "opcional": "A", "amostra": "2604-BC-S-0008A", "labs_letra": "QAF", "labs_numero": "174", "labs_ident": "QAF174" } '),
(' { "codigo": "551016.0", "data acervo": "22/07/2020", "uuid": "5aa1c6ce-6c79-11eb-a785-f70cbadc7cb5", "localizador": "none", "local coleta": "none", "armazenada": "Caeté", "local atual": "58GR38WM+X5", "sureg": "Fortaleza", "caixa": "4649", "tipo": "Alíquota", "lote": "144/FO", "projeto": "2604", "coletor": "BC", "natureza": "S", "numero": "0010", "opcional": "A", "amostra": "2604-BC-S-0010A", "labs_letra": "QAF", "labs_numero": "176", "labs_ident": "QAF176" } '),
(' { "codigo": "551017.0", "data acervo": "22/07/2020", "uuid": "5aa22448-6c79-11eb-b1f4-c3b5f8e6079e", "localizador": "none", "local coleta": "none", "armazenada": "Caeté", "local atual": "58GR38WM+X5", "sureg": "Fortaleza", "caixa": "4649", "tipo": "Alíquota", "lote": "144/FO", "projeto": "2604", "coletor": "BC", "natureza": "S", "numero": "0011", "opcional": "A", "amostra": "2604-BC-S-0011A", "labs_letra": "QAF", "labs_numero": "177", "labs_ident": "QAF177" } '),
(' { "codigo": "551018.0", "data acervo": "22/07/2020", "uuid": "5aa27ad8-6c79-11eb-b7e9-1fbcdc575699", "localizador": "none", "local coleta": "none", "armazenada": "Caeté", "local atual": "58GR38WM+X5", "sureg": "Fortaleza", "caixa": "4649", "tipo": "Alíquota", "lote": "144/FO", "projeto": "2604", "coletor": "BC", "natureza": "S", "numero": "0012", "opcional": "A", "amostra": "2604-BC-S-0012A", "labs_letra": "QAF", "labs_numero": "178", "labs_ident": "QAF178" } '),
(' { "codigo": "551019.0", "data acervo": "22/07/2020", "uuid": "5aa2d6ae-6c79-11eb-8679-032750f261ca", "localizador": "none", "local coleta": "none", "armazenada": "Caeté", "local atual": "58GR38WM+X5", "sureg": "Fortaleza", "caixa": "4649", "tipo": "Alíquota", "lote": "144/FO", "projeto": "2604", "coletor": "BC", "natureza": "S", "numero": "0013", "opcional": "A", "amostra": "2604-BC-S-0013A", "labs_letra": "QAF", "labs_numero": "179", "labs_ident": "QAF179" } '),
(' { "codigo": "551020.0", "data acervo": "22/07/2020", "uuid": "5aa3319e-6c79-11eb-a859-cf7823904e5a", "localizador": "none", "local coleta": "none", "armazenada": "Caeté", "local atual": "58GR38WM+X5", "sureg": "Fortaleza", "caixa": "4649", "tipo": "Alíquota", "lote": "144/FO", "projeto": "2604", "coletor": "BC", "natureza": "S", "numero": "0014", "opcional": "A", "amostra": "2604-BC-S-0014A", "labs_letra": "QAF", "labs_numero": "180", "labs_ident": "QAF180" } '),
(' { "codigo": "551021.0", "data acervo": "22/07/2020", "uuid": "5aa38e6e-6c79-11eb-a72e-ebcea9e2afaf", "localizador": "none", "local coleta": "none", "armazenada": "Caeté", "local atual": "58GR38WM+X5", "sureg": "Fortaleza", "caixa": "4649", "tipo": "Alíquota", "lote": "144/FO", "projeto": "2604", "coletor": "BC", "natureza": "S", "numero": "0015", "opcional": "A", "amostra": "2604-BC-S-0015A", "labs_letra": "QAF", "labs_numero": "181", "labs_ident": "QAF181" } '),
(' { "codigo": "551022.0", "data acervo": "22/07/2020", "uuid": "5aa3f3d6-6c79-11eb-bae6-2b0e32eb4407", "localizador": "none", "local coleta": "none", "armazenada": "Caeté", "local atual": "58GR38WM+X5", "sureg": "Fortaleza", "caixa": "4649", "tipo": "Alíquota", "lote": "144/FO", "projeto": "2604", "coletor": "BC", "natureza": "S", "numero": "0016", "opcional": "A", "amostra": "2604-BC-S-0016A", "labs_letra": "QAF", "labs_numero": "182", "labs_ident": "QAF182" } '),
(' { "codigo": "551023.0", "data acervo": "22/07/2020", "uuid": "5aa46050-6c79-11eb-aadc-8faf6f7ad65f", "localizador": "none", "local coleta": "none", "armazenada": "Caeté", "local atual": "58GR38WM+X5", "sureg": "Fortaleza", "caixa": "4649", "tipo": "Alíquota", "lote": "144/FO", "projeto": "2604", "coletor": "BC", "natureza": "S", "numero": "0017", "opcional": "A", "amostra": "2604-BC-S-0017A", "labs_letra": "QAF", "labs_numero": "183", "labs_ident": "QAF183" } '),
(' { "codigo": "551024.0", "data acervo": "22/07/2020", "uuid": "5aa4cd56-6c79-11eb-9dab-8fac9715bbd8", "localizador": "none", "local coleta": "none", "armazenada": "Caeté", "local atual": "58GR38WM+X5", "sureg": "Fortaleza", "caixa": "4649", "tipo": "Alíquota", "lote": "144/FO", "projeto": "2604", "coletor": "BC", "natureza": "S", "numero": "0018", "opcional": "A", "amostra": "2604-BC-S-0018A", "labs_letra": "QAF", "labs_numero": "184", "labs_ident": "QAF184" } '),
(' { "codigo": "551025.0", "data acervo": "22/07/2020", "uuid": "5aa53444-6c79-11eb-8f06-bf64a1553b61", "localizador": "none", "local coleta": "none", "armazenada": "Caeté", "local atual": "58GR38WM+X5", "sureg": "Fortaleza", "caixa": "4649", "tipo": "Alíquota", "lote": "144/FO", "projeto": "2604", "coletor": "BC", "natureza": "S", "numero": "0019", "opcional": "A", "amostra": "2604-BC-S-0019A", "labs_letra": "QAF", "labs_numero": "185", "labs_ident": "QAF185" } '),
(' { "codigo": "551026.0", "data acervo": "22/07/2020", "uuid": "5aa59e3e-6c79-11eb-b5b6-934561009334", "localizador": "none", "local coleta": "none", "armazenada": "Caeté", "local atual": "58GR38WM+X5", "sureg": "Fortaleza", "caixa": "4649", "tipo": "Alíquota", "lote": "144/FO", "projeto": "2604", "coletor": "BC", "natureza": "S", "numero": "0020", "opcional": "A", "amostra": "2604-BC-S-0020A", "labs_letra": "QAF", "labs_numero": "186", "labs_ident": "QAF186" } '),
(' { "codigo": "551027.0", "data acervo": "22/07/2020", "uuid": "5aa60374-6c79-11eb-a287-b3f3da299a38", "localizador": "none", "local coleta": "none", "armazenada": "Caeté", "local atual": "58GR38WM+X5", "sureg": "Fortaleza", "caixa": "4649", "tipo": "Alíquota", "lote": "144/FO", "projeto": "2604", "coletor": "BC", "natureza": "S", "numero": "0021", "opcional": "A", "amostra": "2604-BC-S-0021A", "labs_letra": "QAF", "labs_numero": "187", "labs_ident": "QAF187" } '),
(' { "codigo": "551028.0", "data acervo": "22/07/2020", "uuid": "5aa66e40-6c79-11eb-b3e1-ff305bc80036", "localizador": "none", "local coleta": "none", "armazenada": "Caeté", "local atual": "58GR38WM+X5", "sureg": "Fortaleza", "caixa": "4649", "tipo": "Alíquota", "lote": "144/FO", "projeto": "2604", "coletor": "BC", "natureza": "S", "numero": "0022", "opcional": "A", "amostra": "2604-BC-S-0022A", "labs_letra": "QAF", "labs_numero": "188", "labs_ident": "QAF188" } '),
(' { "codigo": "551029.0", "data acervo": "22/07/2020", "uuid": "5aa6d6b4-6c79-11eb-91ae-b3d3565830c3", "localizador": "none", "local coleta": "none", "armazenada": "Caeté", "local atual": "58GR38WM+X5", "sureg": "Fortaleza", "caixa": "4649", "tipo": "Alíquota", "lote": "144/FO", "projeto": "2604", "coletor": "BC", "natureza": "S", "numero": "0023", "opcional": "A", "amostra": "2604-BC-S-0023A", "labs_letra": "QAF", "labs_numero": "189", "labs_ident": "QAF189" } '),
(' { "codigo": "551030.0", "data acervo": "22/07/2020", "uuid": "5aa74216-6c79-11eb-aa93-2feeafd29128", "localizador": "none", "local coleta": "none", "armazenada": "Caeté", "local atual": "58GR38WM+X5", "sureg": "Fortaleza", "caixa": "4649", "tipo": "Alíquota", "lote": "144/FO", "projeto": "2604", "coletor": "BC", "natureza": "S", "numero": "0024", "opcional": "A", "amostra": "2604-BC-S-0024A", "labs_letra": "QAF", "labs_numero": "190", "labs_ident": "QAF190" } '),
(' { "codigo": "551031.0", "data acervo": "22/07/2020", "uuid": "5aa7a1f2-6c79-11eb-8198-07adb4882216", "localizador": "none", "local coleta": "none", "armazenada": "Caeté", "local atual": "58GR38WM+X5", "sureg": "Fortaleza", "caixa": "4649", "tipo": "Alíquota", "lote": "144/FO", "projeto": "2604", "coletor": "BC", "natureza": "S", "numero": "0025", "opcional": "A", "amostra": "2604-BC-S-0025A", "labs_letra": "QAF", "labs_numero": "191", "labs_ident": "QAF191" } '),
(' { "codigo": "551032.0", "data acervo": "22/07/2020", "uuid": "5aa80778-6c79-11eb-bac9-2f6136b54062", "localizador": "none", "local coleta": "none", "armazenada": "Caeté", "local atual": "58GR38WM+X5", "sureg": "Fortaleza", "caixa": "4650", "tipo": "Alíquota", "lote": "144/FO", "projeto": "2604", "coletor": "BC", "natureza": "S", "numero": "0028", "opcional": "A", "amostra": "2604-BC-S-0028A", "labs_letra": "QAF", "labs_numero": "192", "labs_ident": "QAF192" } '),
(' { "codigo": "551033.0", "data acervo": "22/07/2020", "uuid": "5aa86b1e-6c79-11eb-b082-b7be4a21752a", "localizador": "none", "local coleta": "none", "armazenada": "Caeté", "local atual": "58GR38WM+X5", "sureg": "Fortaleza", "caixa": "4650", "tipo": "Alíquota", "lote": "144/FO", "projeto": "2604", "coletor": "BC", "natureza": "S", "numero": "0034", "opcional": "A", "amostra": "2604-BC-S-0034A", "labs_letra": "QAF", "labs_numero": "194", "labs_ident": "QAF194" } '),
(' { "codigo": "551034.0", "data acervo": "22/07/2020", "uuid": "5aa8c348-6c79-11eb-945c-67d6560e30cc", "localizador": "none", "local coleta": "none", "armazenada": "Caeté", "local atual": "58GR38WM+X5", "sureg": "Fortaleza", "caixa": "4650", "tipo": "Alíquota", "lote": "145/FO", "projeto": "2604", "coletor": "BC", "natureza": "R", "numero": "0026", "amostra": "2604-BC-R-0026", "labs_letra": "QAF", "labs_numero": "195", "labs_ident": "QAF195" } '),
(' { "codigo": "551035.0", "data acervo": "22/07/2020", "uuid": "5aa92752-6c79-11eb-ad5b-afd195bd8cb5", "localizador": "none", "local coleta": "none", "armazenada": "Caeté", "local atual": "58GR38WM+X5", "sureg": "Fortaleza", "caixa": "4650", "tipo": "Alíquota", "lote": "145/FO", "projeto": "2604", "coletor": "BC", "natureza": "R", "numero": "0027", "amostra": "2604-BC-R-0027", "labs_letra": "QAF", "labs_numero": "196", "labs_ident": "QAF196" } '),
(' { "codigo": "551036.0", "data acervo": "22/07/2020", "uuid": "5aa990d4-6c79-11eb-b5c9-0b30b286ab17", "localizador": "none", "local coleta": "none", "armazenada": "Caeté", "local atual": "58GR38WM+X5", "sureg": "Fortaleza", "caixa": "4650", "tipo": "Alíquota", "lote": "145/FO", "projeto": "2604", "coletor": "BC", "natureza": "R", "numero": "0031", "amostra": "2604-BC-R-0031", "labs_letra": "QAF", "labs_numero": "197", "labs_ident": "QAF197" } '),
(' { "codigo": "551037.0", "data acervo": "22/07/2020", "uuid": "5aa9f8f8-6c79-11eb-8420-4fbdb68a8b17", "localizador": "none", "local coleta": "none", "armazenada": "Caeté", "local atual": "58GR38WM+X5", "sureg": "Fortaleza", "caixa": "4650", "tipo": "Alíquota", "lote": "145/FO", "projeto": "2604", "coletor": "BC", "natureza": "R", "numero": "0032", "amostra": "2604-BC-R-0032", "labs_letra": "QAF", "labs_numero": "198", "labs_ident": "QAF198" } '),
(' { "codigo": "551038.0", "data acervo": "22/07/2020", "uuid": "5aaa5cbc-6c79-11eb-aa6d-e7bcb5d29f96", "localizador": "none", "local coleta": "none", "armazenada": "Caeté", "local atual": "58GR38WM+X5", "sureg": "Fortaleza", "caixa": "4650", "tipo": "Alíquota", "lote": "145/FO", "projeto": "2604", "coletor": "BC", "natureza": "R", "numero": "0033", "amostra": "2604-BC-R-0033", "labs_letra": "QAF", "labs_numero": "199", "labs_ident": "QAF199" } '),
(' { "codigo": "551039.0", "data acervo": "22/07/2020", "uuid": "5aaac544-6c79-11eb-bdc9-0788e51de829", "localizador": "none", "local coleta": "none", "armazenada": "Caeté", "local atual": "58GR38WM+X5", "sureg": "Fortaleza", "caixa": "4650", "tipo": "Alíquota", "lote": "135/FO", "projeto": "2604", "coletor": "MI", "natureza": "R", "numero": "0014", "amostra": "2604-MI-R-0014", "labs_letra": "QAF", "labs_numero": "214", "labs_ident": "QAF214" } '),
(' { "codigo": "551040.0", "data acervo": "22/07/2020", "uuid": "5aab1b98-6c79-11eb-998f-07047c35d65f", "localizador": "none", "local coleta": "none", "armazenada": "Caeté", "local atual": "58GR38WM+X5", "sureg": "Fortaleza", "caixa": "4650", "tipo": "Alíquota", "lote": "148/FO", "projeto": "2604", "coletor": "MI", "natureza": "R", "numero": "0018", "amostra": "2604-MI-R-0018", "labs_letra": "QAF", "labs_numero": "218", "labs_ident": "QAF218" } '),
(' { "codigo": "551041.0", "data acervo": "22/07/2020", "uuid": "5aab7296-6c79-11eb-b17d-1f5e09050af1", "localizador": "none", "local coleta": "none", "armazenada": "Caeté", "local atual": "58GR38WM+X5", "sureg": "Fortaleza", "caixa": "4650", "tipo": "Alíquota", "lote": "148/FO", "projeto": "2604", "coletor": "MI", "natureza": "R", "numero": "0019", "amostra": "2604-MI-R-0019", "labs_letra": "QAF", "labs_numero": "219", "labs_ident": "QAF219" } '),
(' { "codigo": "551042.0", "data acervo": "22/07/2020", "uuid": "5aabd77c-6c79-11eb-8eaa-8bdf2e5c11f0", "localizador": "none", "local coleta": "none", "armazenada": "Caeté", "local atual": "58GR38WM+X5", "sureg": "Fortaleza", "caixa": "4650", "tipo": "Alíquota", "lote": "148/FO", "projeto": "2604", "coletor": "MI", "natureza": "R", "numero": "0020", "amostra": "2604-MI-R-0020", "labs_letra": "QAF", "labs_numero": "220", "labs_ident": "QAF220" } '),
(' { "codigo": "551043.0", "data acervo": "22/07/2020", "uuid": "5aac3ee2-6c79-11eb-ad5a-53db0f81ae4c", "localizador": "none", "local coleta": "none", "armazenada": "Caeté", "local atual": "58GR38WM+X5", "sureg": "Fortaleza", "caixa": "4650", "tipo": "Alíquota", "lote": "149/FO", "projeto": "2604", "coletor": "AS", "natureza": "R", "numero": "0001", "amostra": "2604-AS-R-0001", "labs_letra": "QAF", "labs_numero": "330", "labs_ident": "QAF330" } '),
(' { "codigo": "551044.0", "data acervo": "22/07/2020", "uuid": "5aaca53a-6c79-11eb-8099-b304db299b35", "localizador": "none", "local coleta": "none", "armazenada": "Caeté", "local atual": "58GR38WM+X5", "sureg": "Fortaleza", "caixa": "4650", "tipo": "Alíquota", "lote": "149/FO", "projeto": "2604", "coletor": "AS", "natureza": "R", "numero": "0012", "amostra": "2604-AS-R-0012", "labs_letra": "QAF", "labs_numero": "331", "labs_ident": "QAF331" } '),
(' { "codigo": "551045.0", "data acervo": "22/07/2020", "uuid": "5aad0656-6c79-11eb-a737-fb352f317d60", "localizador": "none", "local coleta": "none", "armazenada": "Caeté", "local atual": "58GR38WM+X5", "sureg": "Fortaleza", "caixa": "4650", "tipo": "Alíquota", "lote": "149/FO", "projeto": "2604", "coletor": "AS", "natureza": "R", "numero": "0015", "amostra": "2604-AS-R-0015", "labs_letra": "QAF", "labs_numero": "332", "labs_ident": "QAF332" } '),
(' { "codigo": "551046.0", "data acervo": "22/07/2020", "uuid": "5aad65d8-6c79-11eb-b8ab-c77c6ce397e7", "localizador": "none", "local coleta": "none", "armazenada": "Caeté", "local atual": "58GR38WM+X5", "sureg": "Fortaleza", "caixa": "4650", "tipo": "Alíquota", "lote": "149/FO", "projeto": "2604", "coletor": "AS", "natureza": "R", "numero": "0021", "amostra": "2604-AS-R-0021", "labs_letra": "QAF", "labs_numero": "333", "labs_ident": "QAF333" } '),
(' { "codigo": "551047.0", "data acervo": "22/07/2020", "uuid": "5aadca32-6c79-11eb-8d90-2349080b2879", "localizador": "none", "local coleta": "none", "armazenada": "Caeté", "local atual": "58GR38WM+X5", "sureg": "Fortaleza", "caixa": "4650", "tipo": "Alíquota", "lote": "149/FO", "projeto": "2604", "coletor": "AS", "natureza": "R", "numero": "0022", "amostra": "2604-AS-R-0022", "labs_letra": "QAF", "labs_numero": "334", "labs_ident": "QAF334" } '),
(' { "codigo": "551048.0", "data acervo": "22/07/2020", "uuid": "5aae2acc-6c79-11eb-b322-d3921adff494", "localizador": "none", "local coleta": "none", "armazenada": "Caeté", "local atual": "58GR38WM+X5", "sureg": "Fortaleza", "caixa": "4650", "tipo": "Alíquota", "lote": "149/FO", "projeto": "2604", "coletor": "AS", "natureza": "R", "numero": "0032", "amostra": "2604-AS-R-0032", "labs_letra": "QAF", "labs_numero": "335", "labs_ident": "QAF335" } '),
