(' { "codigo": "299882.0", "data acervo": "22/07/2020", "uuid": "dbcc5018-6c77-11eb-9f83-3b432b400ad9", "localizador": "none", "local coleta": "none", "armazenada": "Caeté", "local atual": "58GR38WM+X5", "sureg": "Salvador", "caixa": "08", "tipo": "Rec. Amostra", "lote": "3690", "projeto": "4233", "amostra": "4233---", "labs_letra": "HGY", "labs_numero": "655", "labs_ident": "HGY655" } '),
(' { "codigo": "311506.0", "data acervo": "22/07/2020", "uuid": "ed827080-6c77-11eb-9bb9-432382b5ba44", "localizador": "none", "local coleta": "none", "armazenada": "Caeté", "local atual": "58GR38WM+X5", "sureg": "Goiânia", "caixa": "191", "tipo": "Rec. Amostra", "lote": "4322", "projeto": "4233", "coletor": "DF", "natureza": "R", "numero": "0167", "amostra": "4233-DF-R-0167", "labs_letra": "GJD", "labs_numero": "223", "labs_ident": "GJD223" } '),
(' { "codigo": "311507.0", "data acervo": "22/07/2020", "uuid": "ed82d39a-6c77-11eb-952f-4307eed1b7d8", "localizador": "none", "local coleta": "none", "armazenada": "Caeté", "local atual": "58GR38WM+X5", "sureg": "Goiânia", "caixa": "191", "tipo": "Rec. Amostra", "lote": "4322", "projeto": "4233", "coletor": "DF", "natureza": "R", "numero": "0173", "amostra": "4233-DF-R-0173", "labs_letra": "GJD", "labs_numero": "224", "labs_ident": "GJD224" } '),
(' { "codigo": "311508.0", "data acervo": "22/07/2020", "uuid": "ed832ad4-6c77-11eb-9253-cfae4dc4d978", "localizador": "none", "local coleta": "none", "armazenada": "Caeté", "local atual": "58GR38WM+X5", "sureg": "Goiânia", "caixa": "191", "tipo": "Rec. Amostra", "lote": "4322", "projeto": "4233", "coletor": "DF", "natureza": "R", "numero": "0179", "opcional": "A", "amostra": "4233-DF-R-0179A", "labs_letra": "GJD", "labs_numero": "225", "labs_ident": "GJD225" } '),
(' { "codigo": "311509.0", "data acervo": "22/07/2020", "uuid": "ed838290-6c77-11eb-b0af-1f1842c7891b", "localizador": "none", "local coleta": "none", "armazenada": "Caeté", "local atual": "58GR38WM+X5", "sureg": "Goiânia", "caixa": "191", "tipo": "Rec. Amostra", "lote": "4322", "projeto": "4233", "coletor": "DF", "natureza": "R", "numero": "0179", "opcional": "B", "amostra": "4233-DF-R-0179B", "labs_letra": "GJD", "labs_numero": "226", "labs_ident": "GJD226" } '),
(' { "codigo": "311510.0", "data acervo": "22/07/2020", "uuid": "ed83dbbe-6c77-11eb-978b-6b13744765df", "localizador": "none", "local coleta": "none", "armazenada": "Caeté", "local atual": "58GR38WM+X5", "sureg": "Goiânia", "caixa": "191", "tipo": "Rec. Amostra", "lote": "4322", "projeto": "4233", "coletor": "DF", "natureza": "R", "numero": "0179", "opcional": "C", "amostra": "4233-DF-R-0179C", "labs_letra": "GJD", "labs_numero": "227", "labs_ident": "GJD227" } '),
(' { "codigo": "311511.0", "data acervo": "22/07/2020", "uuid": "ed843c6c-6c77-11eb-bc7f-4b764015ef0f", "localizador": "none", "local coleta": "none", "armazenada": "Caeté", "local atual": "58GR38WM+X5", "sureg": "Goiânia", "caixa": "191", "tipo": "Rec. Amostra", "lote": "4322", "projeto": "4233", "coletor": "DF", "natureza": "R", "numero": "0179", "opcional": "D", "amostra": "4233-DF-R-0179D", "labs_letra": "GJD", "labs_numero": "228", "labs_ident": "GJD228" } '),
(' { "codigo": "311512.0", "data acervo": "22/07/2020", "uuid": "ed84a396-6c77-11eb-8290-87193d4c859c", "localizador": "none", "local coleta": "none", "armazenada": "Caeté", "local atual": "58GR38WM+X5", "sureg": "Goiânia", "caixa": "191", "tipo": "Rec. Amostra", "lote": "4322", "projeto": "4233", "coletor": "DF", "natureza": "R", "numero": "0179", "opcional": "E", "amostra": "4233-DF-R-0179E", "labs_letra": "GJD", "labs_numero": "229", "labs_ident": "GJD229" } '),
