(' { "codigo": "134005.0", "data acervo": "22/07/2020", "uuid": "dfbee574-6c76-11eb-8a64-af3e08df211f", "localizador": "none", "local coleta": "none", "armazenada": "Manaus", "local atual": "6882W223+2X", "sureg": "Manaus", "projeto": "4260", "coletor": "SR", "natureza": "Z", "numero": "0017", "amostra": "4260-SR-Z-0017" } '),
(' { "codigo": "134006.0", "data acervo": "22/07/2020", "uuid": "dfbf4384-6c76-11eb-b20b-8fd04dd31b94", "localizador": "none", "local coleta": "none", "armazenada": "Manaus", "local atual": "6882W223+2X", "sureg": "Manaus", "projeto": "4260", "coletor": "SR", "natureza": "Z", "numero": "0190", "amostra": "4260-SR-Z-0190" } '),
(' { "codigo": "134007.0", "data acervo": "22/07/2020", "uuid": "dfbf90aa-6c76-11eb-9a15-db1bbad8bf07", "localizador": "none", "local coleta": "none", "armazenada": "Manaus", "local atual": "6882W223+2X", "sureg": "Manaus", "projeto": "4260", "coletor": "SR", "natureza": "Z", "numero": "0191", "amostra": "4260-SR-Z-0191" } '),
(' { "codigo": "134008.0", "data acervo": "22/07/2020", "uuid": "dfbfefd2-6c76-11eb-aea2-73976a0ae206", "localizador": "none", "local coleta": "none", "armazenada": "Manaus", "local atual": "6882W223+2X", "sureg": "Manaus", "projeto": "4260", "coletor": "SR", "natureza": "Z", "numero": "0192", "amostra": "4260-SR-Z-0192" } '),
(' { "codigo": "134009.0", "data acervo": "22/07/2020", "uuid": "dfc04ce8-6c76-11eb-9dac-a798c607a476", "localizador": "none", "local coleta": "none", "armazenada": "Manaus", "local atual": "6882W223+2X", "sureg": "Manaus", "projeto": "4260", "coletor": "SR", "natureza": "Z", "numero": "0194", "amostra": "4260-SR-Z-0194" } '),
(' { "codigo": "134010.0", "data acervo": "22/07/2020", "uuid": "dfc0ab98-6c76-11eb-be35-0b1a128488c1", "localizador": "none", "local coleta": "none", "armazenada": "Manaus", "local atual": "6882W223+2X", "sureg": "Manaus", "projeto": "4260", "coletor": "SR", "natureza": "Z", "numero": "0224", "amostra": "4260-SR-Z-0224" } '),
(' { "codigo": "134011.0", "data acervo": "22/07/2020", "uuid": "dfc10d36-6c76-11eb-84f4-bfba524ffe1f", "localizador": "none", "local coleta": "none", "armazenada": "Manaus", "local atual": "6882W223+2X", "sureg": "Manaus", "projeto": "4260", "coletor": "SR", "natureza": "Z", "numero": "0230", "opcional": "A", "amostra": "4260-SR-Z-0230A" } '),
(' { "codigo": "134012.0", "data acervo": "22/07/2020", "uuid": "dfc1660a-6c76-11eb-a160-678862469fec", "localizador": "none", "local coleta": "none", "armazenada": "Manaus", "local atual": "6882W223+2X", "sureg": "Manaus", "projeto": "4260", "coletor": "SR", "natureza": "Z", "numero": "0230", "opcional": "B", "amostra": "4260-SR-Z-0230B" } '),
(' { "codigo": "134013.0", "data acervo": "22/07/2020", "uuid": "dfc1c8a2-6c76-11eb-9a3e-07af46abf78f", "localizador": "none", "local coleta": "none", "armazenada": "Manaus", "local atual": "6882W223+2X", "sureg": "Manaus", "projeto": "4260", "coletor": "SR", "natureza": "Z", "numero": "0233", "opcional": "A", "amostra": "4260-SR-Z-0233A" } '),
(' { "codigo": "134014.0", "data acervo": "22/07/2020", "uuid": "dfc22eb4-6c76-11eb-9fc3-cfa03da453a0", "localizador": "none", "local coleta": "none", "armazenada": "Manaus", "local atual": "6882W223+2X", "sureg": "Manaus", "projeto": "4260", "coletor": "SR", "natureza": "Z", "numero": "0233", "opcional": "B", "amostra": "4260-SR-Z-0233B" } '),
(' { "codigo": "299909.0", "data acervo": "22/07/2020", "uuid": "dbd6f46e-6c77-11eb-81bc-2386a52e66db", "localizador": "none", "local coleta": "none", "armazenada": "Caeté", "local atual": "58GR38WM+X5", "sureg": "Salvador", "caixa": "08", "tipo": "Rec. Amostra", "lote": "3690", "projeto": "4260", "amostra": "4260---", "labs_letra": "HGY", "labs_numero": "682", "labs_ident": "HGY682" } '),
(' { "codigo": "658814.0", "data acervo": "22/07/2020", "uuid": "ff59522c-6c79-11eb-9fe3-0b95d2274fab", "localizador": "none", "local coleta": "none", "armazenada": "Caeté", "local atual": "58GR38WM+X5", "sureg": "Salvador", "caixa": "6934", "tipo": "Alíquota", "lote": "2253/SA", "projeto": "4260", "coletor": "NC", "natureza": "R", "numero": "0691", "amostra": "4260-NC-R-0691", "labs_letra": "HET", "labs_numero": "427", "labs_ident": "HET427" } '),
(' { "codigo": "658815.0", "data acervo": "22/07/2020", "uuid": "ff59a88a-6c79-11eb-ae0a-3bb57ff7f067", "localizador": "none", "local coleta": "none", "armazenada": "Caeté", "local atual": "58GR38WM+X5", "sureg": "Salvador", "caixa": "6934", "tipo": "Alíquota", "lote": "2253/SA", "projeto": "4260", "coletor": "NC", "natureza": "R", "numero": "0692", "amostra": "4260-NC-R-0692", "labs_letra": "HET", "labs_numero": "428", "labs_ident": "HET428" } '),
(' { "codigo": "658816.0", "data acervo": "22/07/2020", "uuid": "ff5a0b4a-6c79-11eb-8850-c3af943efba4", "localizador": "none", "local coleta": "none", "armazenada": "Caeté", "local atual": "58GR38WM+X5", "sureg": "Salvador", "caixa": "6934", "tipo": "Alíquota", "lote": "2253/SA", "projeto": "4260", "coletor": "NC", "natureza": "R", "numero": "0693", "amostra": "4260-NC-R-0693", "labs_letra": "HET", "labs_numero": "429", "labs_ident": "HET429" } '),
(' { "codigo": "658817.0", "data acervo": "22/07/2020", "uuid": "ff5a6ee6-6c79-11eb-8099-77899ef201f6", "localizador": "none", "local coleta": "none", "armazenada": "Caeté", "local atual": "58GR38WM+X5", "sureg": "Salvador", "caixa": "6934", "tipo": "Alíquota", "lote": "2253/SA", "projeto": "4260", "coletor": "NC", "natureza": "R", "numero": "0694", "amostra": "4260-NC-R-0694", "labs_letra": "HET", "labs_numero": "430", "labs_ident": "HET430" } '),
(' { "codigo": "658818.0", "data acervo": "22/07/2020", "uuid": "ff5acbfc-6c79-11eb-8b51-037d2e43ee2d", "localizador": "none", "local coleta": "none", "armazenada": "Caeté", "local atual": "58GR38WM+X5", "sureg": "Salvador", "caixa": "6934", "tipo": "Alíquota", "lote": "2253/SA", "projeto": "4260", "coletor": "NC", "natureza": "R", "numero": "0695", "amostra": "4260-NC-R-0695", "labs_letra": "HET", "labs_numero": "431", "labs_ident": "HET431" } '),
(' { "codigo": "658819.0", "data acervo": "22/07/2020", "uuid": "ff5b2f70-6c79-11eb-90fb-775e14953bd5", "localizador": "none", "local coleta": "none", "armazenada": "Caeté", "local atual": "58GR38WM+X5", "sureg": "Salvador", "caixa": "6934", "tipo": "Alíquota", "lote": "2253/SA", "projeto": "4260", "coletor": "NC", "natureza": "R", "numero": "0696", "amostra": "4260-NC-R-0696", "labs_letra": "HET", "labs_numero": "432", "labs_ident": "HET432" } '),
(' { "codigo": "658820.0", "data acervo": "22/07/2020", "uuid": "ff5b983e-6c79-11eb-a4ad-3b09ca4aae83", "localizador": "none", "local coleta": "none", "armazenada": "Caeté", "local atual": "58GR38WM+X5", "sureg": "Salvador", "caixa": "6934", "tipo": "Alíquota", "lote": "2253/SA", "projeto": "4260", "coletor": "NC", "natureza": "R", "numero": "0697", "amostra": "4260-NC-R-0697", "labs_letra": "HET", "labs_numero": "433", "labs_ident": "HET433" } '),
(' { "codigo": "658821.0", "data acervo": "22/07/2020", "uuid": "ff5c0030-6c79-11eb-ad5f-ff93519ee7d7", "localizador": "none", "local coleta": "none", "armazenada": "Caeté", "local atual": "58GR38WM+X5", "sureg": "Salvador", "caixa": "6934", "tipo": "Alíquota", "lote": "2253/SA", "projeto": "4260", "coletor": "NC", "natureza": "R", "numero": "0698", "amostra": "4260-NC-R-0698", "labs_letra": "HET", "labs_numero": "434", "labs_ident": "HET434" } '),
(' { "codigo": "658822.0", "data acervo": "22/07/2020", "uuid": "ff5c6322-6c79-11eb-8bc6-5fe4695428e5", "localizador": "none", "local coleta": "none", "armazenada": "Caeté", "local atual": "58GR38WM+X5", "sureg": "Salvador", "caixa": "6934", "tipo": "Alíquota", "lote": "2253/SA", "projeto": "4260", "coletor": "NC", "natureza": "R", "numero": "0699", "amostra": "4260-NC-R-0699", "labs_letra": "HET", "labs_numero": "435", "labs_ident": "HET435" } '),
(' { "codigo": "658823.0", "data acervo": "22/07/2020", "uuid": "ff5cc6e6-6c79-11eb-bd91-a30f603b89b0", "localizador": "none", "local coleta": "none", "armazenada": "Caeté", "local atual": "58GR38WM+X5", "sureg": "Salvador", "caixa": "6934", "tipo": "Alíquota", "lote": "2257/SA", "projeto": "4260", "coletor": "NC", "natureza": "R", "numero": "0671", "amostra": "4260-NC-R-0671", "labs_letra": "HET", "labs_numero": "474", "labs_ident": "HET474" } '),
(' { "codigo": "658824.0", "data acervo": "22/07/2020", "uuid": "ff5d258c-6c79-11eb-b300-f7c035b6a66e", "localizador": "none", "local coleta": "none", "armazenada": "Caeté", "local atual": "58GR38WM+X5", "sureg": "Salvador", "caixa": "6934", "tipo": "Alíquota", "lote": "2258/SA", "projeto": "4260", "coletor": "NC", "natureza": "R", "numero": "0674", "amostra": "4260-NC-R-0674", "labs_letra": "HET", "labs_numero": "475", "labs_ident": "HET475" } '),
(' { "codigo": "658825.0", "data acervo": "22/07/2020", "uuid": "ff5d832e-6c79-11eb-aac1-bbfb2d8cb0f1", "localizador": "none", "local coleta": "none", "armazenada": "Caeté", "local atual": "58GR38WM+X5", "sureg": "Salvador", "caixa": "6934", "tipo": "Alíquota", "lote": "2314/SA", "projeto": "4260", "coletor": "TF", "natureza": "L", "numero": "0463", "amostra": "4260-TF-L-0463", "labs_letra": "HEV", "labs_numero": "336", "labs_ident": "HEV336" } '),
(' { "codigo": "658826.0", "data acervo": "22/07/2020", "uuid": "ff5de026-6c79-11eb-8c86-9b36fddbebf1", "localizador": "none", "local coleta": "none", "armazenada": "Caeté", "local atual": "58GR38WM+X5", "sureg": "Salvador", "caixa": "6934", "tipo": "Alíquota", "lote": "2314/SA", "projeto": "4260", "coletor": "TF", "natureza": "L", "numero": "0464", "amostra": "4260-TF-L-0464", "labs_letra": "HEV", "labs_numero": "337", "labs_ident": "HEV337" } '),
(' { "codigo": "658827.0", "data acervo": "22/07/2020", "uuid": "ff5e397c-6c79-11eb-b5f4-2f869a052297", "localizador": "none", "local coleta": "none", "armazenada": "Caeté", "local atual": "58GR38WM+X5", "sureg": "Salvador", "caixa": "6934", "tipo": "Alíquota", "lote": "2314/SA", "projeto": "4260", "coletor": "TF", "natureza": "L", "numero": "0465", "amostra": "4260-TF-L-0465", "labs_letra": "HEV", "labs_numero": "338", "labs_ident": "HEV338" } '),
(' { "codigo": "658828.0", "data acervo": "22/07/2020", "uuid": "ff5e9ae8-6c79-11eb-888b-ab87916c2a06", "localizador": "none", "local coleta": "none", "armazenada": "Caeté", "local atual": "58GR38WM+X5", "sureg": "Salvador", "caixa": "6934", "tipo": "Alíquota", "lote": "2314/SA", "projeto": "4260", "coletor": "TF", "natureza": "L", "numero": "0466", "amostra": "4260-TF-L-0466", "labs_letra": "HEV", "labs_numero": "339", "labs_ident": "HEV339" } '),
(' { "codigo": "658829.0", "data acervo": "22/07/2020", "uuid": "ff5efd4e-6c79-11eb-be2f-4f6f6dbf9a5f", "localizador": "none", "local coleta": "none", "armazenada": "Caeté", "local atual": "58GR38WM+X5", "sureg": "Salvador", "caixa": "6934", "tipo": "Alíquota", "lote": "2314/SA", "projeto": "4260", "coletor": "TF", "natureza": "L", "numero": "0467", "amostra": "4260-TF-L-0467", "labs_letra": "HEV", "labs_numero": "340", "labs_ident": "HEV340" } '),
(' { "codigo": "658830.0", "data acervo": "22/07/2020", "uuid": "ff5f5faa-6c79-11eb-9dd4-cff7c5635aba", "localizador": "none", "local coleta": "none", "armazenada": "Caeté", "local atual": "58GR38WM+X5", "sureg": "Salvador", "caixa": "6934", "tipo": "Alíquota", "lote": "2314/SA", "projeto": "4260", "coletor": "TF", "natureza": "L", "numero": "0468", "amostra": "4260-TF-L-0468", "labs_letra": "HEV", "labs_numero": "341", "labs_ident": "HEV341" } '),
(' { "codigo": "658831.0", "data acervo": "22/07/2020", "uuid": "ff5fba18-6c79-11eb-bb88-73ef899dfaaa", "localizador": "none", "local coleta": "none", "armazenada": "Caeté", "local atual": "58GR38WM+X5", "sureg": "Salvador", "caixa": "6934", "tipo": "Alíquota", "lote": "2314/SA", "projeto": "4260", "coletor": "TF", "natureza": "L", "numero": "0469", "amostra": "4260-TF-L-0469", "labs_letra": "HEV", "labs_numero": "342", "labs_ident": "HEV342" } '),
(' { "codigo": "658832.0", "data acervo": "22/07/2020", "uuid": "ff601b70-6c79-11eb-b208-930b843898e3", "localizador": "none", "local coleta": "none", "armazenada": "Caeté", "local atual": "58GR38WM+X5", "sureg": "Salvador", "caixa": "6934", "tipo": "Alíquota", "lote": "2314/SA", "projeto": "4260", "coletor": "TF", "natureza": "L", "numero": "0470", "amostra": "4260-TF-L-0470", "labs_letra": "HEV", "labs_numero": "343", "labs_ident": "HEV343" } '),
(' { "codigo": "658833.0", "data acervo": "22/07/2020", "uuid": "ff6085c4-6c79-11eb-81bc-3fc8a8cedb84", "localizador": "none", "local coleta": "none", "armazenada": "Caeté", "local atual": "58GR38WM+X5", "sureg": "Salvador", "caixa": "6934", "tipo": "Alíquota", "lote": "2314/SA", "projeto": "4260", "coletor": "TF", "natureza": "L", "numero": "0471", "amostra": "4260-TF-L-0471", "labs_letra": "HEV", "labs_numero": "344", "labs_ident": "HEV344" } '),
(' { "codigo": "658834.0", "data acervo": "22/07/2020", "uuid": "ff60e848-6c79-11eb-b954-3bebfffe985a", "localizador": "none", "local coleta": "none", "armazenada": "Caeté", "local atual": "58GR38WM+X5", "sureg": "Salvador", "caixa": "6934", "tipo": "Alíquota", "lote": "2314/SA", "projeto": "4260", "coletor": "TF", "natureza": "L", "numero": "0472", "amostra": "4260-TF-L-0472", "labs_letra": "HEV", "labs_numero": "345", "labs_ident": "HEV345" } '),
(' { "codigo": "658835.0", "data acervo": "22/07/2020", "uuid": "ff6150e4-6c79-11eb-9c90-73bae4166854", "localizador": "none", "local coleta": "none", "armazenada": "Caeté", "local atual": "58GR38WM+X5", "sureg": "Salvador", "caixa": "6934", "tipo": "Alíquota", "lote": "2314/SA", "projeto": "4260", "coletor": "TF", "natureza": "L", "numero": "0473", "amostra": "4260-TF-L-0473", "labs_letra": "HEV", "labs_numero": "346", "labs_ident": "HEV346" } '),
(' { "codigo": "658836.0", "data acervo": "22/07/2020", "uuid": "ff61b35e-6c79-11eb-928e-2f7c937c4945", "localizador": "none", "local coleta": "none", "armazenada": "Caeté", "local atual": "58GR38WM+X5", "sureg": "Salvador", "caixa": "6934", "tipo": "Alíquota", "lote": "2314/SA", "projeto": "4260", "coletor": "TF", "natureza": "L", "numero": "0474", "amostra": "4260-TF-L-0474", "labs_letra": "HEV", "labs_numero": "347", "labs_ident": "HEV347" } '),
(' { "codigo": "658837.0", "data acervo": "22/07/2020", "uuid": "ff620f7a-6c79-11eb-acb1-7feab248d78f", "localizador": "none", "local coleta": "none", "armazenada": "Caeté", "local atual": "58GR38WM+X5", "sureg": "Salvador", "caixa": "6934", "tipo": "Alíquota", "lote": "2314/SA", "projeto": "4260", "coletor": "TF", "natureza": "L", "numero": "0475", "amostra": "4260-TF-L-0475", "labs_letra": "HEV", "labs_numero": "348", "labs_ident": "HEV348" } '),
(' { "codigo": "658838.0", "data acervo": "22/07/2020", "uuid": "ff626aba-6c79-11eb-9617-af80d5183ecf", "localizador": "none", "local coleta": "none", "armazenada": "Caeté", "local atual": "58GR38WM+X5", "sureg": "Salvador", "caixa": "6934", "tipo": "Alíquota", "lote": "2314/SA", "projeto": "4260", "coletor": "TF", "natureza": "L", "numero": "0476", "amostra": "4260-TF-L-0476", "labs_letra": "HEV", "labs_numero": "349", "labs_ident": "HEV349" } '),
(' { "codigo": "658839.0", "data acervo": "22/07/2020", "uuid": "ff62c398-6c79-11eb-a13e-33450e822502", "localizador": "none", "local coleta": "none", "armazenada": "Caeté", "local atual": "58GR38WM+X5", "sureg": "Salvador", "caixa": "6934", "tipo": "Alíquota", "lote": "2314/SA", "projeto": "4260", "coletor": "TF", "natureza": "L", "numero": "0477", "amostra": "4260-TF-L-0477", "labs_letra": "HEV", "labs_numero": "350", "labs_ident": "HEV350" } '),
(' { "codigo": "658840.0", "data acervo": "22/07/2020", "uuid": "ff63290a-6c79-11eb-bdcf-8bb31530e542", "localizador": "none", "local coleta": "none", "armazenada": "Caeté", "local atual": "58GR38WM+X5", "sureg": "Salvador", "caixa": "6934", "tipo": "Alíquota", "lote": "2314/SA", "projeto": "4260", "coletor": "TF", "natureza": "L", "numero": "0478", "amostra": "4260-TF-L-0478", "labs_letra": "HEV", "labs_numero": "351", "labs_ident": "HEV351" } '),
(' { "codigo": "658841.0", "data acervo": "22/07/2020", "uuid": "ff63964c-6c79-11eb-bae1-ab83a270cf85", "localizador": "none", "local coleta": "none", "armazenada": "Caeté", "local atual": "58GR38WM+X5", "sureg": "Salvador", "caixa": "6934", "tipo": "Alíquota", "lote": "2314/SA", "projeto": "4260", "coletor": "TF", "natureza": "L", "numero": "0479", "amostra": "4260-TF-L-0479", "labs_letra": "HEV", "labs_numero": "352", "labs_ident": "HEV352" } '),
(' { "codigo": "658842.0", "data acervo": "22/07/2020", "uuid": "ff63f786-6c79-11eb-a507-0f1796220b66", "localizador": "none", "local coleta": "none", "armazenada": "Caeté", "local atual": "58GR38WM+X5", "sureg": "Salvador", "caixa": "6934", "tipo": "Alíquota", "lote": "2314/SA", "projeto": "4260", "coletor": "TF", "natureza": "L", "numero": "0480", "amostra": "4260-TF-L-0480", "labs_letra": "HEV", "labs_numero": "353", "labs_ident": "HEV353" } '),
(' { "codigo": "658843.0", "data acervo": "22/07/2020", "uuid": "ff646572-6c79-11eb-b2de-6bbb9e4e260a", "localizador": "none", "local coleta": "none", "armazenada": "Caeté", "local atual": "58GR38WM+X5", "sureg": "Salvador", "caixa": "6934", "tipo": "Alíquota", "lote": "2314/SA", "projeto": "4260", "coletor": "TF", "natureza": "L", "numero": "0481", "amostra": "4260-TF-L-0481", "labs_letra": "HEV", "labs_numero": "354", "labs_ident": "HEV354" } '),
(' { "codigo": "658844.0", "data acervo": "22/07/2020", "uuid": "ff64ce72-6c79-11eb-b127-3779cc57867a", "localizador": "none", "local coleta": "none", "armazenada": "Caeté", "local atual": "58GR38WM+X5", "sureg": "Salvador", "caixa": "6934", "tipo": "Alíquota", "lote": "2314/SA", "projeto": "4260", "coletor": "TF", "natureza": "L", "numero": "0482", "amostra": "4260-TF-L-0482", "labs_letra": "HEV", "labs_numero": "355", "labs_ident": "HEV355" } '),
(' { "codigo": "658845.0", "data acervo": "22/07/2020", "uuid": "ff65333a-6c79-11eb-bb1a-e34e24eb2bfa", "localizador": "none", "local coleta": "none", "armazenada": "Caeté", "local atual": "58GR38WM+X5", "sureg": "Salvador", "caixa": "6934", "tipo": "Alíquota", "lote": "2314/SA", "projeto": "4260", "coletor": "TF", "natureza": "L", "numero": "0483", "amostra": "4260-TF-L-0483", "labs_letra": "HEV", "labs_numero": "356", "labs_ident": "HEV356" } '),
(' { "codigo": "658846.0", "data acervo": "22/07/2020", "uuid": "ff658ea2-6c79-11eb-ad48-cf64bea40eec", "localizador": "none", "local coleta": "none", "armazenada": "Caeté", "local atual": "58GR38WM+X5", "sureg": "Salvador", "caixa": "6934", "tipo": "Alíquota", "lote": "2314/SA", "projeto": "4260", "coletor": "TF", "natureza": "L", "numero": "0485", "amostra": "4260-TF-L-0485", "labs_letra": "HEV", "labs_numero": "358", "labs_ident": "HEV358" } '),
(' { "codigo": "658847.0", "data acervo": "22/07/2020", "uuid": "ff65ec94-6c79-11eb-834b-63e411cd10a8", "localizador": "none", "local coleta": "none", "armazenada": "Caeté", "local atual": "58GR38WM+X5", "sureg": "Salvador", "caixa": "6934", "tipo": "Alíquota", "lote": "2314/SA", "projeto": "4260", "coletor": "TF", "natureza": "L", "numero": "0486", "amostra": "4260-TF-L-0486", "labs_letra": "HEV", "labs_numero": "359", "labs_ident": "HEV359" } '),
(' { "codigo": "658848.0", "data acervo": "22/07/2020", "uuid": "ff664dba-6c79-11eb-8253-1736c1155997", "localizador": "none", "local coleta": "none", "armazenada": "Caeté", "local atual": "58GR38WM+X5", "sureg": "Salvador", "caixa": "6934", "tipo": "Alíquota", "lote": "2314/SA", "projeto": "4260", "coletor": "TF", "natureza": "L", "numero": "0487", "amostra": "4260-TF-L-0487", "labs_letra": "HEV", "labs_numero": "360", "labs_ident": "HEV360" } '),
(' { "codigo": "658849.0", "data acervo": "22/07/2020", "uuid": "ff66b796-6c79-11eb-ae7b-e7e32fb578a4", "localizador": "none", "local coleta": "none", "armazenada": "Caeté", "local atual": "58GR38WM+X5", "sureg": "Salvador", "caixa": "6934", "tipo": "Alíquota", "lote": "2314/SA", "projeto": "4260", "coletor": "TF", "natureza": "L", "numero": "0488", "amostra": "4260-TF-L-0488", "labs_letra": "HEV", "labs_numero": "361", "labs_ident": "HEV361" } '),
(' { "codigo": "658850.0", "data acervo": "22/07/2020", "uuid": "ff671c04-6c79-11eb-8030-dbcb9bfe98bb", "localizador": "none", "local coleta": "none", "armazenada": "Caeté", "local atual": "58GR38WM+X5", "sureg": "Salvador", "caixa": "6934", "tipo": "Alíquota", "lote": "2314/SA", "projeto": "4260", "coletor": "TF", "natureza": "L", "numero": "0489", "amostra": "4260-TF-L-0489", "labs_letra": "HEV", "labs_numero": "362", "labs_ident": "HEV362" } '),
(' { "codigo": "658851.0", "data acervo": "22/07/2020", "uuid": "ff678248-6c79-11eb-bc68-ef5aa1d48595", "localizador": "none", "local coleta": "none", "armazenada": "Caeté", "local atual": "58GR38WM+X5", "sureg": "Salvador", "caixa": "6934", "tipo": "Alíquota", "lote": "2314/SA", "projeto": "4260", "coletor": "TF", "natureza": "L", "numero": "0490", "amostra": "4260-TF-L-0490", "labs_letra": "HEV", "labs_numero": "363", "labs_ident": "HEV363" } '),
(' { "codigo": "658852.0", "data acervo": "22/07/2020", "uuid": "ff67e490-6c79-11eb-a8d5-b75c2b2697c5", "localizador": "none", "local coleta": "none", "armazenada": "Caeté", "local atual": "58GR38WM+X5", "sureg": "Salvador", "caixa": "6934", "tipo": "Alíquota", "lote": "2314/SA", "projeto": "4260", "coletor": "TF", "natureza": "L", "numero": "0491", "amostra": "4260-TF-L-0491", "labs_letra": "HEV", "labs_numero": "364", "labs_ident": "HEV364" } '),
(' { "codigo": "658853.0", "data acervo": "22/07/2020", "uuid": "ff684e44-6c79-11eb-bf26-9ba7b9481996", "localizador": "none", "local coleta": "none", "armazenada": "Caeté", "local atual": "58GR38WM+X5", "sureg": "Salvador", "caixa": "6934", "tipo": "Alíquota", "lote": "2314/SA", "projeto": "4260", "coletor": "TF", "natureza": "L", "numero": "0492", "amostra": "4260-TF-L-0492", "labs_letra": "HEV", "labs_numero": "365", "labs_ident": "HEV365" } '),
(' { "codigo": "658854.0", "data acervo": "22/07/2020", "uuid": "ff68ac36-6c79-11eb-9624-6b0d9335af01", "localizador": "none", "local coleta": "none", "armazenada": "Caeté", "local atual": "58GR38WM+X5", "sureg": "Salvador", "caixa": "6934", "tipo": "Alíquota", "lote": "2314/SA", "projeto": "4260", "coletor": "TF", "natureza": "L", "numero": "0493", "amostra": "4260-TF-L-0493", "labs_letra": "HEV", "labs_numero": "366", "labs_ident": "HEV366" } '),
(' { "codigo": "658855.0", "data acervo": "22/07/2020", "uuid": "ff690fc8-6c79-11eb-b255-6b02165c506f", "localizador": "none", "local coleta": "none", "armazenada": "Caeté", "local atual": "58GR38WM+X5", "sureg": "Salvador", "caixa": "6934", "tipo": "Alíquota", "lote": "2314/SA", "projeto": "4260", "coletor": "TF", "natureza": "L", "numero": "0494", "amostra": "4260-TF-L-0494", "labs_letra": "HEV", "labs_numero": "367", "labs_ident": "HEV367" } '),
(' { "codigo": "658856.0", "data acervo": "22/07/2020", "uuid": "ff697dd2-6c79-11eb-a346-abafc13067e9", "localizador": "none", "local coleta": "none", "armazenada": "Caeté", "local atual": "58GR38WM+X5", "sureg": "Salvador", "caixa": "6934", "tipo": "Alíquota", "lote": "2314/SA", "projeto": "4260", "coletor": "TF", "natureza": "L", "numero": "0495", "amostra": "4260-TF-L-0495", "labs_letra": "HEV", "labs_numero": "368", "labs_ident": "HEV368" } '),
(' { "codigo": "658857.0", "data acervo": "22/07/2020", "uuid": "ff69d976-6c79-11eb-a2b5-df6f53bebcd1", "localizador": "none", "local coleta": "none", "armazenada": "Caeté", "local atual": "58GR38WM+X5", "sureg": "Salvador", "caixa": "6935", "tipo": "Alíquota", "lote": "2314/SA", "projeto": "4260", "coletor": "TF", "natureza": "L", "numero": "0496", "amostra": "4260-TF-L-0496", "labs_letra": "HEV", "labs_numero": "369", "labs_ident": "HEV369" } '),
(' { "codigo": "658858.0", "data acervo": "22/07/2020", "uuid": "ff6a3c04-6c79-11eb-a399-3f951f5c7757", "localizador": "none", "local coleta": "none", "armazenada": "Caeté", "local atual": "58GR38WM+X5", "sureg": "Salvador", "caixa": "6935", "tipo": "Alíquota", "lote": "2314/SA", "projeto": "4260", "coletor": "TF", "natureza": "L", "numero": "0497", "amostra": "4260-TF-L-0497", "labs_letra": "HEV", "labs_numero": "370", "labs_ident": "HEV370" } '),
(' { "codigo": "658859.0", "data acervo": "22/07/2020", "uuid": "ff6aa310-6c79-11eb-8a13-6b9cf25e88fb", "localizador": "none", "local coleta": "none", "armazenada": "Caeté", "local atual": "58GR38WM+X5", "sureg": "Salvador", "caixa": "6935", "tipo": "Alíquota", "lote": "2314/SA", "projeto": "4260", "coletor": "TF", "natureza": "L", "numero": "0498", "amostra": "4260-TF-L-0498", "labs_letra": "HEV", "labs_numero": "371", "labs_ident": "HEV371" } '),
(' { "codigo": "658860.0", "data acervo": "22/07/2020", "uuid": "ff6b0e04-6c79-11eb-bbd0-dfb89ff5b529", "localizador": "none", "local coleta": "none", "armazenada": "Caeté", "local atual": "58GR38WM+X5", "sureg": "Salvador", "caixa": "6935", "tipo": "Alíquota", "lote": "2314/SA", "projeto": "4260", "coletor": "TF", "natureza": "L", "numero": "0499", "amostra": "4260-TF-L-0499", "labs_letra": "HEV", "labs_numero": "372", "labs_ident": "HEV372" } '),
(' { "codigo": "658861.0", "data acervo": "22/07/2020", "uuid": "ff6b739e-6c79-11eb-86e5-93b745a322d2", "localizador": "none", "local coleta": "none", "armazenada": "Caeté", "local atual": "58GR38WM+X5", "sureg": "Salvador", "caixa": "6935", "tipo": "Alíquota", "lote": "2314/SA", "projeto": "4260", "coletor": "TF", "natureza": "L", "numero": "0500", "amostra": "4260-TF-L-0500", "labs_letra": "HEV", "labs_numero": "373", "labs_ident": "HEV373" } '),
(' { "codigo": "658862.0", "data acervo": "22/07/2020", "uuid": "ff6bd122-6c79-11eb-90cd-2f0f97da857a", "localizador": "none", "local coleta": "none", "armazenada": "Caeté", "local atual": "58GR38WM+X5", "sureg": "Salvador", "caixa": "6935", "tipo": "Alíquota", "lote": "2314/SA", "projeto": "4260", "coletor": "TF", "natureza": "L", "numero": "0501", "amostra": "4260-TF-L-0501", "labs_letra": "HEV", "labs_numero": "374", "labs_ident": "HEV374" } '),
(' { "codigo": "658863.0", "data acervo": "22/07/2020", "uuid": "ff6c3590-6c79-11eb-a286-375a54c7be79", "localizador": "none", "local coleta": "none", "armazenada": "Caeté", "local atual": "58GR38WM+X5", "sureg": "Salvador", "caixa": "6935", "tipo": "Alíquota", "lote": "2314/SA", "projeto": "4260", "coletor": "TF", "natureza": "L", "numero": "0502", "amostra": "4260-TF-L-0502", "labs_letra": "HEV", "labs_numero": "375", "labs_ident": "HEV375" } '),
(' { "codigo": "658864.0", "data acervo": "22/07/2020", "uuid": "ff6c9b3e-6c79-11eb-8ecf-efdeb5c9ea59", "localizador": "none", "local coleta": "none", "armazenada": "Caeté", "local atual": "58GR38WM+X5", "sureg": "Salvador", "caixa": "6935", "tipo": "Alíquota", "lote": "2314/SA", "projeto": "4260", "coletor": "TF", "natureza": "L", "numero": "0503", "amostra": "4260-TF-L-0503", "labs_letra": "HEV", "labs_numero": "376", "labs_ident": "HEV376" } '),
(' { "codigo": "658865.0", "data acervo": "22/07/2020", "uuid": "ff6cfd22-6c79-11eb-9430-234e67fb9bd5", "localizador": "none", "local coleta": "none", "armazenada": "Caeté", "local atual": "58GR38WM+X5", "sureg": "Salvador", "caixa": "6935", "tipo": "Alíquota", "lote": "2314/SA", "projeto": "4260", "coletor": "TF", "natureza": "L", "numero": "0504", "amostra": "4260-TF-L-0504", "labs_letra": "HEV", "labs_numero": "377", "labs_ident": "HEV377" } '),
(' { "codigo": "658866.0", "data acervo": "22/07/2020", "uuid": "ff6d5a88-6c79-11eb-ba7a-bbaa646ff091", "localizador": "none", "local coleta": "none", "armazenada": "Caeté", "local atual": "58GR38WM+X5", "sureg": "Salvador", "caixa": "6935", "tipo": "Alíquota", "lote": "2314/SA", "projeto": "4260", "coletor": "TF", "natureza": "L", "numero": "0505", "amostra": "4260-TF-L-0505", "labs_letra": "HEV", "labs_numero": "378", "labs_ident": "HEV378" } '),
(' { "codigo": "658867.0", "data acervo": "22/07/2020", "uuid": "ff6dba14-6c79-11eb-8704-971530d7f76f", "localizador": "none", "local coleta": "none", "armazenada": "Caeté", "local atual": "58GR38WM+X5", "sureg": "Salvador", "caixa": "6935", "tipo": "Alíquota", "lote": "2314/SA", "projeto": "4260", "coletor": "TF", "natureza": "L", "numero": "0506", "amostra": "4260-TF-L-0506", "labs_letra": "HEV", "labs_numero": "379", "labs_ident": "HEV379" } '),
(' { "codigo": "658868.0", "data acervo": "22/07/2020", "uuid": "ff6e1b1c-6c79-11eb-bb86-137053770c00", "localizador": "none", "local coleta": "none", "armazenada": "Caeté", "local atual": "58GR38WM+X5", "sureg": "Salvador", "caixa": "6935", "tipo": "Alíquota", "lote": "2314/SA", "projeto": "4260", "coletor": "TF", "natureza": "L", "numero": "0507", "amostra": "4260-TF-L-0507", "labs_letra": "HEV", "labs_numero": "380", "labs_ident": "HEV380" } '),
(' { "codigo": "658869.0", "data acervo": "22/07/2020", "uuid": "ff6e7382-6c79-11eb-8d2a-87c29d0371cc", "localizador": "none", "local coleta": "none", "armazenada": "Caeté", "local atual": "58GR38WM+X5", "sureg": "Salvador", "caixa": "6935", "tipo": "Alíquota", "lote": "2314/SA", "projeto": "4260", "coletor": "TF", "natureza": "L", "numero": "0508", "amostra": "4260-TF-L-0508", "labs_letra": "HEV", "labs_numero": "381", "labs_ident": "HEV381" } '),
(' { "codigo": "658870.0", "data acervo": "22/07/2020", "uuid": "ff6ed6ec-6c79-11eb-bb9c-cf5b1356c461", "localizador": "none", "local coleta": "none", "armazenada": "Caeté", "local atual": "58GR38WM+X5", "sureg": "Salvador", "caixa": "6935", "tipo": "Alíquota", "lote": "2314/SA", "projeto": "4260", "coletor": "TF", "natureza": "L", "numero": "0509", "amostra": "4260-TF-L-0509", "labs_letra": "HEV", "labs_numero": "382", "labs_ident": "HEV382" } '),
(' { "codigo": "658871.0", "data acervo": "22/07/2020", "uuid": "ff6f38a8-6c79-11eb-b790-0ff352e8f0da", "localizador": "none", "local coleta": "none", "armazenada": "Caeté", "local atual": "58GR38WM+X5", "sureg": "Salvador", "caixa": "6935", "tipo": "Alíquota", "lote": "2314/SA", "projeto": "4260", "coletor": "TF", "natureza": "L", "numero": "0510", "amostra": "4260-TF-L-0510", "labs_letra": "HEV", "labs_numero": "383", "labs_ident": "HEV383" } '),
(' { "codigo": "658872.0", "data acervo": "22/07/2020", "uuid": "ff6f95aa-6c79-11eb-b29b-9315f0596afd", "localizador": "none", "local coleta": "none", "armazenada": "Caeté", "local atual": "58GR38WM+X5", "sureg": "Salvador", "caixa": "6935", "tipo": "Alíquota", "lote": "2314/SA", "projeto": "4260", "coletor": "TF", "natureza": "L", "numero": "0511", "amostra": "4260-TF-L-0511", "labs_letra": "HEV", "labs_numero": "384", "labs_ident": "HEV384" } '),
(' { "codigo": "658873.0", "data acervo": "22/07/2020", "uuid": "ff6ff50e-6c79-11eb-9931-17921167914b", "localizador": "none", "local coleta": "none", "armazenada": "Caeté", "local atual": "58GR38WM+X5", "sureg": "Salvador", "caixa": "6935", "tipo": "Alíquota", "lote": "2314/SA", "projeto": "4260", "coletor": "TF", "natureza": "L", "numero": "0512", "amostra": "4260-TF-L-0512", "labs_letra": "HEV", "labs_numero": "385", "labs_ident": "HEV385" } '),
(' { "codigo": "658874.0", "data acervo": "22/07/2020", "uuid": "ff70616a-6c79-11eb-9c2b-6f96fac53a60", "localizador": "none", "local coleta": "none", "armazenada": "Caeté", "local atual": "58GR38WM+X5", "sureg": "Salvador", "caixa": "6935", "tipo": "Alíquota", "lote": "2314/SA", "projeto": "4260", "coletor": "TF", "natureza": "L", "numero": "0513", "amostra": "4260-TF-L-0513", "labs_letra": "HEV", "labs_numero": "386", "labs_ident": "HEV386" } '),
(' { "codigo": "658875.0", "data acervo": "22/07/2020", "uuid": "ff70cd76-6c79-11eb-8d2e-635cd84c6c9b", "localizador": "none", "local coleta": "none", "armazenada": "Caeté", "local atual": "58GR38WM+X5", "sureg": "Salvador", "caixa": "6935", "tipo": "Alíquota", "lote": "2314/SA", "projeto": "4260", "coletor": "TF", "natureza": "L", "numero": "0514", "amostra": "4260-TF-L-0514", "labs_letra": "HEV", "labs_numero": "387", "labs_ident": "HEV387" } '),
(' { "codigo": "658876.0", "data acervo": "22/07/2020", "uuid": "ff713b6c-6c79-11eb-89e0-77a749aea10a", "localizador": "none", "local coleta": "none", "armazenada": "Caeté", "local atual": "58GR38WM+X5", "sureg": "Salvador", "caixa": "6935", "tipo": "Alíquota", "lote": "2314/SA", "projeto": "4260", "coletor": "TF", "natureza": "L", "numero": "0515", "amostra": "4260-TF-L-0515", "labs_letra": "HEV", "labs_numero": "388", "labs_ident": "HEV388" } '),
(' { "codigo": "658877.0", "data acervo": "22/07/2020", "uuid": "ff719eb8-6c79-11eb-b9db-0f087ddc0e51", "localizador": "none", "local coleta": "none", "armazenada": "Caeté", "local atual": "58GR38WM+X5", "sureg": "Salvador", "caixa": "6935", "tipo": "Alíquota", "lote": "2314/SA", "projeto": "4260", "coletor": "TF", "natureza": "L", "numero": "0516", "amostra": "4260-TF-L-0516", "labs_letra": "HEV", "labs_numero": "389", "labs_ident": "HEV389" } '),
(' { "codigo": "658878.0", "data acervo": "22/07/2020", "uuid": "ff720eb6-6c79-11eb-af48-cb927163d9e3", "localizador": "none", "local coleta": "none", "armazenada": "Caeté", "local atual": "58GR38WM+X5", "sureg": "Salvador", "caixa": "6935", "tipo": "Alíquota", "lote": "2314/SA", "projeto": "4260", "coletor": "TF", "natureza": "L", "numero": "0517", "amostra": "4260-TF-L-0517", "labs_letra": "HEV", "labs_numero": "390", "labs_ident": "HEV390" } '),
(' { "codigo": "658879.0", "data acervo": "22/07/2020", "uuid": "ff7271c6-6c79-11eb-9dd4-5f6ae5f22505", "localizador": "none", "local coleta": "none", "armazenada": "Caeté", "local atual": "58GR38WM+X5", "sureg": "Salvador", "caixa": "6935", "tipo": "Alíquota", "lote": "2314/SA", "projeto": "4260", "coletor": "TF", "natureza": "L", "numero": "0518", "amostra": "4260-TF-L-0518", "labs_letra": "HEV", "labs_numero": "391", "labs_ident": "HEV391" } '),
(' { "codigo": "658880.0", "data acervo": "22/07/2020", "uuid": "ff72d850-6c79-11eb-8501-e75328550add", "localizador": "none", "local coleta": "none", "armazenada": "Caeté", "local atual": "58GR38WM+X5", "sureg": "Salvador", "caixa": "6935", "tipo": "Alíquota", "lote": "2314/SA", "projeto": "4260", "coletor": "TF", "natureza": "L", "numero": "0519", "amostra": "4260-TF-L-0519", "labs_letra": "HEV", "labs_numero": "392", "labs_ident": "HEV392" } '),
(' { "codigo": "658881.0", "data acervo": "22/07/2020", "uuid": "ff7344fc-6c79-11eb-b102-f3fceaea5520", "localizador": "none", "local coleta": "none", "armazenada": "Caeté", "local atual": "58GR38WM+X5", "sureg": "Salvador", "caixa": "6935", "tipo": "Alíquota", "lote": "2314/SA", "projeto": "4260", "coletor": "TF", "natureza": "L", "numero": "0520", "amostra": "4260-TF-L-0520", "labs_letra": "HEV", "labs_numero": "393", "labs_ident": "HEV393" } '),
(' { "codigo": "658882.0", "data acervo": "22/07/2020", "uuid": "ff73aad2-6c79-11eb-b4af-270f6f530877", "localizador": "none", "local coleta": "none", "armazenada": "Caeté", "local atual": "58GR38WM+X5", "sureg": "Salvador", "caixa": "6935", "tipo": "Alíquota", "lote": "2314/SA", "projeto": "4260", "coletor": "TF", "natureza": "L", "numero": "0521", "amostra": "4260-TF-L-0521", "labs_letra": "HEV", "labs_numero": "394", "labs_ident": "HEV394" } '),
(' { "codigo": "658883.0", "data acervo": "22/07/2020", "uuid": "ff7409f0-6c79-11eb-bff0-b797c93a01de", "localizador": "none", "local coleta": "none", "armazenada": "Caeté", "local atual": "58GR38WM+X5", "sureg": "Salvador", "caixa": "6935", "tipo": "Alíquota", "lote": "2314/SA", "projeto": "4260", "coletor": "TF", "natureza": "L", "numero": "0522", "amostra": "4260-TF-L-0522", "labs_letra": "HEV", "labs_numero": "395", "labs_ident": "HEV395" } '),
(' { "codigo": "658884.0", "data acervo": "22/07/2020", "uuid": "ff74702a-6c79-11eb-af85-8f6816b8632c", "localizador": "none", "local coleta": "none", "armazenada": "Caeté", "local atual": "58GR38WM+X5", "sureg": "Salvador", "caixa": "6935", "tipo": "Alíquota", "lote": "2314/SA", "projeto": "4260", "coletor": "TF", "natureza": "L", "numero": "0523", "amostra": "4260-TF-L-0523", "labs_letra": "HEV", "labs_numero": "396", "labs_ident": "HEV396" } '),
(' { "codigo": "658885.0", "data acervo": "22/07/2020", "uuid": "ff74c976-6c79-11eb-8b57-57e9dece6d60", "localizador": "none", "local coleta": "none", "armazenada": "Caeté", "local atual": "58GR38WM+X5", "sureg": "Salvador", "caixa": "6935", "tipo": "Alíquota", "lote": "2314/SA", "projeto": "4260", "coletor": "TF", "natureza": "L", "numero": "0524", "amostra": "4260-TF-L-0524", "labs_letra": "HEV", "labs_numero": "397", "labs_ident": "HEV397" } '),
(' { "codigo": "658886.0", "data acervo": "22/07/2020", "uuid": "ff752f74-6c79-11eb-a4a9-6fbff871f605", "localizador": "none", "local coleta": "none", "armazenada": "Caeté", "local atual": "58GR38WM+X5", "sureg": "Salvador", "caixa": "6935", "tipo": "Alíquota", "lote": "2314/SA", "projeto": "4260", "coletor": "TF", "natureza": "L", "numero": "0525", "amostra": "4260-TF-L-0525", "labs_letra": "HEV", "labs_numero": "398", "labs_ident": "HEV398" } '),
(' { "codigo": "658887.0", "data acervo": "22/07/2020", "uuid": "ff75952c-6c79-11eb-9073-b3c662851848", "localizador": "none", "local coleta": "none", "armazenada": "Caeté", "local atual": "58GR38WM+X5", "sureg": "Salvador", "caixa": "6935", "tipo": "Alíquota", "lote": "2314/SA", "projeto": "4260", "coletor": "TF", "natureza": "L", "numero": "0526", "amostra": "4260-TF-L-0526", "labs_letra": "HEV", "labs_numero": "399", "labs_ident": "HEV399" } '),
(' { "codigo": "658888.0", "data acervo": "22/07/2020", "uuid": "ff75fb7a-6c79-11eb-8e12-979cff8faae1", "localizador": "none", "local coleta": "none", "armazenada": "Caeté", "local atual": "58GR38WM+X5", "sureg": "Salvador", "caixa": "6935", "tipo": "Alíquota", "lote": "2314/SA", "projeto": "4260", "coletor": "TF", "natureza": "L", "numero": "0527", "amostra": "4260-TF-L-0527", "labs_letra": "HEV", "labs_numero": "400", "labs_ident": "HEV400" } '),
(' { "codigo": "658889.0", "data acervo": "22/07/2020", "uuid": "ff7663c6-6c79-11eb-ba7b-1315168f5440", "localizador": "none", "local coleta": "none", "armazenada": "Caeté", "local atual": "58GR38WM+X5", "sureg": "Salvador", "caixa": "6935", "tipo": "Alíquota", "lote": "2314/SA", "projeto": "4260", "coletor": "TF", "natureza": "L", "numero": "0528", "amostra": "4260-TF-L-0528", "labs_letra": "HEV", "labs_numero": "401", "labs_ident": "HEV401" } '),
(' { "codigo": "658890.0", "data acervo": "22/07/2020", "uuid": "ff76ccd0-6c79-11eb-b228-335d1f6cc8ff", "localizador": "none", "local coleta": "none", "armazenada": "Caeté", "local atual": "58GR38WM+X5", "sureg": "Salvador", "caixa": "6935", "tipo": "Alíquota", "lote": "2314/SA", "projeto": "4260", "coletor": "TF", "natureza": "L", "numero": "0529", "amostra": "4260-TF-L-0529", "labs_letra": "HEV", "labs_numero": "402", "labs_ident": "HEV402" } '),
(' { "codigo": "658891.0", "data acervo": "22/07/2020", "uuid": "ff773c24-6c79-11eb-948b-af85784046ae", "localizador": "none", "local coleta": "none", "armazenada": "Caeté", "local atual": "58GR38WM+X5", "sureg": "Salvador", "caixa": "6935", "tipo": "Alíquota", "lote": "2318/SA", "projeto": "4260", "coletor": "NC", "natureza": "R", "numero": "0747", "amostra": "4260-NC-R-0747", "labs_letra": "HEV", "labs_numero": "448", "labs_ident": "HEV448" } '),
(' { "codigo": "658892.0", "data acervo": "22/07/2020", "uuid": "ff77958e-6c79-11eb-96fe-7749344f3c19", "localizador": "none", "local coleta": "none", "armazenada": "Caeté", "local atual": "58GR38WM+X5", "sureg": "Salvador", "caixa": "6935", "tipo": "Alíquota", "lote": "2318/SA", "projeto": "4260", "coletor": "NC", "natureza": "R", "numero": "0748", "amostra": "4260-NC-R-0748", "labs_letra": "HEV", "labs_numero": "449", "labs_ident": "HEV449" } '),
(' { "codigo": "658893.0", "data acervo": "22/07/2020", "uuid": "ff77ffc4-6c79-11eb-a61b-17e219c85680", "localizador": "none", "local coleta": "none", "armazenada": "Caeté", "local atual": "58GR38WM+X5", "sureg": "Salvador", "caixa": "6935", "tipo": "Alíquota", "lote": "2318/SA", "projeto": "4260", "coletor": "NC", "natureza": "R", "numero": "0749", "amostra": "4260-NC-R-0749", "labs_letra": "HEV", "labs_numero": "450", "labs_ident": "HEV450" } '),
(' { "codigo": "658894.0", "data acervo": "22/07/2020", "uuid": "ff7869aa-6c79-11eb-9cbe-23909bfd94ee", "localizador": "none", "local coleta": "none", "armazenada": "Caeté", "local atual": "58GR38WM+X5", "sureg": "Salvador", "caixa": "6935", "tipo": "Alíquota", "lote": "2318/SA", "projeto": "4260", "coletor": "NC", "natureza": "R", "numero": "0750", "opcional": "A", "amostra": "4260-NC-R-0750A", "labs_letra": "HEV", "labs_numero": "451", "labs_ident": "HEV451" } '),
(' { "codigo": "658895.0", "data acervo": "22/07/2020", "uuid": "ff78d2b4-6c79-11eb-9cff-2b22a1e583c1", "localizador": "none", "local coleta": "none", "armazenada": "Caeté", "local atual": "58GR38WM+X5", "sureg": "Salvador", "caixa": "6935", "tipo": "Alíquota", "lote": "2318/SA", "projeto": "4260", "coletor": "NC", "natureza": "R", "numero": "0751", "amostra": "4260-NC-R-0751", "labs_letra": "HEV", "labs_numero": "452", "labs_ident": "HEV452" } '),
(' { "codigo": "658896.0", "data acervo": "22/07/2020", "uuid": "ff79252a-6c79-11eb-94f3-4b4886e7b82f", "localizador": "none", "local coleta": "none", "armazenada": "Caeté", "local atual": "58GR38WM+X5", "sureg": "Salvador", "caixa": "6935", "tipo": "Alíquota", "lote": "2318/SA", "projeto": "4260", "coletor": "NC", "natureza": "R", "numero": "0752", "amostra": "4260-NC-R-0752", "labs_letra": "HEV", "labs_numero": "453", "labs_ident": "HEV453" } '),
(' { "codigo": "658897.0", "data acervo": "22/07/2020", "uuid": "ff798844-6c79-11eb-8638-831d691a10fc", "localizador": "none", "local coleta": "none", "armazenada": "Caeté", "local atual": "58GR38WM+X5", "sureg": "Salvador", "caixa": "6935", "tipo": "Alíquota", "lote": "2318/SA", "projeto": "4260", "coletor": "NC", "natureza": "R", "numero": "0753", "amostra": "4260-NC-R-0753", "labs_letra": "HEV", "labs_numero": "454", "labs_ident": "HEV454" } '),
(' { "codigo": "658898.0", "data acervo": "22/07/2020", "uuid": "ff79ea64-6c79-11eb-98ba-37f70976f6c7", "localizador": "none", "local coleta": "none", "armazenada": "Caeté", "local atual": "58GR38WM+X5", "sureg": "Salvador", "caixa": "6935", "tipo": "Alíquota", "lote": "2318/SA", "projeto": "4260", "coletor": "NC", "natureza": "R", "numero": "0770", "amostra": "4260-NC-R-0770", "labs_letra": "HEV", "labs_numero": "455", "labs_ident": "HEV455" } '),
(' { "codigo": "658899.0", "data acervo": "22/07/2020", "uuid": "ff7a490a-6c79-11eb-9d86-67818a084e61", "localizador": "none", "local coleta": "none", "armazenada": "Caeté", "local atual": "58GR38WM+X5", "sureg": "Salvador", "caixa": "6935", "tipo": "Alíquota", "lote": "2319/SA", "projeto": "4260", "coletor": "NC", "natureza": "R", "numero": "0754", "amostra": "4260-NC-R-0754", "labs_letra": "HEV", "labs_numero": "456", "labs_ident": "HEV456" } '),
(' { "codigo": "658900.0", "data acervo": "22/07/2020", "uuid": "ff7aaaee-6c79-11eb-8197-2330379990f7", "localizador": "none", "local coleta": "none", "armazenada": "Caeté", "local atual": "58GR38WM+X5", "sureg": "Salvador", "caixa": "6935", "tipo": "Alíquota", "lote": "2319/SA", "projeto": "4260", "coletor": "NC", "natureza": "R", "numero": "0755", "amostra": "4260-NC-R-0755", "labs_letra": "HEV", "labs_numero": "457", "labs_ident": "HEV457" } '),
(' { "codigo": "658901.0", "data acervo": "22/07/2020", "uuid": "ff7b0c50-6c79-11eb-b194-8f0ec372e93e", "localizador": "none", "local coleta": "none", "armazenada": "Caeté", "local atual": "58GR38WM+X5", "sureg": "Salvador", "caixa": "6935", "tipo": "Alíquota", "lote": "2319/SA", "projeto": "4260", "coletor": "NC", "natureza": "R", "numero": "0760", "amostra": "4260-NC-R-0760", "labs_letra": "HEV", "labs_numero": "458", "labs_ident": "HEV458" } '),
(' { "codigo": "658902.0", "data acervo": "22/07/2020", "uuid": "ff7b6cea-6c79-11eb-96b1-7b85420a42d0", "localizador": "none", "local coleta": "none", "armazenada": "Caeté", "local atual": "58GR38WM+X5", "sureg": "Salvador", "caixa": "6935", "tipo": "Alíquota", "lote": "2319/SA", "projeto": "4260", "coletor": "NC", "natureza": "R", "numero": "0763", "amostra": "4260-NC-R-0763", "labs_letra": "HEV", "labs_numero": "459", "labs_ident": "HEV459" } '),
(' { "codigo": "658903.0", "data acervo": "22/07/2020", "uuid": "ff7bca96-6c79-11eb-b72f-4b0f23652292", "localizador": "none", "local coleta": "none", "armazenada": "Caeté", "local atual": "58GR38WM+X5", "sureg": "Salvador", "caixa": "6935", "tipo": "Alíquota", "lote": "2319/SA", "projeto": "4260", "coletor": "NC", "natureza": "R", "numero": "0767", "amostra": "4260-NC-R-0767", "labs_letra": "HEV", "labs_numero": "460", "labs_ident": "HEV460" } '),
(' { "codigo": "658904.0", "data acervo": "22/07/2020", "uuid": "ff7c22a2-6c79-11eb-ae7f-9fe1faceaca6", "localizador": "none", "local coleta": "none", "armazenada": "Caeté", "local atual": "58GR38WM+X5", "sureg": "Salvador", "caixa": "6935", "tipo": "Alíquota", "lote": "2319/SA", "projeto": "4260", "coletor": "NC", "natureza": "R", "numero": "0768", "amostra": "4260-NC-R-0768", "labs_letra": "HEV", "labs_numero": "461", "labs_ident": "HEV461" } '),
(' { "codigo": "658905.0", "data acervo": "22/07/2020", "uuid": "ff7c890e-6c79-11eb-993e-13a6307d48a9", "localizador": "none", "local coleta": "none", "armazenada": "Caeté", "local atual": "58GR38WM+X5", "sureg": "Salvador", "caixa": "6935", "tipo": "Alíquota", "lote": "2320/SA", "projeto": "4260", "coletor": "NC", "natureza": "R", "numero": "0761", "amostra": "4260-NC-R-0761", "labs_letra": "HEV", "labs_numero": "462", "labs_ident": "HEV462" } '),
(' { "codigo": "658906.0", "data acervo": "22/07/2020", "uuid": "ff7ce8cc-6c79-11eb-b3b4-17c097db22b1", "localizador": "none", "local coleta": "none", "armazenada": "Caeté", "local atual": "58GR38WM+X5", "sureg": "Salvador", "caixa": "6935", "tipo": "Alíquota", "lote": "2320/SA", "projeto": "4260", "coletor": "NC", "natureza": "R", "numero": "0762", "amostra": "4260-NC-R-0762", "labs_letra": "HEV", "labs_numero": "463", "labs_ident": "HEV463" } '),
(' { "codigo": "658907.0", "data acervo": "22/07/2020", "uuid": "ff7d4740-6c79-11eb-ba55-c7db0c9af364", "localizador": "none", "local coleta": "none", "armazenada": "Caeté", "local atual": "58GR38WM+X5", "sureg": "Salvador", "caixa": "6936", "tipo": "Alíquota", "lote": "2320/SA", "projeto": "4260", "coletor": "NC", "natureza": "R", "numero": "0764", "amostra": "4260-NC-R-0764", "labs_letra": "HEV", "labs_numero": "464", "labs_ident": "HEV464" } '),
(' { "codigo": "658908.0", "data acervo": "22/07/2020", "uuid": "ff7dae10-6c79-11eb-9444-67f0d91b77f8", "localizador": "none", "local coleta": "none", "armazenada": "Caeté", "local atual": "58GR38WM+X5", "sureg": "Salvador", "caixa": "6936", "tipo": "Alíquota", "lote": "2320/SA", "projeto": "4260", "coletor": "NC", "natureza": "R", "numero": "0765", "amostra": "4260-NC-R-0765", "labs_letra": "HEV", "labs_numero": "465", "labs_ident": "HEV465" } '),
(' { "codigo": "658909.0", "data acervo": "22/07/2020", "uuid": "ff7e10da-6c79-11eb-b793-1f350cb34cf7", "localizador": "none", "local coleta": "none", "armazenada": "Caeté", "local atual": "58GR38WM+X5", "sureg": "Salvador", "caixa": "6936", "tipo": "Alíquota", "lote": "2320/SA", "projeto": "4260", "coletor": "NC", "natureza": "R", "numero": "0766", "amostra": "4260-NC-R-0766", "labs_letra": "HEV", "labs_numero": "466", "labs_ident": "HEV466" } '),
