(' { "codigo": "124711.0", "data acervo": "22/07/2020", "uuid": "d1ac3608-6c76-11eb-ac18-7f1989fac009", "localizador": "none", "local coleta": "none", "armazenada": "Manaus", "local atual": "6882W223+2X", "sureg": "Manaus", "projeto": "4382", "coletor": "EA", "natureza": "B", "numero": "0001", "amostra": "4382-EA-B-0001" } '),
(' { "codigo": "124712.0", "data acervo": "22/07/2020", "uuid": "d1ac9314-6c76-11eb-98e2-072afd22503f", "localizador": "none", "local coleta": "none", "armazenada": "Manaus", "local atual": "6882W223+2X", "sureg": "Manaus", "projeto": "4382", "coletor": "EA", "natureza": "B", "numero": "0002", "amostra": "4382-EA-B-0002", "labs_letra": "ECB", "labs_numero": "260", "labs_ident": "ECB260" } '),
(' { "codigo": "124713.0", "data acervo": "22/07/2020", "uuid": "d1acf5d4-6c76-11eb-9634-43b0d1962a72", "localizador": "none", "local coleta": "none", "armazenada": "Manaus", "local atual": "6882W223+2X", "sureg": "Manaus", "projeto": "4382", "coletor": "EA", "natureza": "B", "numero": "0003", "amostra": "4382-EA-B-0003", "labs_letra": "ECB", "labs_numero": "261", "labs_ident": "ECB261" } '),
(' { "codigo": "124714.0", "data acervo": "22/07/2020", "uuid": "d1ad6028-6c76-11eb-a18a-bf25da3d6c3f", "localizador": "none", "local coleta": "none", "armazenada": "Manaus", "local atual": "6882W223+2X", "sureg": "Manaus", "projeto": "4382", "coletor": "EA", "natureza": "B", "numero": "0004", "amostra": "4382-EA-B-0004", "labs_letra": "ECB", "labs_numero": "262", "labs_ident": "ECB262" } '),
(' { "codigo": "124715.0", "data acervo": "22/07/2020", "uuid": "d1adc69e-6c76-11eb-8807-a70f76f2a121", "localizador": "none", "local coleta": "none", "armazenada": "Manaus", "local atual": "6882W223+2X", "sureg": "Manaus", "projeto": "4382", "coletor": "EA", "natureza": "B", "numero": "0005", "amostra": "4382-EA-B-0005", "labs_letra": "ECB", "labs_numero": "263", "labs_ident": "ECB263" } '),
(' { "codigo": "124716.0", "data acervo": "22/07/2020", "uuid": "d1ae3020-6c76-11eb-b408-7380b0c2490e", "localizador": "none", "local coleta": "none", "armazenada": "Manaus", "local atual": "6882W223+2X", "sureg": "Manaus", "projeto": "4382", "coletor": "EA", "natureza": "B", "numero": "0006", "amostra": "4382-EA-B-0006", "labs_letra": "ECB", "labs_numero": "264", "labs_ident": "ECB264" } '),
(' { "codigo": "124717.0", "data acervo": "22/07/2020", "uuid": "d1ae910a-6c76-11eb-b9d7-d796df1750a7", "localizador": "none", "local coleta": "none", "armazenada": "Manaus", "local atual": "6882W223+2X", "sureg": "Manaus", "projeto": "4382", "coletor": "EA", "natureza": "B", "numero": "0007", "amostra": "4382-EA-B-0007", "labs_letra": "ECB", "labs_numero": "265", "labs_ident": "ECB265" } '),
(' { "codigo": "124718.0", "data acervo": "22/07/2020", "uuid": "d1aeefa6-6c76-11eb-8a6b-676be580bf17", "localizador": "none", "local coleta": "none", "armazenada": "Manaus", "local atual": "6882W223+2X", "sureg": "Manaus", "projeto": "4382", "coletor": "EA", "natureza": "B", "numero": "0008", "amostra": "4382-EA-B-0008", "labs_letra": "ECB", "labs_numero": "266", "labs_ident": "ECB266" } '),
(' { "codigo": "124719.0", "data acervo": "22/07/2020", "uuid": "d1af47b2-6c76-11eb-ae05-2389a09fbdbc", "localizador": "none", "local coleta": "none", "armazenada": "Manaus", "local atual": "6882W223+2X", "sureg": "Manaus", "projeto": "4382", "coletor": "EA", "natureza": "B", "numero": "0009", "amostra": "4382-EA-B-0009", "labs_letra": "ECB", "labs_numero": "267", "labs_ident": "ECB267" } '),
(' { "codigo": "124720.0", "data acervo": "22/07/2020", "uuid": "d1afad7e-6c76-11eb-ada0-bf76b9a32b71", "localizador": "none", "local coleta": "none", "armazenada": "Manaus", "local atual": "6882W223+2X", "sureg": "Manaus", "projeto": "4382", "coletor": "EA", "natureza": "B", "numero": "0010", "amostra": "4382-EA-B-0010", "labs_letra": "ECB", "labs_numero": "268", "labs_ident": "ECB268" } '),
(' { "codigo": "124721.0", "data acervo": "22/07/2020", "uuid": "d1b010b6-6c76-11eb-8896-8b8c32956983", "localizador": "none", "local coleta": "none", "armazenada": "Manaus", "local atual": "6882W223+2X", "sureg": "Manaus", "projeto": "4382", "coletor": "EA", "natureza": "B", "numero": "0010", "opcional": "D", "amostra": "4382-EA-B-0010D", "labs_letra": "ECB", "labs_numero": "269", "labs_ident": "ECB269" } '),
(' { "codigo": "124722.0", "data acervo": "22/07/2020", "uuid": "d1b07ca4-6c76-11eb-904e-cf33d9dab0ae", "localizador": "none", "local coleta": "none", "armazenada": "Manaus", "local atual": "6882W223+2X", "sureg": "Manaus", "projeto": "4382", "coletor": "EA", "natureza": "B", "numero": "0011", "amostra": "4382-EA-B-0011", "labs_letra": "ECB", "labs_numero": "270", "labs_ident": "ECB270" } '),
(' { "codigo": "124723.0", "data acervo": "22/07/2020", "uuid": "d1b0dd2a-6c76-11eb-8a63-ef022fcb8948", "localizador": "none", "local coleta": "none", "armazenada": "Manaus", "local atual": "6882W223+2X", "sureg": "Manaus", "projeto": "4382", "coletor": "EA", "natureza": "B", "numero": "0012", "amostra": "4382-EA-B-0012", "labs_letra": "ECB", "labs_numero": "271", "labs_ident": "ECB271" } '),
(' { "codigo": "124724.0", "data acervo": "22/07/2020", "uuid": "d1b14238-6c76-11eb-bced-e71aa5ca0369", "localizador": "none", "local coleta": "none", "armazenada": "Manaus", "local atual": "6882W223+2X", "sureg": "Manaus", "projeto": "4382", "coletor": "EA", "natureza": "B", "numero": "0013", "amostra": "4382-EA-B-0013", "labs_letra": "ECB", "labs_numero": "272", "labs_ident": "ECB272" } '),
(' { "codigo": "124725.0", "data acervo": "22/07/2020", "uuid": "d1b1ae80-6c76-11eb-8e74-53c58378233b", "localizador": "none", "local coleta": "none", "armazenada": "Manaus", "local atual": "6882W223+2X", "sureg": "Manaus", "projeto": "4382", "coletor": "EA", "natureza": "B", "numero": "0014", "amostra": "4382-EA-B-0014", "labs_letra": "ECB", "labs_numero": "273", "labs_ident": "ECB273" } '),
(' { "codigo": "124726.0", "data acervo": "22/07/2020", "uuid": "d1b21582-6c76-11eb-9ec1-c31d7d88cf51", "localizador": "none", "local coleta": "none", "armazenada": "Manaus", "local atual": "6882W223+2X", "sureg": "Manaus", "projeto": "4382", "coletor": "EA", "natureza": "B", "numero": "0015", "amostra": "4382-EA-B-0015", "labs_letra": "ECB", "labs_numero": "274", "labs_ident": "ECB274" } '),
(' { "codigo": "124727.0", "data acervo": "22/07/2020", "uuid": "d1b2822e-6c76-11eb-b4b3-032e53127643", "localizador": "none", "local coleta": "none", "armazenada": "Manaus", "local atual": "6882W223+2X", "sureg": "Manaus", "projeto": "4382", "coletor": "EA", "natureza": "B", "numero": "0016", "amostra": "4382-EA-B-0016", "labs_letra": "ECB", "labs_numero": "275", "labs_ident": "ECB275" } '),
(' { "codigo": "124728.0", "data acervo": "22/07/2020", "uuid": "d1b2e5f2-6c76-11eb-8c6e-4f111334c2c1", "localizador": "none", "local coleta": "none", "armazenada": "Manaus", "local atual": "6882W223+2X", "sureg": "Manaus", "projeto": "4382", "coletor": "EA", "natureza": "B", "numero": "0017", "amostra": "4382-EA-B-0017", "labs_letra": "ECB", "labs_numero": "276", "labs_ident": "ECB276" } '),
(' { "codigo": "124729.0", "data acervo": "22/07/2020", "uuid": "d1b350fa-6c76-11eb-9914-ff42eecacb00", "localizador": "none", "local coleta": "none", "armazenada": "Manaus", "local atual": "6882W223+2X", "sureg": "Manaus", "projeto": "4382", "coletor": "EA", "natureza": "B", "numero": "0018", "amostra": "4382-EA-B-0018", "labs_letra": "ECB", "labs_numero": "277", "labs_ident": "ECB277" } '),
(' { "codigo": "124730.0", "data acervo": "22/07/2020", "uuid": "d1b3b5b8-6c76-11eb-a215-67bba47dbf1b", "localizador": "none", "local coleta": "none", "armazenada": "Manaus", "local atual": "6882W223+2X", "sureg": "Manaus", "projeto": "4382", "coletor": "EA", "natureza": "B", "numero": "0019", "amostra": "4382-EA-B-0019", "labs_letra": "ECB", "labs_numero": "278", "labs_ident": "ECB278" } '),
(' { "codigo": "124731.0", "data acervo": "22/07/2020", "uuid": "d1b4214c-6c76-11eb-86bc-6fedad61fabb", "localizador": "none", "local coleta": "none", "armazenada": "Manaus", "local atual": "6882W223+2X", "sureg": "Manaus", "projeto": "4382", "coletor": "EA", "natureza": "B", "numero": "0020", "amostra": "4382-EA-B-0020", "labs_letra": "ECB", "labs_numero": "279", "labs_ident": "ECB279" } '),
(' { "codigo": "124732.0", "data acervo": "22/07/2020", "uuid": "d1b48d8a-6c76-11eb-9318-23a43c058f21", "localizador": "none", "local coleta": "none", "armazenada": "Manaus", "local atual": "6882W223+2X", "sureg": "Manaus", "projeto": "4382", "coletor": "EA", "natureza": "B", "numero": "0021", "amostra": "4382-EA-B-0021", "labs_letra": "ECB", "labs_numero": "280", "labs_ident": "ECB280" } '),
(' { "codigo": "124733.0", "data acervo": "22/07/2020", "uuid": "d1b4f978-6c76-11eb-a428-533d6be7d50b", "localizador": "none", "local coleta": "none", "armazenada": "Manaus", "local atual": "6882W223+2X", "sureg": "Manaus", "projeto": "4382", "coletor": "EA", "natureza": "B", "numero": "0022", "amostra": "4382-EA-B-0022", "labs_letra": "ECB", "labs_numero": "281", "labs_ident": "ECB281" } '),
(' { "codigo": "124734.0", "data acervo": "22/07/2020", "uuid": "d1b564c6-6c76-11eb-803c-bb854fabf10e", "localizador": "none", "local coleta": "none", "armazenada": "Manaus", "local atual": "6882W223+2X", "sureg": "Manaus", "projeto": "4382", "coletor": "EA", "natureza": "B", "numero": "0023", "amostra": "4382-EA-B-0023", "labs_letra": "ECB", "labs_numero": "282", "labs_ident": "ECB282" } '),
(' { "codigo": "124735.0", "data acervo": "22/07/2020", "uuid": "d1b5d014-6c76-11eb-9f80-6bdcd6f77963", "localizador": "none", "local coleta": "none", "armazenada": "Manaus", "local atual": "6882W223+2X", "sureg": "Manaus", "projeto": "4382", "coletor": "EA", "natureza": "B", "numero": "0024", "amostra": "4382-EA-B-0024", "labs_letra": "ECB", "labs_numero": "283", "labs_ident": "ECB283" } '),
(' { "codigo": "124736.0", "data acervo": "22/07/2020", "uuid": "d1b6391e-6c76-11eb-ab7e-638e16ae18f7", "localizador": "none", "local coleta": "none", "armazenada": "Manaus", "local atual": "6882W223+2X", "sureg": "Manaus", "projeto": "4382", "coletor": "EA", "natureza": "B", "numero": "0025", "amostra": "4382-EA-B-0025", "labs_letra": "ECB", "labs_numero": "284", "labs_ident": "ECB284" } '),
(' { "codigo": "124737.0", "data acervo": "22/07/2020", "uuid": "d1b6a9e4-6c76-11eb-9fa9-4f0cf2441d13", "localizador": "none", "local coleta": "none", "armazenada": "Manaus", "local atual": "6882W223+2X", "sureg": "Manaus", "projeto": "4382", "coletor": "EA", "natureza": "B", "numero": "0026", "amostra": "4382-EA-B-0026", "labs_letra": "ECB", "labs_numero": "285", "labs_ident": "ECB285" } '),
(' { "codigo": "124738.0", "data acervo": "22/07/2020", "uuid": "d1b7156e-6c76-11eb-acc0-0be9e0bd52ff", "localizador": "none", "local coleta": "none", "armazenada": "Manaus", "local atual": "6882W223+2X", "sureg": "Manaus", "projeto": "4382", "coletor": "EA", "natureza": "B", "numero": "0027", "amostra": "4382-EA-B-0027", "labs_letra": "ECB", "labs_numero": "286", "labs_ident": "ECB286" } '),
(' { "codigo": "124739.0", "data acervo": "22/07/2020", "uuid": "d1b77bda-6c76-11eb-a2d6-07ebd90bd91a", "localizador": "none", "local coleta": "none", "armazenada": "Manaus", "local atual": "6882W223+2X", "sureg": "Manaus", "projeto": "4382", "coletor": "EA", "natureza": "B", "numero": "0028", "amostra": "4382-EA-B-0028", "labs_letra": "ECB", "labs_numero": "287", "labs_ident": "ECB287" } '),
(' { "codigo": "124740.0", "data acervo": "22/07/2020", "uuid": "d1b7dda0-6c76-11eb-8079-3f0f5dc15df8", "localizador": "none", "local coleta": "none", "armazenada": "Manaus", "local atual": "6882W223+2X", "sureg": "Manaus", "projeto": "4382", "coletor": "EA", "natureza": "B", "numero": "0029", "amostra": "4382-EA-B-0029", "labs_letra": "ECB", "labs_numero": "288", "labs_ident": "ECB288" } '),
(' { "codigo": "124741.0", "data acervo": "22/07/2020", "uuid": "d1b83d5e-6c76-11eb-a4aa-4bb7482a1420", "localizador": "none", "local coleta": "none", "armazenada": "Manaus", "local atual": "6882W223+2X", "sureg": "Manaus", "projeto": "4382", "coletor": "EA", "natureza": "B", "numero": "0030", "amostra": "4382-EA-B-0030", "labs_letra": "ECB", "labs_numero": "994", "labs_ident": "ECB994" } '),
(' { "codigo": "124742.0", "data acervo": "22/07/2020", "uuid": "d1b8a03c-6c76-11eb-880b-cb2e972c6f1f", "localizador": "none", "local coleta": "none", "armazenada": "Manaus", "local atual": "6882W223+2X", "sureg": "Manaus", "projeto": "4382", "coletor": "EA", "natureza": "B", "numero": "0031", "amostra": "4382-EA-B-0031", "labs_letra": "ECB", "labs_numero": "995", "labs_ident": "ECB995" } '),
(' { "codigo": "124743.0", "data acervo": "22/07/2020", "uuid": "d1b907c0-6c76-11eb-9ff0-c3badaca4839", "localizador": "none", "local coleta": "none", "armazenada": "Manaus", "local atual": "6882W223+2X", "sureg": "Manaus", "projeto": "4382", "coletor": "EA", "natureza": "B", "numero": "0032", "amostra": "4382-EA-B-0032", "labs_letra": "ECB", "labs_numero": "996", "labs_ident": "ECB996" } '),
(' { "codigo": "124744.0", "data acervo": "22/07/2020", "uuid": "d1b96bca-6c76-11eb-9100-1b8629845eed", "localizador": "none", "local coleta": "none", "armazenada": "Manaus", "local atual": "6882W223+2X", "sureg": "Manaus", "projeto": "4382", "coletor": "EA", "natureza": "B", "numero": "0033", "amostra": "4382-EA-B-0033", "labs_letra": "ECB", "labs_numero": "997", "labs_ident": "ECB997" } '),
(' { "codigo": "124745.0", "data acervo": "22/07/2020", "uuid": "d1b9d02e-6c76-11eb-a9f0-37538cdbddbb", "localizador": "none", "local coleta": "none", "armazenada": "Manaus", "local atual": "6882W223+2X", "sureg": "Manaus", "projeto": "4382", "coletor": "EA", "natureza": "B", "numero": "0034", "amostra": "4382-EA-B-0034", "labs_letra": "ECB", "labs_numero": "998", "labs_ident": "ECB998" } '),
(' { "codigo": "124746.0", "data acervo": "22/07/2020", "uuid": "d1ba364a-6c76-11eb-8a67-f7f1007954b0", "localizador": "none", "local coleta": "none", "armazenada": "Manaus", "local atual": "6882W223+2X", "sureg": "Manaus", "projeto": "4382", "coletor": "EA", "natureza": "B", "numero": "0035", "amostra": "4382-EA-B-0035", "labs_letra": "ECB", "labs_numero": "999", "labs_ident": "ECB999" } '),
(' { "codigo": "124747.0", "data acervo": "22/07/2020", "uuid": "d1ba8f8c-6c76-11eb-ba22-e3be8cf21e25", "localizador": "none", "local coleta": "none", "armazenada": "Manaus", "local atual": "6882W223+2X", "sureg": "Manaus", "projeto": "4382", "coletor": "EA", "natureza": "B", "numero": "0036", "amostra": "4382-EA-B-0036", "labs_letra": "ECC", "labs_numero": "001", "labs_ident": "ECC001" } '),
(' { "codigo": "124748.0", "data acervo": "22/07/2020", "uuid": "d1bae82e-6c76-11eb-81fb-63477c54a88c", "localizador": "none", "local coleta": "none", "armazenada": "Manaus", "local atual": "6882W223+2X", "sureg": "Manaus", "projeto": "4382", "coletor": "EA", "natureza": "B", "numero": "0037", "amostra": "4382-EA-B-0037", "labs_letra": "ECC", "labs_numero": "002", "labs_ident": "ECC002" } '),
(' { "codigo": "124749.0", "data acervo": "22/07/2020", "uuid": "d1bb4aee-6c76-11eb-bd46-9fe60d431d5e", "localizador": "none", "local coleta": "none", "armazenada": "Manaus", "local atual": "6882W223+2X", "sureg": "Manaus", "projeto": "4382", "coletor": "EA", "natureza": "B", "numero": "0038", "amostra": "4382-EA-B-0038", "labs_letra": "ECC", "labs_numero": "003", "labs_ident": "ECC003" } '),
(' { "codigo": "124750.0", "data acervo": "22/07/2020", "uuid": "d1bbab6a-6c76-11eb-bce2-efbc1d905c26", "localizador": "none", "local coleta": "none", "armazenada": "Manaus", "local atual": "6882W223+2X", "sureg": "Manaus", "projeto": "4382", "coletor": "EA", "natureza": "B", "numero": "0039", "amostra": "4382-EA-B-0039", "labs_letra": "ECC", "labs_numero": "004", "labs_ident": "ECC004" } '),
(' { "codigo": "124751.0", "data acervo": "22/07/2020", "uuid": "d1bc16b8-6c76-11eb-9363-d338c7d22dab", "localizador": "none", "local coleta": "none", "armazenada": "Manaus", "local atual": "6882W223+2X", "sureg": "Manaus", "projeto": "4382", "coletor": "EA", "natureza": "B", "numero": "0040", "amostra": "4382-EA-B-0040", "labs_letra": "ECC", "labs_numero": "005", "labs_ident": "ECC005" } '),
(' { "codigo": "124752.0", "data acervo": "22/07/2020", "uuid": "d1bc7504-6c76-11eb-b560-67b6f3384c80", "localizador": "none", "local coleta": "none", "armazenada": "Manaus", "local atual": "6882W223+2X", "sureg": "Manaus", "projeto": "4382", "coletor": "EA", "natureza": "B", "numero": "0041", "amostra": "4382-EA-B-0041", "labs_letra": "ECC", "labs_numero": "006", "labs_ident": "ECC006" } '),
(' { "codigo": "124753.0", "data acervo": "22/07/2020", "uuid": "d1bcd6d4-6c76-11eb-a217-b71dc8e8fa5c", "localizador": "none", "local coleta": "none", "armazenada": "Manaus", "local atual": "6882W223+2X", "sureg": "Manaus", "projeto": "4382", "coletor": "EA", "natureza": "B", "numero": "0042", "amostra": "4382-EA-B-0042", "labs_letra": "ECC", "labs_numero": "007", "labs_ident": "ECC007" } '),
(' { "codigo": "124754.0", "data acervo": "22/07/2020", "uuid": "d1bd4060-6c76-11eb-bb2b-571162cbed07", "localizador": "none", "local coleta": "none", "armazenada": "Manaus", "local atual": "6882W223+2X", "sureg": "Manaus", "projeto": "4382", "coletor": "EA", "natureza": "B", "numero": "0043", "amostra": "4382-EA-B-0043", "labs_letra": "ECC", "labs_numero": "008", "labs_ident": "ECC008" } '),
(' { "codigo": "124755.0", "data acervo": "22/07/2020", "uuid": "d1bda686-6c76-11eb-8c07-a7369ad6e5b1", "localizador": "none", "local coleta": "none", "armazenada": "Manaus", "local atual": "6882W223+2X", "sureg": "Manaus", "projeto": "4382", "coletor": "EA", "natureza": "B", "numero": "0044", "amostra": "4382-EA-B-0044", "labs_letra": "ECC", "labs_numero": "009", "labs_ident": "ECC009" } '),
(' { "codigo": "124756.0", "data acervo": "22/07/2020", "uuid": "d1be0eaa-6c76-11eb-8128-172446676cee", "localizador": "none", "local coleta": "none", "armazenada": "Manaus", "local atual": "6882W223+2X", "sureg": "Manaus", "projeto": "4382", "coletor": "EA", "natureza": "B", "numero": "0046", "amostra": "4382-EA-B-0046", "labs_letra": "ECC", "labs_numero": "010", "labs_ident": "ECC010" } '),
(' { "codigo": "124757.0", "data acervo": "22/07/2020", "uuid": "d1be74f8-6c76-11eb-b020-1b855cf70766", "localizador": "none", "local coleta": "none", "armazenada": "Manaus", "local atual": "6882W223+2X", "sureg": "Manaus", "projeto": "4382", "coletor": "EA", "natureza": "B", "numero": "0047", "amostra": "4382-EA-B-0047", "labs_letra": "ECC", "labs_numero": "011", "labs_ident": "ECC011" } '),
(' { "codigo": "124758.0", "data acervo": "22/07/2020", "uuid": "d1bede2a-6c76-11eb-8f66-ef72ed0d9768", "localizador": "none", "local coleta": "none", "armazenada": "Manaus", "local atual": "6882W223+2X", "sureg": "Manaus", "projeto": "4382", "coletor": "EA", "natureza": "B", "numero": "0048", "amostra": "4382-EA-B-0048", "labs_letra": "ECC", "labs_numero": "012", "labs_ident": "ECC012" } '),
(' { "codigo": "124759.0", "data acervo": "22/07/2020", "uuid": "d1bf3a28-6c76-11eb-bd4b-c76471e9666e", "localizador": "none", "local coleta": "none", "armazenada": "Manaus", "local atual": "6882W223+2X", "sureg": "Manaus", "projeto": "4382", "coletor": "EA", "natureza": "B", "numero": "0049", "amostra": "4382-EA-B-0049", "labs_letra": "ECC", "labs_numero": "013", "labs_ident": "ECC013" } '),
(' { "codigo": "124760.0", "data acervo": "22/07/2020", "uuid": "d1bf9e50-6c76-11eb-9131-7f14011c3c6e", "localizador": "none", "local coleta": "none", "armazenada": "Manaus", "local atual": "6882W223+2X", "sureg": "Manaus", "projeto": "4382", "coletor": "EA", "natureza": "B", "numero": "0050", "amostra": "4382-EA-B-0050", "labs_letra": "ECC", "labs_numero": "014", "labs_ident": "ECC014" } '),
(' { "codigo": "124761.0", "data acervo": "22/07/2020", "uuid": "d1c00688-6c76-11eb-83ef-f3fe7a67a1fe", "localizador": "none", "local coleta": "none", "armazenada": "Manaus", "local atual": "6882W223+2X", "sureg": "Manaus", "projeto": "4382", "coletor": "EA", "natureza": "B", "numero": "0051", "amostra": "4382-EA-B-0051", "labs_letra": "ECC", "labs_numero": "015", "labs_ident": "ECC015" } '),
(' { "codigo": "124762.0", "data acervo": "22/07/2020", "uuid": "d1c0695c-6c76-11eb-918a-7b3e0e59bd83", "localizador": "none", "local coleta": "none", "armazenada": "Manaus", "local atual": "6882W223+2X", "sureg": "Manaus", "projeto": "4382", "coletor": "EA", "natureza": "B", "numero": "0052", "amostra": "4382-EA-B-0052", "labs_letra": "ECC", "labs_numero": "016", "labs_ident": "ECC016" } '),
(' { "codigo": "124763.0", "data acervo": "22/07/2020", "uuid": "d1c0c046-6c76-11eb-ba71-d7c371f0714b", "localizador": "none", "local coleta": "none", "armazenada": "Manaus", "local atual": "6882W223+2X", "sureg": "Manaus", "projeto": "4382", "coletor": "EA", "natureza": "B", "numero": "0053", "amostra": "4382-EA-B-0053", "labs_letra": "ECC", "labs_numero": "017", "labs_ident": "ECC017" } '),
(' { "codigo": "124764.0", "data acervo": "22/07/2020", "uuid": "d1c123e2-6c76-11eb-b4bf-6b9669e6e44f", "localizador": "none", "local coleta": "none", "armazenada": "Manaus", "local atual": "6882W223+2X", "sureg": "Manaus", "projeto": "4382", "coletor": "EA", "natureza": "B", "numero": "0054", "amostra": "4382-EA-B-0054", "labs_letra": "ECC", "labs_numero": "018", "labs_ident": "ECC018" } '),
(' { "codigo": "124765.0", "data acervo": "22/07/2020", "uuid": "d1c1831e-6c76-11eb-acc6-bb42dca39fe3", "localizador": "none", "local coleta": "none", "armazenada": "Manaus", "local atual": "6882W223+2X", "sureg": "Manaus", "projeto": "4382", "coletor": "EA", "natureza": "B", "numero": "0055", "amostra": "4382-EA-B-0055", "labs_letra": "ECC", "labs_numero": "019", "labs_ident": "ECC019" } '),
(' { "codigo": "124766.0", "data acervo": "22/07/2020", "uuid": "d1c1e778-6c76-11eb-82b0-7fc3b4af1c88", "localizador": "none", "local coleta": "none", "armazenada": "Manaus", "local atual": "6882W223+2X", "sureg": "Manaus", "projeto": "4382", "coletor": "EA", "natureza": "B", "numero": "0056", "amostra": "4382-EA-B-0056", "labs_letra": "ECC", "labs_numero": "020", "labs_ident": "ECC020" } '),
(' { "codigo": "124767.0", "data acervo": "22/07/2020", "uuid": "d1c247c2-6c76-11eb-9292-d722d7784132", "localizador": "none", "local coleta": "none", "armazenada": "Manaus", "local atual": "6882W223+2X", "sureg": "Manaus", "projeto": "4382", "coletor": "EA", "natureza": "B", "numero": "0057", "amostra": "4382-EA-B-0057", "labs_letra": "ECC", "labs_numero": "021", "labs_ident": "ECC021" } '),
(' { "codigo": "124768.0", "data acervo": "22/07/2020", "uuid": "d1c2b176-6c76-11eb-be60-1754ac4e6cdc", "localizador": "none", "local coleta": "none", "armazenada": "Manaus", "local atual": "6882W223+2X", "sureg": "Manaus", "projeto": "4382", "coletor": "EA", "natureza": "B", "numero": "0059", "amostra": "4382-EA-B-0059", "labs_letra": "ECC", "labs_numero": "022", "labs_ident": "ECC022" } '),
(' { "codigo": "124769.0", "data acervo": "22/07/2020", "uuid": "d1c30996-6c76-11eb-b8b2-3f6dc0e6b796", "localizador": "none", "local coleta": "none", "armazenada": "Manaus", "local atual": "6882W223+2X", "sureg": "Manaus", "projeto": "4382", "coletor": "EA", "natureza": "B", "numero": "0060", "amostra": "4382-EA-B-0060", "labs_letra": "ECC", "labs_numero": "023", "labs_ident": "ECC023" } '),
(' { "codigo": "124770.0", "data acervo": "22/07/2020", "uuid": "d1c361ca-6c76-11eb-ab7a-177137ff388d", "localizador": "none", "local coleta": "none", "armazenada": "Manaus", "local atual": "6882W223+2X", "sureg": "Manaus", "projeto": "4382", "coletor": "EA", "natureza": "B", "numero": "0061", "amostra": "4382-EA-B-0061", "labs_letra": "ECC", "labs_numero": "024", "labs_ident": "ECC024" } '),
(' { "codigo": "124771.0", "data acervo": "22/07/2020", "uuid": "d1c3b710-6c76-11eb-ac2c-23182e9e46dc", "localizador": "none", "local coleta": "none", "armazenada": "Manaus", "local atual": "6882W223+2X", "sureg": "Manaus", "projeto": "4382", "coletor": "EA", "natureza": "B", "numero": "0062", "amostra": "4382-EA-B-0062", "labs_letra": "ECC", "labs_numero": "025", "labs_ident": "ECC025" } '),
(' { "codigo": "124772.0", "data acervo": "22/07/2020", "uuid": "d1c4178c-6c76-11eb-a3c7-bf3b98c9e880", "localizador": "none", "local coleta": "none", "armazenada": "Manaus", "local atual": "6882W223+2X", "sureg": "Manaus", "projeto": "4382", "coletor": "EA", "natureza": "B", "numero": "0063", "amostra": "4382-EA-B-0063", "labs_letra": "ECC", "labs_numero": "026", "labs_ident": "ECC026" } '),
(' { "codigo": "124773.0", "data acervo": "22/07/2020", "uuid": "d1c479f2-6c76-11eb-a65d-738f239a1595", "localizador": "none", "local coleta": "none", "armazenada": "Manaus", "local atual": "6882W223+2X", "sureg": "Manaus", "projeto": "4382", "coletor": "EA", "natureza": "B", "numero": "0064", "amostra": "4382-EA-B-0064", "labs_letra": "ECC", "labs_numero": "027", "labs_ident": "ECC027" } '),
(' { "codigo": "124774.0", "data acervo": "22/07/2020", "uuid": "d1c4e14e-6c76-11eb-8a70-4b18edd33b65", "localizador": "none", "local coleta": "none", "armazenada": "Manaus", "local atual": "6882W223+2X", "sureg": "Manaus", "projeto": "4382", "coletor": "EA", "natureza": "B", "numero": "0065", "amostra": "4382-EA-B-0065", "labs_letra": "ECC", "labs_numero": "028", "labs_ident": "ECC028" } '),
(' { "codigo": "124775.0", "data acervo": "22/07/2020", "uuid": "d1c546e8-6c76-11eb-9880-d351853964e8", "localizador": "none", "local coleta": "none", "armazenada": "Manaus", "local atual": "6882W223+2X", "sureg": "Manaus", "projeto": "4382", "coletor": "EA", "natureza": "B", "numero": "0066", "amostra": "4382-EA-B-0066", "labs_letra": "ECC", "labs_numero": "029", "labs_ident": "ECC029" } '),
(' { "codigo": "124776.0", "data acervo": "22/07/2020", "uuid": "d1c5ad7c-6c76-11eb-890e-db174ed8d7e3", "localizador": "none", "local coleta": "none", "armazenada": "Manaus", "local atual": "6882W223+2X", "sureg": "Manaus", "projeto": "4382", "coletor": "EA", "natureza": "B", "numero": "0067", "amostra": "4382-EA-B-0067", "labs_letra": "ECC", "labs_numero": "030", "labs_ident": "ECC030" } '),
(' { "codigo": "124896.0", "data acervo": "22/07/2020", "uuid": "d1f4d9d0-6c76-11eb-9c24-5b6f2b065fe4", "localizador": "none", "local coleta": "none", "armazenada": "Manaus", "local atual": "6882W223+2X", "sureg": "Manaus", "projeto": "4382", "coletor": "HG", "natureza": "B", "numero": "0001", "amostra": "4382-HG-B-0001", "granulometria": "2" } '),
(' { "codigo": "124897.0", "data acervo": "22/07/2020", "uuid": "d1f5401e-6c76-11eb-8493-73204e736420", "localizador": "none", "local coleta": "none", "armazenada": "Manaus", "local atual": "6882W223+2X", "sureg": "Manaus", "projeto": "4382", "coletor": "HG", "natureza": "B", "numero": "0002", "amostra": "4382-HG-B-0002", "granulometria": "2" } '),
(' { "codigo": "124898.0", "data acervo": "22/07/2020", "uuid": "d1f5a900-6c76-11eb-a36b-13831bf252c8", "localizador": "none", "local coleta": "none", "armazenada": "Manaus", "local atual": "6882W223+2X", "sureg": "Manaus", "projeto": "4382", "coletor": "HG", "natureza": "B", "numero": "0003", "amostra": "4382-HG-B-0003" } '),
(' { "codigo": "124899.0", "data acervo": "22/07/2020", "uuid": "d1f60e72-6c76-11eb-a47a-9ff1910da191", "localizador": "none", "local coleta": "none", "armazenada": "Manaus", "local atual": "6882W223+2X", "sureg": "Manaus", "projeto": "4382", "coletor": "HG", "natureza": "B", "numero": "0003", "amostra": "4382-HG-B-0003", "amostra_antigo": "HG - B - 03 - 1/4" } '),
(' { "codigo": "124900.0", "data acervo": "22/07/2020", "uuid": "d1f66e6c-6c76-11eb-80f4-43999be9a72a", "localizador": "none", "local coleta": "none", "armazenada": "Manaus", "local atual": "6882W223+2X", "sureg": "Manaus", "projeto": "4382", "coletor": "HG", "natureza": "B", "numero": "0005", "amostra": "4382-HG-B-0005" } '),
(' { "codigo": "124901.0", "data acervo": "22/07/2020", "uuid": "d1f6d906-6c76-11eb-9da3-a366fad1cd0e", "localizador": "none", "local coleta": "none", "armazenada": "Manaus", "local atual": "6882W223+2X", "sureg": "Manaus", "projeto": "4382", "coletor": "HG", "natureza": "B", "numero": "0005", "opcional": "B", "amostra": "4382-HG-B-0005B", "granulometria": "2" } '),
(' { "codigo": "124902.0", "data acervo": "22/07/2020", "uuid": "d1f74094-6c76-11eb-9294-37c140c92338", "localizador": "none", "local coleta": "none", "armazenada": "Manaus", "local atual": "6882W223+2X", "sureg": "Manaus", "projeto": "4382", "coletor": "HG", "natureza": "B", "numero": "0006", "amostra": "4382-HG-B-0006" } '),
(' { "codigo": "124903.0", "data acervo": "22/07/2020", "uuid": "d1f7ad5e-6c76-11eb-bd51-cffd4b914f4f", "localizador": "none", "local coleta": "none", "armazenada": "Manaus", "local atual": "6882W223+2X", "sureg": "Manaus", "projeto": "4382", "coletor": "HG", "natureza": "B", "numero": "0006", "amostra": "4382-HG-B-0006", "amostra_antigo": "HG - B - 06 - 1/8" } '),
(' { "codigo": "124904.0", "data acervo": "22/07/2020", "uuid": "d1f817d0-6c76-11eb-a085-5fc1368e1ead", "localizador": "none", "local coleta": "none", "armazenada": "Manaus", "local atual": "6882W223+2X", "sureg": "Manaus", "projeto": "4382", "coletor": "HG", "natureza": "B", "numero": "0008", "opcional": "B", "amostra": "4382-HG-B-0008B", "granulometria": "4" } '),
(' { "codigo": "124905.0", "data acervo": "22/07/2020", "uuid": "d1f87b30-6c76-11eb-9803-1393dc17d433", "localizador": "none", "local coleta": "none", "armazenada": "Manaus", "local atual": "6882W223+2X", "sureg": "Manaus", "projeto": "4382", "coletor": "HG", "natureza": "B", "numero": "0008", "amostra": "4382-HG-B-0008", "amostra_antigo": "HG - B - 08 - 1/4" } '),
(' { "codigo": "124906.0", "data acervo": "22/07/2020", "uuid": "d1f8d788-6c76-11eb-854f-bfcbfa958a94", "localizador": "none", "local coleta": "none", "armazenada": "Manaus", "local atual": "6882W223+2X", "sureg": "Manaus", "projeto": "4382", "coletor": "HG", "natureza": "B", "numero": "0008", "amostra": "4382-HG-B-0008", "amostra_antigo": "HG - B - 08 - 1/8" } '),
(' { "codigo": "124907.0", "data acervo": "22/07/2020", "uuid": "d1f92cc4-6c76-11eb-a452-af523405bca1", "localizador": "none", "local coleta": "none", "armazenada": "Manaus", "local atual": "6882W223+2X", "sureg": "Manaus", "projeto": "4382", "coletor": "HG", "natureza": "B", "numero": "0010", "amostra": "4382-HG-B-0010" } '),
(' { "codigo": "124908.0", "data acervo": "22/07/2020", "uuid": "d1f98a98-6c76-11eb-91ca-fb247e550c1a", "localizador": "none", "local coleta": "none", "armazenada": "Manaus", "local atual": "6882W223+2X", "sureg": "Manaus", "projeto": "4382", "coletor": "HG", "natureza": "B", "numero": "0011", "amostra": "4382-HG-B-0011", "granulometria": "2" } '),
(' { "codigo": "124909.0", "data acervo": "22/07/2020", "uuid": "d1f9e510-6c76-11eb-a9e6-cf6ad5a6b2f7", "localizador": "none", "local coleta": "none", "armazenada": "Manaus", "local atual": "6882W223+2X", "sureg": "Manaus", "projeto": "4382", "coletor": "HG", "natureza": "B", "numero": "0011", "amostra": "4382-HG-B-0011", "amostra_antigo": "HG - B - 11 - 1/8" } '),
(' { "codigo": "124910.0", "data acervo": "22/07/2020", "uuid": "d1fa4a96-6c76-11eb-a06f-fbd2cb244c0d", "localizador": "none", "local coleta": "none", "armazenada": "Manaus", "local atual": "6882W223+2X", "sureg": "Manaus", "projeto": "4382", "coletor": "HG", "natureza": "B", "numero": "0012", "amostra": "4382-HG-B-0012", "granulometria": "2" } '),
(' { "codigo": "124911.0", "data acervo": "22/07/2020", "uuid": "d1faa888-6c76-11eb-b484-2333c841b4a6", "localizador": "none", "local coleta": "none", "armazenada": "Manaus", "local atual": "6882W223+2X", "sureg": "Manaus", "projeto": "4382", "coletor": "HG", "natureza": "B", "numero": "0012", "amostra": "4382-HG-B-0012", "amostra_antigo": "HG - B - 12 - 1/4" } '),
(' { "codigo": "124912.0", "data acervo": "22/07/2020", "uuid": "d1fb03e6-6c76-11eb-b7ec-1349cb804716", "localizador": "none", "local coleta": "none", "armazenada": "Manaus", "local atual": "6882W223+2X", "sureg": "Manaus", "projeto": "4382", "coletor": "HG", "natureza": "B", "numero": "0013", "amostra": "4382-HG-B-0013", "granulometria": "3" } '),
(' { "codigo": "124913.0", "data acervo": "22/07/2020", "uuid": "d1fb68f4-6c76-11eb-b21f-f7f393e33ac3", "localizador": "none", "local coleta": "none", "armazenada": "Manaus", "local atual": "6882W223+2X", "sureg": "Manaus", "projeto": "4382", "coletor": "HG", "natureza": "B", "numero": "0014", "amostra": "4382-HG-B-0014", "granulometria": "4" } '),
(' { "codigo": "124914.0", "data acervo": "22/07/2020", "uuid": "d1fbd320-6c76-11eb-a5cc-67ee255d0e96", "localizador": "none", "local coleta": "none", "armazenada": "Manaus", "local atual": "6882W223+2X", "sureg": "Manaus", "projeto": "4382", "coletor": "HG", "natureza": "B", "numero": "0015", "amostra": "4382-HG-B-0015" } '),
(' { "codigo": "124915.0", "data acervo": "22/07/2020", "uuid": "d1fc377a-6c76-11eb-91f1-0f08fb94e14c", "localizador": "none", "local coleta": "none", "armazenada": "Manaus", "local atual": "6882W223+2X", "sureg": "Manaus", "projeto": "4382", "coletor": "HG", "natureza": "B", "numero": "0015", "amostra": "4382-HG-B-0015", "amostra_antigo": "HG - B - 15 - 1/4" } '),
(' { "codigo": "124916.0", "data acervo": "22/07/2020", "uuid": "d1fc9850-6c76-11eb-9534-7318581f6171", "localizador": "none", "local coleta": "none", "armazenada": "Manaus", "local atual": "6882W223+2X", "sureg": "Manaus", "projeto": "4382", "coletor": "HG", "natureza": "B", "numero": "0016", "amostra": "4382-HG-B-0016", "granulometria": "2" } '),
(' { "codigo": "124917.0", "data acervo": "22/07/2020", "uuid": "d1fcf9d0-6c76-11eb-bf00-f7d80ff5f006", "localizador": "none", "local coleta": "none", "armazenada": "Manaus", "local atual": "6882W223+2X", "sureg": "Manaus", "projeto": "4382", "coletor": "HG", "natureza": "B", "numero": "0017", "amostra": "4382-HG-B-0017" } '),
(' { "codigo": "124918.0", "data acervo": "22/07/2020", "uuid": "d1fd65dc-6c76-11eb-8f67-c3cc46c712da", "localizador": "none", "local coleta": "none", "armazenada": "Manaus", "local atual": "6882W223+2X", "sureg": "Manaus", "projeto": "4382", "coletor": "HG", "natureza": "B", "numero": "0018", "amostra": "4382-HG-B-0018" } '),
(' { "codigo": "124919.0", "data acervo": "22/07/2020", "uuid": "d1fdcb4e-6c76-11eb-a0aa-0f1a2b2e5cc0", "localizador": "none", "local coleta": "none", "armazenada": "Manaus", "local atual": "6882W223+2X", "sureg": "Manaus", "projeto": "4382", "coletor": "HG", "natureza": "B", "numero": "0018", "amostra": "4382-HG-B-0018", "amostra_antigo": "HG - B - 18 - 1/8" } '),
(' { "codigo": "124920.0", "data acervo": "22/07/2020", "uuid": "d1fe2f62-6c76-11eb-9fa9-c30e3e87900e", "localizador": "none", "local coleta": "none", "armazenada": "Manaus", "local atual": "6882W223+2X", "sureg": "Manaus", "projeto": "4382", "coletor": "HG", "natureza": "B", "numero": "0019", "opcional": "A", "amostra": "4382-HG-B-0019A" } '),
(' { "codigo": "124921.0", "data acervo": "22/07/2020", "uuid": "d1fe93da-6c76-11eb-aa08-7be071123077", "localizador": "none", "local coleta": "none", "armazenada": "Manaus", "local atual": "6882W223+2X", "sureg": "Manaus", "projeto": "4382", "coletor": "HG", "natureza": "B", "numero": "0019", "opcional": "B", "amostra": "4382-HG-B-0019B" } '),
(' { "codigo": "124922.0", "data acervo": "22/07/2020", "uuid": "d1fefd48-6c76-11eb-8cc2-0f3ecda595ca", "localizador": "none", "local coleta": "none", "armazenada": "Manaus", "local atual": "6882W223+2X", "sureg": "Manaus", "projeto": "4382", "coletor": "HG", "natureza": "B", "numero": "0019", "opcional": "D", "amostra": "4382-HG-B-0019D" } '),
(' { "codigo": "124923.0", "data acervo": "22/07/2020", "uuid": "d1ff62ec-6c76-11eb-bcfe-1b89621a799e", "localizador": "none", "local coleta": "none", "armazenada": "Manaus", "local atual": "6882W223+2X", "sureg": "Manaus", "projeto": "4382", "coletor": "HG", "natureza": "B", "numero": "0020", "amostra": "4382-HG-B-0020" } '),
(' { "codigo": "124924.0", "data acervo": "22/07/2020", "uuid": "d1ffca66-6c76-11eb-bf9b-67aaf2140510", "localizador": "none", "local coleta": "none", "armazenada": "Manaus", "local atual": "6882W223+2X", "sureg": "Manaus", "projeto": "4382", "coletor": "HG", "natureza": "B", "numero": "0021", "opcional": "A", "amostra": "4382-HG-B-0021A" } '),
(' { "codigo": "124925.0", "data acervo": "22/07/2020", "uuid": "d2002bfa-6c76-11eb-9edd-77515aedc7ee", "localizador": "none", "local coleta": "none", "armazenada": "Manaus", "local atual": "6882W223+2X", "sureg": "Manaus", "projeto": "4382", "coletor": "HG", "natureza": "B", "numero": "0021", "opcional": "B", "amostra": "4382-HG-B-0021B" } '),
(' { "codigo": "124926.0", "data acervo": "22/07/2020", "uuid": "d2008b90-6c76-11eb-811d-4bd7cb4ce190", "localizador": "none", "local coleta": "none", "armazenada": "Manaus", "local atual": "6882W223+2X", "sureg": "Manaus", "projeto": "4382", "coletor": "HG", "natureza": "B", "numero": "0022", "amostra": "4382-HG-B-0022" } '),
(' { "codigo": "124927.0", "data acervo": "22/07/2020", "uuid": "d200e766-6c76-11eb-8d74-5fbbd79807ff", "localizador": "none", "local coleta": "none", "armazenada": "Manaus", "local atual": "6882W223+2X", "sureg": "Manaus", "projeto": "4382", "coletor": "HG", "natureza": "B", "numero": "0023", "amostra": "4382-HG-B-0023" } '),
(' { "codigo": "124928.0", "data acervo": "22/07/2020", "uuid": "d2014012-6c76-11eb-bf93-23e631279f28", "localizador": "none", "local coleta": "none", "armazenada": "Manaus", "local atual": "6882W223+2X", "sureg": "Manaus", "projeto": "4382", "coletor": "HG", "natureza": "B", "numero": "0024", "amostra": "4382-HG-B-0024" } '),
(' { "codigo": "124929.0", "data acervo": "22/07/2020", "uuid": "d201a1ce-6c76-11eb-ae38-8b227cc7d851", "localizador": "none", "local coleta": "none", "armazenada": "Manaus", "local atual": "6882W223+2X", "sureg": "Manaus", "projeto": "4382", "coletor": "HG", "natureza": "B", "numero": "0024", "amostra": "4382-HG-B-0024", "granulometria": "2", "amostra_antigo": "HG - B - 24 - 1/8" } '),
(' { "codigo": "124930.0", "data acervo": "22/07/2020", "uuid": "d201fcaa-6c76-11eb-80a9-c7fe31c93e78", "localizador": "none", "local coleta": "none", "armazenada": "Manaus", "local atual": "6882W223+2X", "sureg": "Manaus", "projeto": "4382", "coletor": "HG", "natureza": "B", "amostra": "4382-HG-B-", "amostra_antigo": "HG - B - 1/4" } '),
(' { "codigo": "124931.0", "data acervo": "22/07/2020", "uuid": "d202566e-6c76-11eb-9562-0b3c76e2cff5", "localizador": "none", "local coleta": "none", "armazenada": "Manaus", "local atual": "6882W223+2X", "sureg": "Manaus", "projeto": "4382", "coletor": "HG", "natureza": "B", "amostra": "4382-HG-B-", "amostra_antigo": "HG - B - 1/8" } '),
(' { "codigo": "125860.0", "data acervo": "22/07/2020", "uuid": "d366e970-6c76-11eb-af45-07ec01e21c4d", "localizador": "none", "local coleta": "none", "armazenada": "Manaus", "local atual": "6882W223+2X", "sureg": "Manaus", "projeto": "4382", "coletor": "RM", "natureza": "B", "numero": "0001", "amostra": "4382-RM-B-0001", "labs_letra": "ECB", "labs_numero": "289", "labs_ident": "ECB289" } '),
(' { "codigo": "125861.0", "data acervo": "22/07/2020", "uuid": "d36751f8-6c76-11eb-a5fd-03b3bf58d072", "localizador": "none", "local coleta": "none", "armazenada": "Manaus", "local atual": "6882W223+2X", "sureg": "Manaus", "projeto": "4382", "coletor": "RM", "natureza": "B", "numero": "0002", "amostra": "4382-RM-B-0002", "labs_letra": "ECB", "labs_numero": "290", "labs_ident": "ECB290" } '),
(' { "codigo": "125862.0", "data acervo": "22/07/2020", "uuid": "d367b094-6c76-11eb-a5ef-9b05bfdb3275", "localizador": "none", "local coleta": "none", "armazenada": "Manaus", "local atual": "6882W223+2X", "sureg": "Manaus", "projeto": "4382", "coletor": "RM", "natureza": "B", "numero": "0003", "amostra": "4382-RM-B-0003", "labs_letra": "ECB", "labs_numero": "291", "labs_ident": "ECB291" } '),
(' { "codigo": "125863.0", "data acervo": "22/07/2020", "uuid": "d3681552-6c76-11eb-9e50-4f214434005e", "localizador": "none", "local coleta": "none", "armazenada": "Manaus", "local atual": "6882W223+2X", "sureg": "Manaus", "projeto": "4382", "coletor": "RM", "natureza": "B", "numero": "0005", "amostra": "4382-RM-B-0005", "labs_letra": "ECB", "labs_numero": "292", "labs_ident": "ECB292" } '),
(' { "codigo": "125864.0", "data acervo": "22/07/2020", "uuid": "d3686f16-6c76-11eb-acf5-131cfd8978ed", "localizador": "none", "local coleta": "none", "armazenada": "Manaus", "local atual": "6882W223+2X", "sureg": "Manaus", "projeto": "4382", "coletor": "RM", "natureza": "B", "numero": "0006", "amostra": "4382-RM-B-0006", "labs_letra": "ECB", "labs_numero": "293", "labs_ident": "ECB293" } '),
(' { "codigo": "125865.0", "data acervo": "22/07/2020", "uuid": "d368cbe6-6c76-11eb-966e-e3653dd81c2e", "localizador": "none", "local coleta": "none", "armazenada": "Manaus", "local atual": "6882W223+2X", "sureg": "Manaus", "projeto": "4382", "coletor": "RM", "natureza": "B", "numero": "0007", "amostra": "4382-RM-B-0007", "labs_letra": "ECB", "labs_numero": "294", "labs_ident": "ECB294" } '),
(' { "codigo": "125866.0", "data acervo": "22/07/2020", "uuid": "d3693086-6c76-11eb-9955-effa0f58a07d", "localizador": "none", "local coleta": "none", "armazenada": "Manaus", "local atual": "6882W223+2X", "sureg": "Manaus", "projeto": "4382", "coletor": "RM", "natureza": "B", "numero": "0008", "amostra": "4382-RM-B-0008", "labs_letra": "ECB", "labs_numero": "295", "labs_ident": "ECB295" } '),
(' { "codigo": "125867.0", "data acervo": "22/07/2020", "uuid": "d3698928-6c76-11eb-bdd0-03100d0e4c6f", "localizador": "none", "local coleta": "none", "armazenada": "Manaus", "local atual": "6882W223+2X", "sureg": "Manaus", "projeto": "4382", "coletor": "RM", "natureza": "B", "numero": "0009", "amostra": "4382-RM-B-0009", "labs_letra": "ECB", "labs_numero": "296", "labs_ident": "ECB296" } '),
(' { "codigo": "125868.0", "data acervo": "22/07/2020", "uuid": "d369f21e-6c76-11eb-9c66-0773d4865c9c", "localizador": "none", "local coleta": "none", "armazenada": "Manaus", "local atual": "6882W223+2X", "sureg": "Manaus", "projeto": "4382", "coletor": "RM", "natureza": "B", "numero": "0010", "amostra": "4382-RM-B-0010", "labs_letra": "ECB", "labs_numero": "297", "labs_ident": "ECB297" } '),
(' { "codigo": "125869.0", "data acervo": "22/07/2020", "uuid": "d36a509c-6c76-11eb-b2cb-e3fd117f6e85", "localizador": "none", "local coleta": "none", "armazenada": "Manaus", "local atual": "6882W223+2X", "sureg": "Manaus", "projeto": "4382", "coletor": "RM", "natureza": "B", "numero": "0011", "amostra": "4382-RM-B-0011", "labs_letra": "ECB", "labs_numero": "298", "labs_ident": "ECB298" } '),
(' { "codigo": "125870.0", "data acervo": "22/07/2020", "uuid": "d36ab2d0-6c76-11eb-ae3c-e3960bb6f9fd", "localizador": "none", "local coleta": "none", "armazenada": "Manaus", "local atual": "6882W223+2X", "sureg": "Manaus", "projeto": "4382", "coletor": "RM", "natureza": "B", "numero": "0012", "amostra": "4382-RM-B-0012", "labs_letra": "ECB", "labs_numero": "299", "labs_ident": "ECB299" } '),
(' { "codigo": "125871.0", "data acervo": "22/07/2020", "uuid": "d36b11e4-6c76-11eb-8d75-1ff59265731b", "localizador": "none", "local coleta": "none", "armazenada": "Manaus", "local atual": "6882W223+2X", "sureg": "Manaus", "projeto": "4382", "coletor": "RM", "natureza": "B", "numero": "0013", "amostra": "4382-RM-B-0013", "labs_letra": "ECB", "labs_numero": "300", "labs_ident": "ECB300" } '),
(' { "codigo": "125872.0", "data acervo": "22/07/2020", "uuid": "d36b7526-6c76-11eb-ab90-1b69d33cc9c6", "localizador": "none", "local coleta": "none", "armazenada": "Manaus", "local atual": "6882W223+2X", "sureg": "Manaus", "projeto": "4382", "coletor": "RM", "natureza": "B", "numero": "0014", "amostra": "4382-RM-B-0014", "labs_letra": "ECB", "labs_numero": "301", "labs_ident": "ECB301" } '),
(' { "codigo": "125873.0", "data acervo": "22/07/2020", "uuid": "d36bd7fa-6c76-11eb-b81d-2bceb1b83dc9", "localizador": "none", "local coleta": "none", "armazenada": "Manaus", "local atual": "6882W223+2X", "sureg": "Manaus", "projeto": "4382", "coletor": "RM", "natureza": "B", "numero": "0015", "amostra": "4382-RM-B-0015", "labs_letra": "ECB", "labs_numero": "302", "labs_ident": "ECB302" } '),
(' { "codigo": "125874.0", "data acervo": "22/07/2020", "uuid": "d36c3e66-6c76-11eb-85f5-9fd9ebc649ad", "localizador": "none", "local coleta": "none", "armazenada": "Manaus", "local atual": "6882W223+2X", "sureg": "Manaus", "projeto": "4382", "coletor": "RM", "natureza": "B", "numero": "0016", "amostra": "4382-RM-B-0016", "labs_letra": "ECB", "labs_numero": "303", "labs_ident": "ECB303" } '),
(' { "codigo": "125875.0", "data acervo": "22/07/2020", "uuid": "d36ca676-6c76-11eb-b00d-33d8296d29d8", "localizador": "none", "local coleta": "none", "armazenada": "Manaus", "local atual": "6882W223+2X", "sureg": "Manaus", "projeto": "4382", "coletor": "RM", "natureza": "B", "numero": "0017", "amostra": "4382-RM-B-0017", "labs_letra": "ECB", "labs_numero": "304", "labs_ident": "ECB304" } '),
(' { "codigo": "125876.0", "data acervo": "22/07/2020", "uuid": "d36d0b02-6c76-11eb-8ccb-b7813a745fe8", "localizador": "none", "local coleta": "none", "armazenada": "Manaus", "local atual": "6882W223+2X", "sureg": "Manaus", "projeto": "4382", "coletor": "RM", "natureza": "B", "numero": "0018", "amostra": "4382-RM-B-0018", "labs_letra": "ECB", "labs_numero": "305", "labs_ident": "ECB305" } '),
(' { "codigo": "125877.0", "data acervo": "22/07/2020", "uuid": "d36d7650-6c76-11eb-bac0-43fe1b32b4a1", "localizador": "none", "local coleta": "none", "armazenada": "Manaus", "local atual": "6882W223+2X", "sureg": "Manaus", "projeto": "4382", "coletor": "RM", "natureza": "B", "numero": "0019", "amostra": "4382-RM-B-0019", "labs_letra": "ECB", "labs_numero": "306", "labs_ident": "ECB306" } '),
(' { "codigo": "125878.0", "data acervo": "22/07/2020", "uuid": "d36dda64-6c76-11eb-a7a4-57fd634830ec", "localizador": "none", "local coleta": "none", "armazenada": "Manaus", "local atual": "6882W223+2X", "sureg": "Manaus", "projeto": "4382", "coletor": "RM", "natureza": "B", "numero": "0020", "amostra": "4382-RM-B-0020", "labs_letra": "ECB", "labs_numero": "307", "labs_ident": "ECB307" } '),
(' { "codigo": "125879.0", "data acervo": "22/07/2020", "uuid": "d36e458a-6c76-11eb-86d8-b7110661cadc", "localizador": "none", "local coleta": "none", "armazenada": "Manaus", "local atual": "6882W223+2X", "sureg": "Manaus", "projeto": "4382", "coletor": "RM", "natureza": "B", "numero": "0021", "amostra": "4382-RM-B-0021", "labs_letra": "ECB", "labs_numero": "308", "labs_ident": "ECB308" } '),
(' { "codigo": "125880.0", "data acervo": "22/07/2020", "uuid": "d36ea6b0-6c76-11eb-bd1b-0bce3b6490e9", "localizador": "none", "local coleta": "none", "armazenada": "Manaus", "local atual": "6882W223+2X", "sureg": "Manaus", "projeto": "4382", "coletor": "RM", "natureza": "B", "numero": "0022", "amostra": "4382-RM-B-0022", "labs_letra": "ECB", "labs_numero": "309", "labs_ident": "ECB309" } '),
(' { "codigo": "125881.0", "data acervo": "22/07/2020", "uuid": "d36f13ac-6c76-11eb-8fb7-3fdaad83e76c", "localizador": "none", "local coleta": "none", "armazenada": "Manaus", "local atual": "6882W223+2X", "sureg": "Manaus", "projeto": "4382", "coletor": "RM", "natureza": "B", "numero": "0023", "amostra": "4382-RM-B-0023", "labs_letra": "ECB", "labs_numero": "310", "labs_ident": "ECB310" } '),
(' { "codigo": "125882.0", "data acervo": "22/07/2020", "uuid": "d36f6f28-6c76-11eb-8160-8b29f51c7503", "localizador": "none", "local coleta": "none", "armazenada": "Manaus", "local atual": "6882W223+2X", "sureg": "Manaus", "projeto": "4382", "coletor": "RM", "natureza": "B", "numero": "0024", "amostra": "4382-RM-B-0024", "labs_letra": "ECB", "labs_numero": "311", "labs_ident": "ECB311" } '),
(' { "codigo": "125883.0", "data acervo": "22/07/2020", "uuid": "d36fd436-6c76-11eb-97a3-0fc4534c3a28", "localizador": "none", "local coleta": "none", "armazenada": "Manaus", "local atual": "6882W223+2X", "sureg": "Manaus", "projeto": "4382", "coletor": "RM", "natureza": "B", "numero": "0025", "amostra": "4382-RM-B-0025", "labs_letra": "ECB", "labs_numero": "312", "labs_ident": "ECB312" } '),
(' { "codigo": "125884.0", "data acervo": "22/07/2020", "uuid": "d370260c-6c76-11eb-b3ba-933913f6be3e", "localizador": "none", "local coleta": "none", "armazenada": "Manaus", "local atual": "6882W223+2X", "sureg": "Manaus", "projeto": "4382", "coletor": "RM", "natureza": "B", "numero": "0026", "amostra": "4382-RM-B-0026", "labs_letra": "ECB", "labs_numero": "313", "labs_ident": "ECB313" } '),
(' { "codigo": "125885.0", "data acervo": "22/07/2020", "uuid": "d3707bc0-6c76-11eb-87ad-8f1e4c3cbb21", "localizador": "none", "local coleta": "none", "armazenada": "Manaus", "local atual": "6882W223+2X", "sureg": "Manaus", "projeto": "4382", "coletor": "RM", "natureza": "B", "numero": "0027", "amostra": "4382-RM-B-0027", "labs_letra": "ECB", "labs_numero": "314", "labs_ident": "ECB314" } '),
(' { "codigo": "125886.0", "data acervo": "22/07/2020", "uuid": "d370d1c4-6c76-11eb-a57d-ff090db61c91", "localizador": "none", "local coleta": "none", "armazenada": "Manaus", "local atual": "6882W223+2X", "sureg": "Manaus", "projeto": "4382", "coletor": "RM", "natureza": "B", "numero": "0028", "amostra": "4382-RM-B-0028", "labs_letra": "ECB", "labs_numero": "315", "labs_ident": "ECB315" } '),
(' { "codigo": "125887.0", "data acervo": "22/07/2020", "uuid": "d3712af2-6c76-11eb-bd3b-1f3bc7f575a0", "localizador": "none", "local coleta": "none", "armazenada": "Manaus", "local atual": "6882W223+2X", "sureg": "Manaus", "projeto": "4382", "coletor": "RM", "natureza": "B", "numero": "0029", "amostra": "4382-RM-B-0029", "labs_letra": "ECB", "labs_numero": "316", "labs_ident": "ECB316" } '),
(' { "codigo": "125888.0", "data acervo": "22/07/2020", "uuid": "d371901e-6c76-11eb-bb6b-2b1f5c2075f7", "localizador": "none", "local coleta": "none", "armazenada": "Manaus", "local atual": "6882W223+2X", "sureg": "Manaus", "projeto": "4382", "coletor": "RM", "natureza": "B", "numero": "0030", "amostra": "4382-RM-B-0030", "labs_letra": "ECB", "labs_numero": "317", "labs_ident": "ECB317" } '),
(' { "codigo": "125889.0", "data acervo": "22/07/2020", "uuid": "d371f81a-6c76-11eb-a76e-d78e72ad29e1", "localizador": "none", "local coleta": "none", "armazenada": "Manaus", "local atual": "6882W223+2X", "sureg": "Manaus", "projeto": "4382", "coletor": "RM", "natureza": "B", "numero": "0031", "amostra": "4382-RM-B-0031", "labs_letra": "ECB", "labs_numero": "318", "labs_ident": "ECB318" } '),
(' { "codigo": "125890.0", "data acervo": "22/07/2020", "uuid": "d3725e40-6c76-11eb-b663-1b6c2d939846", "localizador": "none", "local coleta": "none", "armazenada": "Manaus", "local atual": "6882W223+2X", "sureg": "Manaus", "projeto": "4382", "coletor": "RM", "natureza": "B", "numero": "0032", "amostra": "4382-RM-B-0032", "labs_letra": "ECB", "labs_numero": "319", "labs_ident": "ECB319" } '),
(' { "codigo": "125891.0", "data acervo": "22/07/2020", "uuid": "d372c1b4-6c76-11eb-8276-2f43ac6f7a89", "localizador": "none", "local coleta": "none", "armazenada": "Manaus", "local atual": "6882W223+2X", "sureg": "Manaus", "projeto": "4382", "coletor": "RM", "natureza": "B", "numero": "0033", "amostra": "4382-RM-B-0033", "labs_letra": "ECB", "labs_numero": "320", "labs_ident": "ECB320" } '),
(' { "codigo": "125892.0", "data acervo": "22/07/2020", "uuid": "d3732988-6c76-11eb-a024-1769a8b13047", "localizador": "none", "local coleta": "none", "armazenada": "Manaus", "local atual": "6882W223+2X", "sureg": "Manaus", "projeto": "4382", "coletor": "RM", "natureza": "B", "numero": "0034", "amostra": "4382-RM-B-0034", "labs_letra": "ECB", "labs_numero": "321", "labs_ident": "ECB321" } '),
(' { "codigo": "125893.0", "data acervo": "22/07/2020", "uuid": "d3738e78-6c76-11eb-9423-53600a8fb191", "localizador": "none", "local coleta": "none", "armazenada": "Manaus", "local atual": "6882W223+2X", "sureg": "Manaus", "projeto": "4382", "coletor": "RM", "natureza": "B", "numero": "0035", "amostra": "4382-RM-B-0035", "labs_letra": "ECB", "labs_numero": "322", "labs_ident": "ECB322" } '),
(' { "codigo": "125894.0", "data acervo": "22/07/2020", "uuid": "d373ee04-6c76-11eb-9b3b-5b0df241ac44", "localizador": "none", "local coleta": "none", "armazenada": "Manaus", "local atual": "6882W223+2X", "sureg": "Manaus", "projeto": "4382", "coletor": "RM", "natureza": "B", "numero": "0036", "amostra": "4382-RM-B-0036", "labs_letra": "ECB", "labs_numero": "323", "labs_ident": "ECB323" } '),
(' { "codigo": "125895.0", "data acervo": "22/07/2020", "uuid": "d37458c6-6c76-11eb-9a23-e77074ab72ff", "localizador": "none", "local coleta": "none", "armazenada": "Manaus", "local atual": "6882W223+2X", "sureg": "Manaus", "projeto": "4382", "coletor": "RM", "natureza": "B", "numero": "0037", "amostra": "4382-RM-B-0037", "labs_letra": "ECB", "labs_numero": "324", "labs_ident": "ECB324" } '),
(' { "codigo": "125896.0", "data acervo": "22/07/2020", "uuid": "d374c356-6c76-11eb-91c2-9f471fb381f9", "localizador": "none", "local coleta": "none", "armazenada": "Manaus", "local atual": "6882W223+2X", "sureg": "Manaus", "projeto": "4382", "coletor": "RM", "natureza": "B", "numero": "0038", "amostra": "4382-RM-B-0038", "labs_letra": "ECB", "labs_numero": "325", "labs_ident": "ECB325" } '),
(' { "codigo": "125897.0", "data acervo": "22/07/2020", "uuid": "d37527c4-6c76-11eb-9b66-972ed52310ae", "localizador": "none", "local coleta": "none", "armazenada": "Manaus", "local atual": "6882W223+2X", "sureg": "Manaus", "projeto": "4382", "coletor": "RM", "natureza": "B", "numero": "0039", "amostra": "4382-RM-B-0039", "labs_letra": "ECB", "labs_numero": "326", "labs_ident": "ECB326" } '),
(' { "codigo": "125898.0", "data acervo": "22/07/2020", "uuid": "d37589b2-6c76-11eb-99a1-5778304871ff", "localizador": "none", "local coleta": "none", "armazenada": "Manaus", "local atual": "6882W223+2X", "sureg": "Manaus", "projeto": "4382", "coletor": "RM", "natureza": "B", "numero": "0040", "amostra": "4382-RM-B-0040", "labs_letra": "ECB", "labs_numero": "327", "labs_ident": "ECB327" } '),
(' { "codigo": "126683.0", "data acervo": "22/07/2020", "uuid": "d4a63232-6c76-11eb-8396-73aa0f7071f0", "localizador": "none", "local coleta": "none", "armazenada": "Manaus", "local atual": "6882W223+2X", "sureg": "Manaus", "projeto": "4382", "coletor": "HG", "natureza": "B", "numero": "0018", "amostra": "4382-HG-B-0018", "amostra_antigo": "HG - Z - B - 18" } '),
(' { "codigo": "126684.0", "data acervo": "22/07/2020", "uuid": "d4a6983a-6c76-11eb-9232-c3c0cf46e112", "localizador": "none", "local coleta": "none", "armazenada": "Manaus", "local atual": "6882W223+2X", "sureg": "Manaus", "projeto": "4382", "coletor": "HG", "natureza": "B", "numero": "0019", "opcional": "A", "amostra": "4382-HG-B-0019A", "granulometria": "2", "amostra_antigo": "HG - Z - B - 19A" } '),
(' { "codigo": "126685.0", "data acervo": "22/07/2020", "uuid": "d4a70284-6c76-11eb-b997-e31042ad300a", "localizador": "none", "local coleta": "none", "armazenada": "Manaus", "local atual": "6882W223+2X", "sureg": "Manaus", "projeto": "4382", "coletor": "HG", "natureza": "B", "numero": "0019", "opcional": "B", "amostra": "4382-HG-B-0019B", "granulometria": "2", "amostra_antigo": "HG - Z - B - 19B" } '),
(' { "codigo": "126686.0", "data acervo": "22/07/2020", "uuid": "d4a76e2c-6c76-11eb-a204-2bec37549b99", "localizador": "none", "local coleta": "none", "armazenada": "Manaus", "local atual": "6882W223+2X", "sureg": "Manaus", "projeto": "4382", "coletor": "HG", "natureza": "B", "numero": "0019", "opcional": "C", "amostra": "4382-HG-B-0019C", "amostra_antigo": "HG - Z - B - 19C" } '),
(' { "codigo": "126687.0", "data acervo": "22/07/2020", "uuid": "d4a7d6a0-6c76-11eb-83e6-73ed4234cca2", "localizador": "none", "local coleta": "none", "armazenada": "Manaus", "local atual": "6882W223+2X", "sureg": "Manaus", "projeto": "4382", "coletor": "HG", "natureza": "B", "numero": "0020", "amostra": "4382-HG-B-0020", "granulometria": "2", "amostra_antigo": "HG - Z - B - 20" } '),
(' { "codigo": "126688.0", "data acervo": "22/07/2020", "uuid": "d4a83ea6-6c76-11eb-82c3-2bdf52ee1038", "localizador": "none", "local coleta": "none", "armazenada": "Manaus", "local atual": "6882W223+2X", "sureg": "Manaus", "projeto": "4382", "coletor": "HG", "natureza": "B", "numero": "0021", "amostra": "4382-HG-B-0021", "granulometria": "2", "amostra_antigo": "HG - Z - B - 21 - 1/8" } '),
(' { "codigo": "126689.0", "data acervo": "22/07/2020", "uuid": "d4a8a7c4-6c76-11eb-b491-4f47d48962bf", "localizador": "none", "local coleta": "none", "armazenada": "Manaus", "local atual": "6882W223+2X", "sureg": "Manaus", "projeto": "4382", "coletor": "HG", "natureza": "B", "numero": "0021", "opcional": "A", "amostra": "4382-HG-B-0021A", "amostra_antigo": "HG - Z - B - 21A - 1/4" } '),
(' { "codigo": "126690.0", "data acervo": "22/07/2020", "uuid": "d4a911e6-6c76-11eb-adef-57984b07e109", "localizador": "none", "local coleta": "none", "armazenada": "Manaus", "local atual": "6882W223+2X", "sureg": "Manaus", "projeto": "4382", "coletor": "HG", "natureza": "B", "numero": "0021", "opcional": "B", "amostra": "4382-HG-B-0021B", "amostra_antigo": "HG - Z - B - 21B - 1/4" } '),
(' { "codigo": "126691.0", "data acervo": "22/07/2020", "uuid": "d4a974d8-6c76-11eb-aae1-cb09423ffb41", "localizador": "none", "local coleta": "none", "armazenada": "Manaus", "local atual": "6882W223+2X", "sureg": "Manaus", "projeto": "4382", "coletor": "HG", "natureza": "B", "numero": "0021", "opcional": "B", "amostra": "4382-HG-B-0021B", "amostra_antigo": "HG - Z - B - 21B - 1/8" } '),
(' { "codigo": "126692.0", "data acervo": "22/07/2020", "uuid": "d4a9e17a-6c76-11eb-9648-33ce5c515fbe", "localizador": "none", "local coleta": "none", "armazenada": "Manaus", "local atual": "6882W223+2X", "sureg": "Manaus", "projeto": "4382", "coletor": "HG", "natureza": "B", "numero": "0022", "amostra": "4382-HG-B-0022", "amostra_antigo": "HG - Z - B - 22 - 1/4" } '),
(' { "codigo": "126693.0", "data acervo": "22/07/2020", "uuid": "d4aa4e12-6c76-11eb-9624-5f8b55aefe56", "localizador": "none", "local coleta": "none", "armazenada": "Manaus", "local atual": "6882W223+2X", "sureg": "Manaus", "projeto": "4382", "coletor": "HG", "natureza": "B", "numero": "0023", "amostra": "4382-HG-B-0023", "amostra_antigo": "HG - Z - B - 23 - 1/8" } '),
(' { "codigo": "126694.0", "data acervo": "22/07/2020", "uuid": "d4aab104-6c76-11eb-8e7e-ab16bb50a0b4", "localizador": "none", "local coleta": "none", "armazenada": "Manaus", "local atual": "6882W223+2X", "sureg": "Manaus", "projeto": "4382", "coletor": "HG", "natureza": "B", "numero": "0024", "amostra": "4382-HG-B-0024", "amostra_antigo": "HG - Z - B - 24 - 1/4" } '),
(' { "codigo": "126695.0", "data acervo": "22/07/2020", "uuid": "d4ab1842-6c76-11eb-a321-c72f60d6fcb9", "localizador": "none", "local coleta": "none", "armazenada": "Manaus", "local atual": "6882W223+2X", "sureg": "Manaus", "projeto": "4382", "coletor": "HG", "natureza": "B", "amostra": "4382-HG-B-", "amostra_antigo": "HG - 16 (05-L)" } '),
(' { "codigo": "126696.0", "data acervo": "22/07/2020", "uuid": "d4ab7bfc-6c76-11eb-96b4-37b83e83e349", "localizador": "none", "local coleta": "none", "armazenada": "Manaus", "local atual": "6882W223+2X", "sureg": "Manaus", "projeto": "4382", "natureza": "B", "amostra": "4382--B-", "amostra_antigo": "IGARAPÉ" } '),
(' { "codigo": "126697.0", "data acervo": "22/07/2020", "uuid": "d4abd3d6-6c76-11eb-9aed-d73e6de294d5", "localizador": "none", "local coleta": "none", "armazenada": "Manaus", "local atual": "6882W223+2X", "sureg": "Manaus", "projeto": "4382", "natureza": "B", "amostra": "4382--B-", "granulometria": "3", "amostra_antigo": "SEM IDENT." } '),
(' { "codigo": "130484.0", "data acervo": "22/07/2020", "uuid": "da65ccf0-6c76-11eb-a8e4-b7875bc56aaf", "localizador": "none", "local coleta": "none", "armazenada": "Manaus", "local atual": "6882W223+2X", "sureg": "Manaus", "projeto": "4382", "coletor": "AB", "natureza": "S", "numero": "0002", "amostra": "4382-AB-S-0002", "labs_letra": "ECB", "labs_numero": "354", "labs_ident": "ECB354" } '),
(' { "codigo": "130485.0", "data acervo": "22/07/2020", "uuid": "da6629de-6c76-11eb-8983-9b11217530ef", "localizador": "none", "local coleta": "none", "armazenada": "Manaus", "local atual": "6882W223+2X", "sureg": "Manaus", "projeto": "4382", "coletor": "AB", "natureza": "S", "numero": "0003", "amostra": "4382-AB-S-0003", "labs_letra": "ECB", "labs_numero": "366", "labs_ident": "ECB366" } '),
(' { "codigo": "130486.0", "data acervo": "22/07/2020", "uuid": "da668802-6c76-11eb-8717-2b4182b9f7f2", "localizador": "none", "local coleta": "none", "armazenada": "Manaus", "local atual": "6882W223+2X", "sureg": "Manaus", "projeto": "4382", "coletor": "AB", "natureza": "S", "numero": "0004", "amostra": "4382-AB-S-0004", "labs_letra": "ECB", "labs_numero": "390", "labs_ident": "ECB390" } '),
(' { "codigo": "131759.0", "data acervo": "22/07/2020", "uuid": "dc546f94-6c76-11eb-b4ee-d775af27458a", "localizador": "none", "local coleta": "none", "armazenada": "Manaus", "local atual": "6882W223+2X", "sureg": "Manaus", "projeto": "4382", "coletor": "HG", "natureza": "S", "numero": "0023", "amostra": "4382-HG-S-0023", "granulometria": "2" } '),
(' { "codigo": "132957.0", "data acervo": "22/07/2020", "uuid": "de27f962-6c76-11eb-888e-93ec9e380ec4", "localizador": "none", "local coleta": "none", "armazenada": "Manaus", "local atual": "6882W223+2X", "sureg": "Manaus", "projeto": "4382", "coletor": "RM", "natureza": "S", "numero": "0001", "amostra": "4382-RM-S-0001", "labs_letra": "ECB", "labs_numero": "344", "labs_ident": "ECB344" } '),
(' { "codigo": "132958.0", "data acervo": "22/07/2020", "uuid": "de285254-6c76-11eb-b4f4-0b17b5b0ad6a", "localizador": "none", "local coleta": "none", "armazenada": "Manaus", "local atual": "6882W223+2X", "sureg": "Manaus", "projeto": "4382", "coletor": "RM", "natureza": "S", "numero": "0002", "amostra": "4382-RM-S-0002", "labs_letra": "ECB", "labs_numero": "345", "labs_ident": "ECB345" } '),
(' { "codigo": "132959.0", "data acervo": "22/07/2020", "uuid": "de28b550-6c76-11eb-9f52-a7e697b00a2c", "localizador": "none", "local coleta": "none", "armazenada": "Manaus", "local atual": "6882W223+2X", "sureg": "Manaus", "projeto": "4382", "coletor": "RM", "natureza": "S", "numero": "0003", "amostra": "4382-RM-S-0003", "labs_letra": "ECB", "labs_numero": "346", "labs_ident": "ECB346" } '),
(' { "codigo": "132960.0", "data acervo": "22/07/2020", "uuid": "de2918f6-6c76-11eb-84bb-9bd6e0d631ac", "localizador": "none", "local coleta": "none", "armazenada": "Manaus", "local atual": "6882W223+2X", "sureg": "Manaus", "projeto": "4382", "coletor": "RM", "natureza": "S", "numero": "0004", "amostra": "4382-RM-S-0004", "labs_letra": "ECB", "labs_numero": "347", "labs_ident": "ECB347" } '),
(' { "codigo": "132961.0", "data acervo": "22/07/2020", "uuid": "de297814-6c76-11eb-bc15-077e13c1a0d8", "localizador": "none", "local coleta": "none", "armazenada": "Manaus", "local atual": "6882W223+2X", "sureg": "Manaus", "projeto": "4382", "coletor": "RM", "natureza": "S", "numero": "0005", "amostra": "4382-RM-S-0005", "labs_letra": "ECB", "labs_numero": "348", "labs_ident": "ECB348" } '),
(' { "codigo": "132962.0", "data acervo": "22/07/2020", "uuid": "de29e34e-6c76-11eb-8a2a-f32abe1f5ac1", "localizador": "none", "local coleta": "none", "armazenada": "Manaus", "local atual": "6882W223+2X", "sureg": "Manaus", "projeto": "4382", "coletor": "RM", "natureza": "S", "numero": "0006", "amostra": "4382-RM-S-0006", "labs_letra": "ECB", "labs_numero": "349", "labs_ident": "ECB349" } '),
(' { "codigo": "132963.0", "data acervo": "22/07/2020", "uuid": "de2a4b2c-6c76-11eb-b111-63b75a9e61f2", "localizador": "none", "local coleta": "none", "armazenada": "Manaus", "local atual": "6882W223+2X", "sureg": "Manaus", "projeto": "4382", "coletor": "RM", "natureza": "S", "numero": "0007", "amostra": "4382-RM-S-0007", "labs_letra": "ECB", "labs_numero": "350", "labs_ident": "ECB350" } '),
(' { "codigo": "132964.0", "data acervo": "22/07/2020", "uuid": "de2ab15c-6c76-11eb-bcdb-2b82dc47cabe", "localizador": "none", "local coleta": "none", "armazenada": "Manaus", "local atual": "6882W223+2X", "sureg": "Manaus", "projeto": "4382", "coletor": "RM", "natureza": "S", "numero": "0008", "opcional": "(1)", "amostra": "4382-RM-S-0008(1)", "labs_letra": "ECB", "labs_numero": "351", "labs_ident": "ECB351" } '),
(' { "codigo": "132965.0", "data acervo": "22/07/2020", "uuid": "de2b173c-6c76-11eb-b225-6fb0a04d7914", "localizador": "none", "local coleta": "none", "armazenada": "Manaus", "local atual": "6882W223+2X", "sureg": "Manaus", "projeto": "4382", "coletor": "RM", "natureza": "S", "numero": "0008", "opcional": "(2)", "amostra": "4382-RM-S-0008(2)", "labs_letra": "ECB", "labs_numero": "352", "labs_ident": "ECB352" } '),
(' { "codigo": "132966.0", "data acervo": "22/07/2020", "uuid": "de2b7786-6c76-11eb-bd86-77efafef7b4d", "localizador": "none", "local coleta": "none", "armazenada": "Manaus", "local atual": "6882W223+2X", "sureg": "Manaus", "projeto": "4382", "coletor": "RM", "natureza": "S", "numero": "0009", "amostra": "4382-RM-S-0009", "labs_letra": "ECB", "labs_numero": "353", "labs_ident": "ECB353" } '),
(' { "codigo": "132967.0", "data acervo": "22/07/2020", "uuid": "de2bde38-6c76-11eb-80c1-bb8b92b5f26f", "localizador": "none", "local coleta": "none", "armazenada": "Manaus", "local atual": "6882W223+2X", "sureg": "Manaus", "projeto": "4382", "coletor": "RM", "natureza": "S", "numero": "0010", "amostra": "4382-RM-S-0010", "labs_letra": "ECB", "labs_numero": "355", "labs_ident": "ECB355" } '),
(' { "codigo": "132968.0", "data acervo": "22/07/2020", "uuid": "de2c4d14-6c76-11eb-8332-7b03719e3a81", "localizador": "none", "local coleta": "none", "armazenada": "Manaus", "local atual": "6882W223+2X", "sureg": "Manaus", "projeto": "4382", "coletor": "RM", "natureza": "S", "numero": "0011", "amostra": "4382-RM-S-0011", "labs_letra": "ECB", "labs_numero": "356", "labs_ident": "ECB356" } '),
(' { "codigo": "132969.0", "data acervo": "22/07/2020", "uuid": "de2cb4b6-6c76-11eb-8947-eb50960d2be9", "localizador": "none", "local coleta": "none", "armazenada": "Manaus", "local atual": "6882W223+2X", "sureg": "Manaus", "projeto": "4382", "coletor": "RM", "natureza": "S", "numero": "0012", "amostra": "4382-RM-S-0012", "labs_letra": "ECB", "labs_numero": "357", "labs_ident": "ECB357" } '),
(' { "codigo": "132970.0", "data acervo": "22/07/2020", "uuid": "de2d18fc-6c76-11eb-86ab-83f5d346f1e2", "localizador": "none", "local coleta": "none", "armazenada": "Manaus", "local atual": "6882W223+2X", "sureg": "Manaus", "projeto": "4382", "coletor": "RM", "natureza": "S", "numero": "0013", "amostra": "4382-RM-S-0013", "labs_letra": "ECB", "labs_numero": "358", "labs_ident": "ECB358" } '),
(' { "codigo": "132971.0", "data acervo": "22/07/2020", "uuid": "de2d7c0c-6c76-11eb-ae37-d7bb9d22d772", "localizador": "none", "local coleta": "none", "armazenada": "Manaus", "local atual": "6882W223+2X", "sureg": "Manaus", "projeto": "4382", "coletor": "RM", "natureza": "S", "numero": "0014", "amostra": "4382-RM-S-0014", "labs_letra": "ECB", "labs_numero": "359", "labs_ident": "ECB359" } '),
(' { "codigo": "132972.0", "data acervo": "22/07/2020", "uuid": "de2de534-6c76-11eb-8ada-7b27f6ac2281", "localizador": "none", "local coleta": "none", "armazenada": "Manaus", "local atual": "6882W223+2X", "sureg": "Manaus", "projeto": "4382", "coletor": "RM", "natureza": "S", "numero": "0015", "amostra": "4382-RM-S-0015", "labs_letra": "ECB", "labs_numero": "360", "labs_ident": "ECB360" } '),
(' { "codigo": "132973.0", "data acervo": "22/07/2020", "uuid": "de2e512c-6c76-11eb-9026-d3fbf7a06665", "localizador": "none", "local coleta": "none", "armazenada": "Manaus", "local atual": "6882W223+2X", "sureg": "Manaus", "projeto": "4382", "coletor": "RM", "natureza": "S", "numero": "0016", "opcional": "(1)", "amostra": "4382-RM-S-0016(1)", "labs_letra": "ECB", "labs_numero": "361", "labs_ident": "ECB361" } '),
(' { "codigo": "132974.0", "data acervo": "22/07/2020", "uuid": "de2eaf0a-6c76-11eb-9dc6-9374055f09fb", "localizador": "none", "local coleta": "none", "armazenada": "Manaus", "local atual": "6882W223+2X", "sureg": "Manaus", "projeto": "4382", "coletor": "RM", "natureza": "S", "numero": "0016", "opcional": "(2)", "amostra": "4382-RM-S-0016(2)", "labs_letra": "ECB", "labs_numero": "362", "labs_ident": "ECB362" } '),
(' { "codigo": "132975.0", "data acervo": "22/07/2020", "uuid": "de2f14b8-6c76-11eb-814c-b7b051768470", "localizador": "none", "local coleta": "none", "armazenada": "Manaus", "local atual": "6882W223+2X", "sureg": "Manaus", "projeto": "4382", "coletor": "RM", "natureza": "S", "numero": "0017", "amostra": "4382-RM-S-0017", "labs_letra": "ECB", "labs_numero": "363", "labs_ident": "ECB363" } '),
(' { "codigo": "132976.0", "data acervo": "22/07/2020", "uuid": "de2f7458-6c76-11eb-82c7-a7a4a970b05f", "localizador": "none", "local coleta": "none", "armazenada": "Manaus", "local atual": "6882W223+2X", "sureg": "Manaus", "projeto": "4382", "coletor": "RM", "natureza": "S", "numero": "0018", "amostra": "4382-RM-S-0018", "labs_letra": "ECB", "labs_numero": "364", "labs_ident": "ECB364" } '),
(' { "codigo": "132977.0", "data acervo": "22/07/2020", "uuid": "de2fcad4-6c76-11eb-9549-9f83e76af7ed", "localizador": "none", "local coleta": "none", "armazenada": "Manaus", "local atual": "6882W223+2X", "sureg": "Manaus", "projeto": "4382", "coletor": "RM", "natureza": "S", "numero": "0019", "amostra": "4382-RM-S-0019", "labs_letra": "ECB", "labs_numero": "365", "labs_ident": "ECB365" } '),
(' { "codigo": "132978.0", "data acervo": "22/07/2020", "uuid": "de301f0c-6c76-11eb-be8c-b3b13bf21d21", "localizador": "none", "local coleta": "none", "armazenada": "Manaus", "local atual": "6882W223+2X", "sureg": "Manaus", "projeto": "4382", "coletor": "RM", "natureza": "S", "numero": "0020", "amostra": "4382-RM-S-0020", "labs_letra": "ECB", "labs_numero": "367", "labs_ident": "ECB367" } '),
(' { "codigo": "132979.0", "data acervo": "22/07/2020", "uuid": "de308082-6c76-11eb-99a6-b715e8b1e9f8", "localizador": "none", "local coleta": "none", "armazenada": "Manaus", "local atual": "6882W223+2X", "sureg": "Manaus", "projeto": "4382", "coletor": "RM", "natureza": "S", "numero": "0021", "amostra": "4382-RM-S-0021", "labs_letra": "ECB", "labs_numero": "368", "labs_ident": "ECB368" } '),
(' { "codigo": "132980.0", "data acervo": "22/07/2020", "uuid": "de30dc58-6c76-11eb-abcc-73302249ee11", "localizador": "none", "local coleta": "none", "armazenada": "Manaus", "local atual": "6882W223+2X", "sureg": "Manaus", "projeto": "4382", "coletor": "RM", "natureza": "S", "numero": "0022", "amostra": "4382-RM-S-0022", "labs_letra": "ECB", "labs_numero": "369", "labs_ident": "ECB369" } '),
(' { "codigo": "132981.0", "data acervo": "22/07/2020", "uuid": "de3139a0-6c76-11eb-a3e2-d39921a834a7", "localizador": "none", "local coleta": "none", "armazenada": "Manaus", "local atual": "6882W223+2X", "sureg": "Manaus", "projeto": "4382", "coletor": "RM", "natureza": "S", "numero": "0023", "amostra": "4382-RM-S-0023", "labs_letra": "ECB", "labs_numero": "370", "labs_ident": "ECB370" } '),
(' { "codigo": "132982.0", "data acervo": "22/07/2020", "uuid": "de31a160-6c76-11eb-8184-af1d3102289f", "localizador": "none", "local coleta": "none", "armazenada": "Manaus", "local atual": "6882W223+2X", "sureg": "Manaus", "projeto": "4382", "coletor": "RM", "natureza": "S", "numero": "0024", "opcional": "(1)", "amostra": "4382-RM-S-0024(1)", "labs_letra": "ECB", "labs_numero": "371", "labs_ident": "ECB371" } '),
(' { "codigo": "132983.0", "data acervo": "22/07/2020", "uuid": "de320ab0-6c76-11eb-83ab-1b643f54cf7d", "localizador": "none", "local coleta": "none", "armazenada": "Manaus", "local atual": "6882W223+2X", "sureg": "Manaus", "projeto": "4382", "coletor": "RM", "natureza": "S", "numero": "0024", "opcional": "(2)", "amostra": "4382-RM-S-0024(2)", "labs_letra": "ECB", "labs_numero": "372", "labs_ident": "ECB372" } '),
(' { "codigo": "132984.0", "data acervo": "22/07/2020", "uuid": "de326cbc-6c76-11eb-98bd-ef88bdcea3fa", "localizador": "none", "local coleta": "none", "armazenada": "Manaus", "local atual": "6882W223+2X", "sureg": "Manaus", "projeto": "4382", "coletor": "RM", "natureza": "S", "numero": "0025", "amostra": "4382-RM-S-0025", "labs_letra": "ECB", "labs_numero": "373", "labs_ident": "ECB373" } '),
(' { "codigo": "132985.0", "data acervo": "22/07/2020", "uuid": "de32d2ba-6c76-11eb-9a67-5bed53061fb0", "localizador": "none", "local coleta": "none", "armazenada": "Manaus", "local atual": "6882W223+2X", "sureg": "Manaus", "projeto": "4382", "coletor": "RM", "natureza": "S", "numero": "0026", "amostra": "4382-RM-S-0026", "labs_letra": "ECB", "labs_numero": "374", "labs_ident": "ECB374" } '),
(' { "codigo": "132986.0", "data acervo": "22/07/2020", "uuid": "de333e9e-6c76-11eb-90c3-23616d5f05ec", "localizador": "none", "local coleta": "none", "armazenada": "Manaus", "local atual": "6882W223+2X", "sureg": "Manaus", "projeto": "4382", "coletor": "RM", "natureza": "S", "numero": "0027", "amostra": "4382-RM-S-0027", "labs_letra": "ECB", "labs_numero": "375", "labs_ident": "ECB375" } '),
(' { "codigo": "132987.0", "data acervo": "22/07/2020", "uuid": "de33afdc-6c76-11eb-8c55-0f26bc19370e", "localizador": "none", "local coleta": "none", "armazenada": "Manaus", "local atual": "6882W223+2X", "sureg": "Manaus", "projeto": "4382", "coletor": "RM", "natureza": "S", "numero": "0028", "amostra": "4382-RM-S-0028", "labs_letra": "ECB", "labs_numero": "376", "labs_ident": "ECB376" } '),
(' { "codigo": "132988.0", "data acervo": "22/07/2020", "uuid": "de341a6c-6c76-11eb-b82b-fb72d230f30b", "localizador": "none", "local coleta": "none", "armazenada": "Manaus", "local atual": "6882W223+2X", "sureg": "Manaus", "projeto": "4382", "coletor": "RM", "natureza": "S", "numero": "0029", "amostra": "4382-RM-S-0029", "labs_letra": "ECB", "labs_numero": "377", "labs_ident": "ECB377" } '),
(' { "codigo": "132989.0", "data acervo": "22/07/2020", "uuid": "de3481d2-6c76-11eb-8c77-bf51e6b91e3d", "localizador": "none", "local coleta": "none", "armazenada": "Manaus", "local atual": "6882W223+2X", "sureg": "Manaus", "projeto": "4382", "coletor": "RM", "natureza": "S", "numero": "0030", "amostra": "4382-RM-S-0030", "labs_letra": "ECB", "labs_numero": "378", "labs_ident": "ECB378" } '),
(' { "codigo": "132990.0", "data acervo": "22/07/2020", "uuid": "de34eb5e-6c76-11eb-85b1-b306204dbc19", "localizador": "none", "local coleta": "none", "armazenada": "Manaus", "local atual": "6882W223+2X", "sureg": "Manaus", "projeto": "4382", "coletor": "RM", "natureza": "S", "numero": "0031", "amostra": "4382-RM-S-0031", "labs_letra": "ECB", "labs_numero": "379", "labs_ident": "ECB379" } '),
(' { "codigo": "132991.0", "data acervo": "22/07/2020", "uuid": "de3549d2-6c76-11eb-8b81-5f92a7e6fc5a", "localizador": "none", "local coleta": "none", "armazenada": "Manaus", "local atual": "6882W223+2X", "sureg": "Manaus", "projeto": "4382", "coletor": "RM", "natureza": "S", "numero": "0032", "opcional": "(1)", "amostra": "4382-RM-S-0032(1)", "labs_letra": "ECB", "labs_numero": "380", "labs_ident": "ECB380" } '),
(' { "codigo": "132992.0", "data acervo": "22/07/2020", "uuid": "de35b098-6c76-11eb-a39a-6bbc84ef681e", "localizador": "none", "local coleta": "none", "armazenada": "Manaus", "local atual": "6882W223+2X", "sureg": "Manaus", "projeto": "4382", "coletor": "RM", "natureza": "S", "numero": "0032", "opcional": "(2)", "amostra": "4382-RM-S-0032(2)", "labs_letra": "ECB", "labs_numero": "381", "labs_ident": "ECB381" } '),
(' { "codigo": "132993.0", "data acervo": "22/07/2020", "uuid": "de362046-6c76-11eb-9f8a-e7b28a42beed", "localizador": "none", "local coleta": "none", "armazenada": "Manaus", "local atual": "6882W223+2X", "sureg": "Manaus", "projeto": "4382", "coletor": "RM", "natureza": "S", "numero": "0033", "amostra": "4382-RM-S-0033", "labs_letra": "ECB", "labs_numero": "382", "labs_ident": "ECB382" } '),
(' { "codigo": "132994.0", "data acervo": "22/07/2020", "uuid": "de368d92-6c76-11eb-8fad-c70c9dd6311e", "localizador": "none", "local coleta": "none", "armazenada": "Manaus", "local atual": "6882W223+2X", "sureg": "Manaus", "projeto": "4382", "coletor": "RM", "natureza": "S", "numero": "0034", "amostra": "4382-RM-S-0034", "labs_letra": "ECB", "labs_numero": "383", "labs_ident": "ECB383" } '),
(' { "codigo": "132995.0", "data acervo": "22/07/2020", "uuid": "de36f840-6c76-11eb-8d7e-1f537c9aae70", "localizador": "none", "local coleta": "none", "armazenada": "Manaus", "local atual": "6882W223+2X", "sureg": "Manaus", "projeto": "4382", "coletor": "RM", "natureza": "S", "numero": "0035", "amostra": "4382-RM-S-0035", "labs_letra": "ECB", "labs_numero": "384", "labs_ident": "ECB384" } '),
(' { "codigo": "132996.0", "data acervo": "22/07/2020", "uuid": "de376370-6c76-11eb-8d76-0f2cb0f9b51b", "localizador": "none", "local coleta": "none", "armazenada": "Manaus", "local atual": "6882W223+2X", "sureg": "Manaus", "projeto": "4382", "coletor": "RM", "natureza": "S", "numero": "0036", "amostra": "4382-RM-S-0036", "labs_letra": "ECB", "labs_numero": "385", "labs_ident": "ECB385" } '),
(' { "codigo": "132997.0", "data acervo": "22/07/2020", "uuid": "de37d120-6c76-11eb-92a6-234795f66d14", "localizador": "none", "local coleta": "none", "armazenada": "Manaus", "local atual": "6882W223+2X", "sureg": "Manaus", "projeto": "4382", "coletor": "RM", "natureza": "S", "numero": "0037", "amostra": "4382-RM-S-0037", "labs_letra": "ECB", "labs_numero": "386", "labs_ident": "ECB386" } '),
(' { "codigo": "132998.0", "data acervo": "22/07/2020", "uuid": "de383d22-6c76-11eb-8b85-231a19891b35", "localizador": "none", "local coleta": "none", "armazenada": "Manaus", "local atual": "6882W223+2X", "sureg": "Manaus", "projeto": "4382", "coletor": "RM", "natureza": "S", "numero": "0038", "amostra": "4382-RM-S-0038", "labs_letra": "ECB", "labs_numero": "387", "labs_ident": "ECB387" } '),
(' { "codigo": "132999.0", "data acervo": "22/07/2020", "uuid": "de389f60-6c76-11eb-a3d9-8b519e2e543f", "localizador": "none", "local coleta": "none", "armazenada": "Manaus", "local atual": "6882W223+2X", "sureg": "Manaus", "projeto": "4382", "coletor": "RM", "natureza": "S", "numero": "0039", "amostra": "4382-RM-S-0039", "labs_letra": "ECB", "labs_numero": "388", "labs_ident": "ECB388" } '),
(' { "codigo": "133000.0", "data acervo": "22/07/2020", "uuid": "de390b6c-6c76-11eb-8a3a-6b979bfda903", "localizador": "none", "local coleta": "none", "armazenada": "Manaus", "local atual": "6882W223+2X", "sureg": "Manaus", "projeto": "4382", "coletor": "RM", "natureza": "S", "numero": "0040", "amostra": "4382-RM-S-0040", "labs_letra": "ECB", "labs_numero": "389", "labs_ident": "ECB389" } '),
(' { "codigo": "133994.0", "data acervo": "22/07/2020", "uuid": "dfbac5ca-6c76-11eb-bbfc-fbb8bc431844", "localizador": "none", "local coleta": "none", "armazenada": "Manaus", "local atual": "6882W223+2X", "sureg": "Manaus", "projeto": "4382", "coletor": "HG", "natureza": "Z", "numero": "0005", "amostra": "4382-HG-Z-0005" } '),
(' { "codigo": "133995.0", "data acervo": "22/07/2020", "uuid": "dfbb24fc-6c76-11eb-a3bb-63e3c0ff51e6", "localizador": "none", "local coleta": "none", "armazenada": "Manaus", "local atual": "6882W223+2X", "sureg": "Manaus", "projeto": "4382", "coletor": "HG", "natureza": "Z", "numero": "0005", "amostra": "4382-HG-Z-0005", "granulometria": "2", "amostra_antigo": "HG - Z - 05 - 1/4", "notas1": "BATEIA" } '),
(' { "codigo": "133996.0", "data acervo": "22/07/2020", "uuid": "dfbb817c-6c76-11eb-b729-bb06a824893a", "localizador": "none", "local coleta": "none", "armazenada": "Manaus", "local atual": "6882W223+2X", "sureg": "Manaus", "projeto": "4382", "coletor": "HG", "natureza": "Z", "numero": "0005", "amostra": "4382-HG-Z-0005", "granulometria": "2", "amostra_antigo": "HG - Z - 05 - 1/8", "notas1": "BATEIA" } '),
(' { "codigo": "133997.0", "data acervo": "22/07/2020", "uuid": "dfbbe658-6c76-11eb-a731-7f9034a33463", "localizador": "none", "local coleta": "none", "armazenada": "Manaus", "local atual": "6882W223+2X", "sureg": "Manaus", "projeto": "4382", "coletor": "HG", "natureza": "Z", "numero": "0022", "amostra": "4382-HG-Z-0022" } '),
(' { "codigo": "133998.0", "data acervo": "22/07/2020", "uuid": "dfbc4f1c-6c76-11eb-9b8c-772c6aa7b30b", "localizador": "none", "local coleta": "none", "armazenada": "Manaus", "local atual": "6882W223+2X", "sureg": "Manaus", "projeto": "4382", "coletor": "HG", "natureza": "Z", "numero": "0023", "amostra": "4382-HG-Z-0023", "amostra_antigo": "HG - Z - 23 - 1/4 " } '),
